../Core/Src/motor.c:33:20:M_L1_signal_handler	0	static
../Core/Src/motor.c:36:20:M_L2_signal_handler	0	static
../Core/Src/motor.c:39:20:M_EDF_L1_signal_handler	0	static
../Core/Src/motor.c:42:20:M_R1_signal_handler	0	static
../Core/Src/motor.c:45:20:M_R2_signal_handler	0	static
../Core/Src/motor.c:48:20:M_EDF_R1_signal_handler	0	static
../Core/Src/motor.c:93:19:motor_init_all	32	static
../Core/Src/motor.c:128:19:motor_init_pwm	16	static
../Core/Src/motor.c:143:19:motor_init_dma_dshot	16	static
../Core/Src/motor.c:159:6:motor_start_all	16	static
../Core/Src/motor.c:168:13:get_start_throttle	0	static
../Core/Src/motor.c:179:6:motor_dshot	16	static
../Core/Src/motor.c:186:6:motor_pwm	16	static
../Core/Src/motor.c:210:13:get_started_motor	8	static
../Core/Src/motor.c:214:13:get_dma_dshot_motor	8	static
../Core/Src/motor.c:218:26:motor_deinit	8	static
../Core/Src/motor.c:226:17:get_M_L1	0	static
../Core/Src/motor.c:229:17:get_M_L2	0	static
../Core/Src/motor.c:232:17:get_M_EDF_L1	0	static
../Core/Src/motor.c:235:17:get_M_R1	0	static
../Core/Src/motor.c:238:17:get_M_R2	0	static
../Core/Src/motor.c:241:17:get_M_EDF_R1	0	static
