../Core/Src/servo.c:24:13:servo_signal_handler	0	static
../Core/Src/servo.c:71:13:servo_dma_error_callback	0	static
../Core/Src/servo.c:75:13:servo_dma_finishing_callback	8	static
../Core/Src/servo.c:109:13:servo_get_dma	8	static
../Core/Src/servo.c:113:13:servo_get_cruise	8	static
../Core/Src/servo.c:118:19:servo_init_vtol	24	static
../Core/Src/servo.c:128:19:servo_deinit	0	static
../Core/Src/servo.c:132:19:servo_cruise_vehicle	16	static
../Core/Src/servo.c:145:19:servo_vtol_vehicle	16	static
../Core/Src/servo.c:153:17:get_servo	0	static
