../Core/Src/stm32f4xx_it.c:75:6:NMI_Handler	0	static
../Core/Src/stm32f4xx_it.c:90:6:HardFault_Handler	0	static
../Core/Src/stm32f4xx_it.c:105:6:MemManage_Handler	0	static
../Core/Src/stm32f4xx_it.c:120:6:BusFault_Handler	0	static
../Core/Src/stm32f4xx_it.c:135:6:UsageFault_Handler	0	static
../Core/Src/stm32f4xx_it.c:150:6:SVC_Handler	0	static
../Core/Src/stm32f4xx_it.c:163:6:DebugMon_Handler	0	static
../Core/Src/stm32f4xx_it.c:176:6:PendSV_Handler	0	static
../Core/Src/stm32f4xx_it.c:189:6:SysTick_Handler	0	static
../Core/Src/stm32f4xx_it.c:210:6:DMA1_Stream4_IRQHandler	0	static
../Core/Src/stm32f4xx_it.c:224:6:TIM1_BRK_TIM9_IRQHandler	8	static
../Core/Src/stm32f4xx_it.c:239:6:TIM1_UP_TIM10_IRQHandler	8	static
../Core/Src/stm32f4xx_it.c:254:6:TIM1_TRG_COM_TIM11_IRQHandler	8	static
../Core/Src/stm32f4xx_it.c:269:6:TIM2_IRQHandler	0	static
../Core/Src/stm32f4xx_it.c:283:6:USART1_IRQHandler	0	static
