Archive member included to satisfy reference by file (symbol)

D:/BBB/stm32/STM32CubeIDE_1.13.2/STM32CubeIDE/plugins/com.st.stm32cube.ide.mcu.externaltools.gnu-tools-for-stm32.11.3.rel1.win32_1.1.1.202309131626/tools/bin/../lib/gcc/arm-none-eabi/11.3.1/../../../../arm-none-eabi/lib/thumb/v7e-m+fp/hard\libc_nano.a(libc_a-exit.o)
                              D:/BBB/stm32/STM32CubeIDE_1.13.2/STM32CubeIDE/plugins/com.st.stm32cube.ide.mcu.externaltools.gnu-tools-for-stm32.11.3.rel1.win32_1.1.1.202309131626/tools/bin/../lib/gcc/arm-none-eabi/11.3.1/../../../../arm-none-eabi/lib/thumb/v7e-m+fp/hard/crt0.o (exit)
D:/BBB/stm32/STM32CubeIDE_1.13.2/STM32CubeIDE/plugins/com.st.stm32cube.ide.mcu.externaltools.gnu-tools-for-stm32.11.3.rel1.win32_1.1.1.202309131626/tools/bin/../lib/gcc/arm-none-eabi/11.3.1/../../../../arm-none-eabi/lib/thumb/v7e-m+fp/hard\libc_nano.a(libc_a-malloc.o)
                              ./Core/Static_Src/bridge_common.o (malloc)
D:/BBB/stm32/STM32CubeIDE_1.13.2/STM32CubeIDE/plugins/com.st.stm32cube.ide.mcu.externaltools.gnu-tools-for-stm32.11.3.rel1.win32_1.1.1.202309131626/tools/bin/../lib/gcc/arm-none-eabi/11.3.1/../../../../arm-none-eabi/lib/thumb/v7e-m+fp/hard\libc_nano.a(libc_a-mallocr.o)
                              D:/BBB/stm32/STM32CubeIDE_1.13.2/STM32CubeIDE/plugins/com.st.stm32cube.ide.mcu.externaltools.gnu-tools-for-stm32.11.3.rel1.win32_1.1.1.202309131626/tools/bin/../lib/gcc/arm-none-eabi/11.3.1/../../../../arm-none-eabi/lib/thumb/v7e-m+fp/hard\libc_nano.a(libc_a-malloc.o) (_malloc_r)
D:/BBB/stm32/STM32CubeIDE_1.13.2/STM32CubeIDE/plugins/com.st.stm32cube.ide.mcu.externaltools.gnu-tools-for-stm32.11.3.rel1.win32_1.1.1.202309131626/tools/bin/../lib/gcc/arm-none-eabi/11.3.1/../../../../arm-none-eabi/lib/thumb/v7e-m+fp/hard\libc_nano.a(libc_a-mlock.o)
                              D:/BBB/stm32/STM32CubeIDE_1.13.2/STM32CubeIDE/plugins/com.st.stm32cube.ide.mcu.externaltools.gnu-tools-for-stm32.11.3.rel1.win32_1.1.1.202309131626/tools/bin/../lib/gcc/arm-none-eabi/11.3.1/../../../../arm-none-eabi/lib/thumb/v7e-m+fp/hard\libc_nano.a(libc_a-mallocr.o) (__malloc_lock)
D:/BBB/stm32/STM32CubeIDE_1.13.2/STM32CubeIDE/plugins/com.st.stm32cube.ide.mcu.externaltools.gnu-tools-for-stm32.11.3.rel1.win32_1.1.1.202309131626/tools/bin/../lib/gcc/arm-none-eabi/11.3.1/../../../../arm-none-eabi/lib/thumb/v7e-m+fp/hard\libc_nano.a(libc_a-ctype_.o)
                              ./Core/Static_Src/bridge_common.o (_ctype_)
D:/BBB/stm32/STM32CubeIDE_1.13.2/STM32CubeIDE/plugins/com.st.stm32cube.ide.mcu.externaltools.gnu-tools-for-stm32.11.3.rel1.win32_1.1.1.202309131626/tools/bin/../lib/gcc/arm-none-eabi/11.3.1/../../../../arm-none-eabi/lib/thumb/v7e-m+fp/hard\libc_nano.a(libc_a-findfp.o)
                              D:/BBB/stm32/STM32CubeIDE_1.13.2/STM32CubeIDE/plugins/com.st.stm32cube.ide.mcu.externaltools.gnu-tools-for-stm32.11.3.rel1.win32_1.1.1.202309131626/tools/bin/../lib/gcc/arm-none-eabi/11.3.1/../../../../arm-none-eabi/lib/thumb/v7e-m+fp/hard\libc_nano.a(libc_a-exit.o) (__stdio_exit_handler)
D:/BBB/stm32/STM32CubeIDE_1.13.2/STM32CubeIDE/plugins/com.st.stm32cube.ide.mcu.externaltools.gnu-tools-for-stm32.11.3.rel1.win32_1.1.1.202309131626/tools/bin/../lib/gcc/arm-none-eabi/11.3.1/../../../../arm-none-eabi/lib/thumb/v7e-m+fp/hard\libc_nano.a(libc_a-fwalk.o)
                              D:/BBB/stm32/STM32CubeIDE_1.13.2/STM32CubeIDE/plugins/com.st.stm32cube.ide.mcu.externaltools.gnu-tools-for-stm32.11.3.rel1.win32_1.1.1.202309131626/tools/bin/../lib/gcc/arm-none-eabi/11.3.1/../../../../arm-none-eabi/lib/thumb/v7e-m+fp/hard\libc_nano.a(libc_a-findfp.o) (_fwalk_sglue)
D:/BBB/stm32/STM32CubeIDE_1.13.2/STM32CubeIDE/plugins/com.st.stm32cube.ide.mcu.externaltools.gnu-tools-for-stm32.11.3.rel1.win32_1.1.1.202309131626/tools/bin/../lib/gcc/arm-none-eabi/11.3.1/../../../../arm-none-eabi/lib/thumb/v7e-m+fp/hard\libc_nano.a(libc_a-stdio.o)
                              D:/BBB/stm32/STM32CubeIDE_1.13.2/STM32CubeIDE/plugins/com.st.stm32cube.ide.mcu.externaltools.gnu-tools-for-stm32.11.3.rel1.win32_1.1.1.202309131626/tools/bin/../lib/gcc/arm-none-eabi/11.3.1/../../../../arm-none-eabi/lib/thumb/v7e-m+fp/hard\libc_nano.a(libc_a-findfp.o) (__sread)
D:/BBB/stm32/STM32CubeIDE_1.13.2/STM32CubeIDE/plugins/com.st.stm32cube.ide.mcu.externaltools.gnu-tools-for-stm32.11.3.rel1.win32_1.1.1.202309131626/tools/bin/../lib/gcc/arm-none-eabi/11.3.1/../../../../arm-none-eabi/lib/thumb/v7e-m+fp/hard\libc_nano.a(libc_a-memmove.o)
                              ./Core/Src/imu.o (memmove)
D:/BBB/stm32/STM32CubeIDE_1.13.2/STM32CubeIDE/plugins/com.st.stm32cube.ide.mcu.externaltools.gnu-tools-for-stm32.11.3.rel1.win32_1.1.1.202309131626/tools/bin/../lib/gcc/arm-none-eabi/11.3.1/../../../../arm-none-eabi/lib/thumb/v7e-m+fp/hard\libc_nano.a(libc_a-memset.o)
[...]
Memory Configuration

Name             Origin             Length             Attributes
RAM              0x0000000020000000 0x0000000000020000 xrw
FLASH            0x0000000008000000 0x0000000000040000 xr
*default*        0x0000000000000000 0xffffffffffffffff

Linker script and memory map

LOAD D:/BBB/stm32/STM32CubeIDE_1.13.2/STM32CubeIDE/plugins/com.st.stm32cube.ide.mcu.externaltools.gnu-tools-for-stm32.11.3.rel1.win32_1.1.1.202309131626/tools/bin/../lib/gcc/arm-none-eabi/11.3.1/thumb/v7e-m+fp/hard/crti.o
LOAD D:/BBB/stm32/STM32CubeIDE_1.13.2/STM32CubeIDE/plugins/com.st.stm32cube.ide.mcu.externaltools.gnu-tools-for-stm32.11.3.rel1.win32_1.1.1.202309131626/tools/bin/../lib/gcc/arm-none-eabi/11.3.1/thumb/v7e-m+fp/hard/crtbegin.o
LOAD D:/BBB/stm32/STM32CubeIDE_1.13.2/STM32CubeIDE/plugins/com.st.stm32cube.ide.mcu.externaltools.gnu-tools-for-stm32.11.3.rel1.win32_1.1.1.202309131626/tools/bin/../lib/gcc/arm-none-eabi/11.3.1/../../../../arm-none-eabi/lib/thumb/v7e-m+fp/hard/crt0.o
LOAD ./Core/Src/ahrs.o
LOAD ./Core/Src/bridge.o
LOAD ./Core/Src/calibration.o
LOAD ./Core/Src/dma.o
LOAD ./Core/Src/flight_control.o
LOAD ./Core/Src/gpio.o
LOAD ./Core/Src/i2c.o
LOAD ./Core/Src/imu.o
LOAD ./Core/Src/main.o
LOAD ./Core/Src/motor.o
LOAD ./Core/Src/remote_control.o
LOAD ./Core/Src/servo.o
LOAD ./Core/Src/stm32f4xx_hal_msp.o
LOAD ./Core/Src/stm32f4xx_it.o
LOAD ./Core/Src/system_stm32f4xx.o
LOAD ./Core/Src/tim.o
LOAD ./Core/Src/usart.o
LOAD ./Core/Startup/startup_stm32f411ccux.o
LOAD ./Core/Static_Src/ahrs_common.o
LOAD ./Core/Static_Src/basic_math.o
LOAD ./Core/Static_Src/bmi160.o
LOAD ./Core/Static_Src/bridge_common.o
LOAD ./Core/Static_Src/drone.o
LOAD ./Core/Static_Src/init.o
LOAD ./Core/Static_Src/quaternion.o
LOAD ./Core/Static_Src/queue.o
LOAD ./Core/Static_Src/syscalls.o
LOAD ./Core/Static_Src/sysmem.o
LOAD ./Drivers/STM32F4xx_HAL_Driver/Src/stm32f4xx_hal.o
LOAD ./Drivers/STM32F4xx_HAL_Driver/Src/stm32f4xx_hal_cortex.o
LOAD ./Drivers/STM32F4xx_HAL_Driver/Src/stm32f4xx_hal_dma.o
LOAD ./Drivers/STM32F4xx_HAL_Driver/Src/stm32f4xx_hal_dma_ex.o
LOAD ./Drivers/STM32F4xx_HAL_Driver/Src/stm32f4xx_hal_exti.o
LOAD ./Drivers/STM32F4xx_HAL_Driver/Src/stm32f4xx_hal_flash.o
LOAD ./Drivers/STM32F4xx_HAL_Driver/Src/stm32f4xx_hal_flash_ex.o
LOAD ./Drivers/STM32F4xx_HAL_Driver/Src/stm32f4xx_hal_flash_ramfunc.o
LOAD ./Drivers/STM32F4xx_HAL_Driver/Src/stm32f4xx_hal_gpio.o
LOAD ./Drivers/STM32F4xx_HAL_Driver/Src/stm32f4xx_hal_i2c.o
LOAD ./Drivers/STM32F4xx_HAL_Driver/Src/stm32f4xx_hal_i2c_ex.o
LOAD ./Drivers/STM32F4xx_HAL_Driver/Src/stm32f4xx_hal_pwr.o
LOAD ./Drivers/STM32F4xx_HAL_Driver/Src/stm32f4xx_hal_pwr_ex.o
LOAD ./Drivers/STM32F4xx_HAL_Driver/Src/stm32f4xx_hal_rcc.o
LOAD ./Drivers/STM32F4xx_HAL_Driver/Src/stm32f4xx_hal_rcc_ex.o
LOAD ./Drivers/STM32F4xx_HAL_Driver/Src/stm32f4xx_hal_tim.o
LOAD ./Drivers/STM32F4xx_HAL_Driver/Src/stm32f4xx_hal_tim_ex.o
LOAD ./Drivers/STM32F4xx_HAL_Driver/Src/stm32f4xx_hal_uart.o
START GROUP
LOAD D:/BBB/stm32/STM32CubeIDE_1.13.2/STM32CubeIDE/plugins/com.st.stm32cube.ide.mcu.externaltools.gnu-tools-for-stm32.11.3.rel1.win32_1.1.1.202309131626/tools/bin/../lib/gcc/arm-none-eabi/11.3.1/../../../../arm-none-eabi/lib/thumb/v7e-m+fp/hard\libc_nano.a
LOAD D:/BBB/stm32/STM32CubeIDE_1.13.2/STM32CubeIDE/plugins/com.st.stm32cube.ide.mcu.externaltools.gnu-tools-for-stm32.11.3.rel1.win32_1.1.1.202309131626/tools/bin/../lib/gcc/arm-none-eabi/11.3.1/../../../../arm-none-eabi/lib/thumb/v7e-m+fp/hard\libm.a
END GROUP
START GROUP
LOAD D:/BBB/stm32/STM32CubeIDE_1.13.2/STM32CubeIDE/plugins/com.st.stm32cube.ide.mcu.externaltools.gnu-tools-for-stm32.11.3.rel1.win32_1.1.1.202309131626/tools/bin/../lib/gcc/arm-none-eabi/11.3.1/thumb/v7e-m+fp/hard\libgcc.a
LOAD D:/BBB/stm32/STM32CubeIDE_1.13.2/STM32CubeIDE/plugins/com.st.stm32cube.ide.mcu.externaltools.gnu-tools-for-stm32.11.3.rel1.win32_1.1.1.202309131626/tools/bin/../lib/gcc/arm-none-eabi/11.3.1/../../../../arm-none-eabi/lib/thumb/v7e-m+fp/hard\libc_nano.a
END GROUP
START GROUP
LOAD D:/BBB/stm32/STM32CubeIDE_1.13.2/STM32CubeIDE/plugins/com.st.stm32cube.ide.mcu.externaltools.gnu-tools-for-stm32.11.3.rel1.win32_1.1.1.202309131626/tools/bin/../lib/gcc/arm-none-eabi/11.3.1/thumb/v7e-m+fp/hard\libgcc.a
LOAD D:/BBB/stm32/STM32CubeIDE_1.13.2/STM32CubeIDE/plugins/com.st.stm32cube.ide.mcu.externaltools.gnu-tools-for-stm32.11.3.rel1.win32_1.1.1.202309131626/tools/bin/../lib/gcc/arm-none-eabi/11.3.1/../../../../arm-none-eabi/lib/thumb/v7e-m+fp/hard\libc_nano.a
LOAD D:/BBB/stm32/STM32CubeIDE_1.13.2/STM32CubeIDE/plugins/com.st.stm32cube.ide.mcu.externaltools.gnu-tools-for-stm32.11.3.rel1.win32_1.1.1.202309131626/tools/bin/../lib/gcc/arm-none-eabi/11.3.1/../../../../arm-none-eabi/lib/thumb/v7e-m+fp/hard\libnosys.a
END GROUP
START GROUP
LOAD D:/BBB/stm32/STM32CubeIDE_1.13.2/STM32CubeIDE/plugins/com.st.stm32cube.ide.mcu.externaltools.gnu-tools-for-stm32.11.3.rel1.win32_1.1.1.202309131626/tools/bin/../lib/gcc/arm-none-eabi/11.3.1/thumb/v7e-m+fp/hard\libgcc.a
LOAD D:/BBB/stm32/STM32CubeIDE_1.13.2/STM32CubeIDE/plugins/com.st.stm32cube.ide.mcu.externaltools.gnu-tools-for-stm32.11.3.rel1.win32_1.1.1.202309131626/tools/bin/../lib/gcc/arm-none-eabi/11.3.1/../../../../arm-none-eabi/lib/thumb/v7e-m+fp/hard\libc_nano.a
LOAD D:/BBB/stm32/STM32CubeIDE_1.13.2/STM32CubeIDE/plugins/com.st.stm32cube.ide.mcu.externaltools.gnu-tools-for-stm32.11.3.rel1.win32_1.1.1.202309131626/tools/bin/../lib/gcc/arm-none-eabi/11.3.1/../../../../arm-none-eabi/lib/thumb/v7e-m+fp/hard\libnosys.a
END GROUP
LOAD D:/BBB/stm32/STM32CubeIDE_1.13.2/STM32CubeIDE/plugins/com.st.stm32cube.ide.mcu.externaltools.gnu-tools-for-stm32.11.3.rel1.win32_1.1.1.202309131626/tools/bin/../lib/gcc/arm-none-eabi/11.3.1/thumb/v7e-m+fp/hard/crtend.o
LOAD D:/BBB/stm32/STM32CubeIDE_1.13.2/STM32CubeIDE/plugins/com.st.stm32cube.ide.mcu.externaltools.gnu-tools-for-stm32.11.3.rel1.win32_1.1.1.202309131626/tools/bin/../lib/gcc/arm-none-eabi/11.3.1/thumb/v7e-m+fp/hard/crtn.o
                0x0000000020020000                _estack = (ORIGIN (RAM) + LENGTH (RAM))
                0x0000000000000200                _Min_Heap_Size = 0x200
                0x0000000000000400                _Min_Stack_Size = 0x400

.isr_vector     0x0000000008000000      0x198
                0x0000000008000000                . = ALIGN (0x4)
 *(.isr_vector)
 .isr_vector    0x0000000008000000      0x198 ./Core/Startup/startup_stm32f411ccux.o
                0x0000000008000000                g_pfnVectors
                0x0000000008000198                . = ALIGN (0x4)

.text           0x0000000008000198     0x4c20
                0x0000000008000198                . = ALIGN (0x4)
 *(.text)
 .text          0x0000000008000198       0x40 D:/BBB/stm32/STM32CubeIDE_1.13.2/STM32CubeIDE/plugins/com.st.stm32cube.ide.mcu.externaltools.gnu-tools-for-stm32.11.3.rel1.win32_1.1.1.202309131626/tools/bin/../lib/gcc/arm-none-eabi/11.3.1/thumb/v7e-m+fp/hard/crtbegin.o
 .text          0x00000000080001d8       0x10 D:/BBB/stm32/STM32CubeIDE_1.13.2/STM32CubeIDE/plugins/com.st.stm32cube.ide.mcu.externaltools.gnu-tools-for-stm32.11.3.rel1.win32_1.1.1.202309131626/tools/bin/../lib/gcc/arm-none-eabi/11.3.1/../../../../arm-none-eabi/lib/thumb/v7e-m+fp/hard\libc_nano.a(libc_a-strlen.o)
                0x00000000080001d8                strlen
 .text          0x00000000080001e8       0x30 D:/BBB/stm32/STM32CubeIDE_1.13.2/STM32CubeIDE/plugins/com.st.stm32cube.ide.mcu.externaltools.gnu-tools-for-stm32.11.3.rel1.win32_1.1.1.202309131626/tools/bin/../lib/gcc/arm-none-eabi/11.3.1/thumb/v7e-m+fp/hard\libgcc.a(_aeabi_uldivmod.o)
                0x00000000080001e8                __aeabi_uldivmod
 .text          0x0000000008000218      0x2c8 D:/BBB/stm32/STM32CubeIDE_1.13.2/STM32CubeIDE/plugins/com.st.stm32cube.ide.mcu.externaltools.gnu-tools-for-stm32.11.3.rel1.win32_1.1.1.202309131626/tools/bin/../lib/gcc/arm-none-eabi/11.3.1/thumb/v7e-m+fp/hard\libgcc.a(_udivmoddi4.o)
                0x0000000008000218                __udivmoddi4
 .text          0x00000000080004e0        0x4 D:/BBB/stm32/STM32CubeIDE_1.13.2/STM32CubeIDE/plugins/com.st.stm32cube.ide.mcu.externaltools.gnu-tools-for-stm32.11.3.rel1.win32_1.1.1.202309131626/tools/bin/../lib/gcc/arm-none-eabi/11.3.1/thumb/v7e-m+fp/hard\libgcc.a(_dvmd_tls.o)
                0x00000000080004e0                __aeabi_idiv0
                0x00000000080004e0                __aeabi_ldiv0
 *(.text*)
 .text.receive  0x00000000080004e4       0x10 ./Core/Src/bridge.o
 .text.transmit
                0x00000000080004f4       0x28 ./Core/Src/bridge.o
 .text.bridge_rc_motor_rx_callback
                0x000000000800051c       0x64 ./Core/Src/bridge.o
 .text.bridge_signal_transmit_handler
                0x0000000008000580       0x38 ./Core/Src/bridge.o
 .text.bridge_signal_receive_handler
                0x00000000080005b8       0x38 ./Core/Src/bridge.o
 .text.bridge_init
                0x00000000080005f0       0x50 ./Core/Src/bridge.o
                0x00000000080005f0                bridge_init
 .text.MX_DMA_Init
                0x0000000008000640       0x34 ./Core/Src/dma.o
                0x0000000008000640                MX_DMA_Init
 .text.flight_recovery
                0x0000000008000674        0x4 ./Core/Src/flight_control.o
                0x0000000008000674                flight_recovery
 .text.MX_GPIO_Init
                0x0000000008000678       0x38 ./Core/Src/gpio.o
                0x0000000008000678                MX_GPIO_Init
 .text.MX_I2C1_Init
                0x00000000080006b0       0x3c ./Core/Src/i2c.o
                0x00000000080006b0                MX_I2C1_Init
 .text.HAL_I2C_MspInit
                0x00000000080006ec       0x70 ./Core/Src/i2c.o
                0x00000000080006ec                HAL_I2C_MspInit
 .text.imu_delay_ms
                0x000000000800075c        0x4 ./Core/Src/imu.o
                0x000000000800075c                imu_delay_ms
 .text.imu_i2c_read
                0x0000000008000760       0x54 ./Core/Src/imu.o
                0x0000000008000760                imu_i2c_read
 .text.imu_i2c_write
                0x00000000080007b4       0x4c ./Core/Src/imu.o
                0x00000000080007b4                imu_i2c_write
 .text.imu_init
                0x0000000008000800       0x7c ./Core/Src/imu.o
                0x0000000008000800                imu_init
 .text.get_imu  0x000000000800087c        0x8 ./Core/Src/imu.o
                0x000000000800087c                get_imu
 .text.SystemClock_Config
                0x0000000008000884       0x9c ./Core/Src/main.o
                0x0000000008000884                SystemClock_Config
 .text.startup.main
                0x0000000008000920       0x6c ./Core/Src/main.o
                0x0000000008000920                main
 .text.Error_Handler
                0x000000000800098c        0x4 ./Core/Src/main.o
                0x000000000800098c                Error_Handler
 .text.rc_yaw_callback
                0x0000000008000990       0xb4 ./Core/Src/remote_control.o
                0x0000000008000990                rc_yaw_callback
 .text.rc_pitch_callback
                0x0000000008000a44       0x9c ./Core/Src/remote_control.o
                0x0000000008000a44                rc_pitch_callback
 .text.rc_roll_callback
                0x0000000008000ae0       0xa0 ./Core/Src/remote_control.o
                0x0000000008000ae0                rc_roll_callback
 .text.rc_calculate
                0x0000000008000b80       0x88 ./Core/Src/remote_control.o
                0x0000000008000b80                rc_calculate
 .text.rc_throttle_gear_speed_callback
                0x0000000008000c08       0x68 ./Core/Src/remote_control.o
                0x0000000008000c08                rc_throttle_gear_speed_callback
 .text.rc_init_all
                0x0000000008000c70      0x168 ./Core/Src/remote_control.o
                0x0000000008000c70                rc_init_all
 .text.HAL_MspInit
                0x0000000008000dd8       0x38 ./Core/Src/stm32f4xx_hal_msp.o
                0x0000000008000dd8                HAL_MspInit
 .text.NMI_Handler
                0x0000000008000e10        0x4 ./Core/Src/stm32f4xx_it.o
                0x0000000008000e10                NMI_Handler
 .text.HardFault_Handler
                0x0000000008000e14        0x4 ./Core/Src/stm32f4xx_it.o
                0x0000000008000e14                HardFault_Handler
 .text.MemManage_Handler
                0x0000000008000e18        0x4 ./Core/Src/stm32f4xx_it.o
                0x0000000008000e18                MemManage_Handler
 .text.BusFault_Handler
                0x0000000008000e1c        0x4 ./Core/Src/stm32f4xx_it.o
                0x0000000008000e1c                BusFault_Handler
 .text.UsageFault_Handler
                0x0000000008000e20        0x4 ./Core/Src/stm32f4xx_it.o
                0x0000000008000e20                UsageFault_Handler
 .text.SVC_Handler
                0x0000000008000e24        0x4 ./Core/Src/stm32f4xx_it.o
                0x0000000008000e24                SVC_Handler
 .text.DebugMon_Handler
                0x0000000008000e28        0x4 ./Core/Src/stm32f4xx_it.o
                0x0000000008000e28                DebugMon_Handler
 .text.PendSV_Handler
                0x0000000008000e2c        0x4 ./Core/Src/stm32f4xx_it.o
                0x0000000008000e2c                PendSV_Handler
 .text.SysTick_Handler
                0x0000000008000e30        0x4 ./Core/Src/stm32f4xx_it.o
                0x0000000008000e30                SysTick_Handler
 .text.DMA1_Stream4_IRQHandler
                0x0000000008000e34        0xc ./Core/Src/stm32f4xx_it.o
                0x0000000008000e34                DMA1_Stream4_IRQHandler
 .text.TIM1_BRK_TIM9_IRQHandler
                0x0000000008000e40       0x1c ./Core/Src/stm32f4xx_it.o
                0x0000000008000e40                TIM1_BRK_TIM9_IRQHandler
 .text.TIM1_UP_TIM10_IRQHandler
                0x0000000008000e5c       0x1c ./Core/Src/stm32f4xx_it.o
                0x0000000008000e5c                TIM1_UP_TIM10_IRQHandler
 .text.TIM1_TRG_COM_TIM11_IRQHandler
                0x0000000008000e78       0x1c ./Core/Src/stm32f4xx_it.o
                0x0000000008000e78                TIM1_TRG_COM_TIM11_IRQHandler
 .text.TIM2_IRQHandler
                0x0000000008000e94        0xc ./Core/Src/stm32f4xx_it.o
                0x0000000008000e94                TIM2_IRQHandler
 .text.USART1_IRQHandler
                0x0000000008000ea0        0xc ./Core/Src/stm32f4xx_it.o
                0x0000000008000ea0                USART1_IRQHandler
 .text.SystemInit
                0x0000000008000eac       0x14 ./Core/Src/system_stm32f4xx.o
                0x0000000008000eac                SystemInit
 .text.MX_TIM2_Init
                0x0000000008000ec0       0xa4 ./Core/Src/tim.o
                0x0000000008000ec0                MX_TIM2_Init
 *fill*         0x0000000008000f64        0x4 
 .text.MX_TIM3_Init
                0x0000000008000f68      0x140 ./Core/Src/tim.o
                0x0000000008000f68                MX_TIM3_Init
 .text.MX_TIM9_Init
                0x00000000080010a8       0x78 ./Core/Src/tim.o
                0x00000000080010a8                MX_TIM9_Init
 .text.MX_TIM10_Init
                0x0000000008001120       0x90 ./Core/Src/tim.o
                0x0000000008001120                MX_TIM10_Init
 .text.MX_TIM11_Init
                0x00000000080011b0       0x90 ./Core/Src/tim.o
                0x00000000080011b0                MX_TIM11_Init
 .text.HAL_TIM_PWM_MspInit
                0x0000000008001240      0x10c ./Core/Src/tim.o
                0x0000000008001240                HAL_TIM_PWM_MspInit
 .text.HAL_TIM_IC_MspInit
                0x000000000800134c      0x114 ./Core/Src/tim.o
                0x000000000800134c                HAL_TIM_IC_MspInit
 .text.HAL_TIM_Base_MspInit
                0x0000000008001460       0xec ./Core/Src/tim.o
                0x0000000008001460                HAL_TIM_Base_MspInit
 *fill*         0x000000000800154c        0x4 
 .text.HAL_TIM_MspPostInit
                0x0000000008001550      0x104 ./Core/Src/tim.o
                0x0000000008001550                HAL_TIM_MspPostInit
 *fill*         0x0000000008001654        0x4 
 .text.MX_TIM1_Init
                0x0000000008001658      0x108 ./Core/Src/tim.o
                0x0000000008001658                MX_TIM1_Init
 .text.MX_TIM5_Init
                0x0000000008001760       0xb0 ./Core/Src/tim.o
                0x0000000008001760                MX_TIM5_Init
 .text.MX_USART1_UART_Init
                0x0000000008001810       0x38 ./Core/Src/usart.o
                0x0000000008001810                MX_USART1_UART_Init
 .text.HAL_UART_MspInit
                0x0000000008001848       0xac ./Core/Src/usart.o
                0x0000000008001848                HAL_UART_MspInit
 .text.Reset_Handler
                0x00000000080018f4       0x50 ./Core/Startup/startup_stm32f411ccux.o
                0x00000000080018f4                Reset_Handler
 .text.Default_Handler
                0x0000000008001944        0x2 ./Core/Startup/startup_stm32f411ccux.o
                0x0000000008001944                RTC_Alarm_IRQHandler
                0x0000000008001944                EXTI2_IRQHandler
                0x0000000008001944                SPI4_IRQHandler
                0x0000000008001944                TIM1_CC_IRQHandler
                0x0000000008001944                DMA2_Stream5_IRQHandler
                0x0000000008001944                DMA1_Stream5_IRQHandler
                0x0000000008001944                PVD_IRQHandler
                0x0000000008001944                SDIO_IRQHandler
                0x0000000008001944                TAMP_STAMP_IRQHandler
                0x0000000008001944                EXTI3_IRQHandler
                0x0000000008001944                I2C3_ER_IRQHandler
                0x0000000008001944                EXTI0_IRQHandler
                0x0000000008001944                I2C2_EV_IRQHandler
                0x0000000008001944                DMA1_Stream2_IRQHandler
                0x0000000008001944                FPU_IRQHandler
                0x0000000008001944                DMA2_Stream2_IRQHandler
                0x0000000008001944                SPI1_IRQHandler
                0x0000000008001944                DMA2_Stream3_IRQHandler
                0x0000000008001944                USART6_IRQHandler
                0x0000000008001944                DMA2_Stream0_IRQHandler
                0x0000000008001944                TIM4_IRQHandler
                0x0000000008001944                I2C1_EV_IRQHandler
                0x0000000008001944                DMA1_Stream6_IRQHandler
                0x0000000008001944                DMA1_Stream1_IRQHandler
                0x0000000008001944                TIM3_IRQHandler
                0x0000000008001944                RCC_IRQHandler
                0x0000000008001944                Default_Handler
                0x0000000008001944                EXTI15_10_IRQHandler
                0x0000000008001944                ADC_IRQHandler
                0x0000000008001944                DMA1_Stream7_IRQHandler
                0x0000000008001944                SPI5_IRQHandler
                0x0000000008001944                TIM5_IRQHandler
                0x0000000008001944                DMA2_Stream7_IRQHandler
                0x0000000008001944                I2C3_EV_IRQHandler
                0x0000000008001944                EXTI9_5_IRQHandler
                0x0000000008001944                RTC_WKUP_IRQHandler
                0x0000000008001944                SPI2_IRQHandler
                0x0000000008001944                DMA1_Stream0_IRQHandler
                0x0000000008001944                EXTI4_IRQHandler
                0x0000000008001944                WWDG_IRQHandler
                0x0000000008001944                OTG_FS_WKUP_IRQHandler
                0x0000000008001944                EXTI1_IRQHandler
                0x0000000008001944                USART2_IRQHandler
                0x0000000008001944                I2C2_ER_IRQHandler
                0x0000000008001944                DMA2_Stream1_IRQHandler
                0x0000000008001944                FLASH_IRQHandler
                0x0000000008001944                DMA2_Stream4_IRQHandler
                0x0000000008001944                OTG_FS_IRQHandler
                0x0000000008001944                SPI3_IRQHandler
                0x0000000008001944                I2C1_ER_IRQHandler
                0x0000000008001944                DMA2_Stream6_IRQHandler
                0x0000000008001944                DMA1_Stream3_IRQHandler
 *fill*         0x0000000008001946        0x2 
 .text.bmi160_set_regs.constprop.0
                0x0000000008001948       0x3c ./Core/Static_Src/bmi160.o
 .text.bmi160_set_regs
                0x0000000008001984       0x84 ./Core/Static_Src/bmi160.o
                0x0000000008001984                bmi160_set_regs
 .text.bmi160_soft_reset
                0x0000000008001a08       0x68 ./Core/Static_Src/bmi160.o
                0x0000000008001a08                bmi160_soft_reset
 .text.bmi160_init
                0x0000000008001a70       0x9c ./Core/Static_Src/bmi160.o
                0x0000000008001a70                bmi160_init
 .text.bmi160_set_power_mode
                0x0000000008001b0c      0x13c ./Core/Static_Src/bmi160.o
                0x0000000008001b0c                bmi160_set_power_mode
 .text.bmi160_set_sens_conf
                0x0000000008001c48      0x1b8 ./Core/Static_Src/bmi160.o
                0x0000000008001c48                bmi160_set_sens_conf
 .text.bridge_validate_data
                0x0000000008001e00       0x14 ./Core/Static_Src/bridge_common.o
                0x0000000008001e00                bridge_validate_data
 .text.bridge_format_string
                0x0000000008001e14       0x74 ./Core/Static_Src/bridge_common.o
                0x0000000008001e14                bridge_format_string
 .text.bridge_get_transmit_sigint
                0x0000000008001e88        0x8 ./Core/Static_Src/bridge_common.o
                0x0000000008001e88                bridge_get_transmit_sigint
 .text.bridge_get_receive_sigint
                0x0000000008001e90        0x8 ./Core/Static_Src/bridge_common.o
                0x0000000008001e90                bridge_get_receive_sigint
 .text.get_throttle_queue_rc
                0x0000000008001e98        0x8 ./Core/Static_Src/drone.o
                0x0000000008001e98                get_throttle_queue_rc
 .text.get_pitch_queue_rc
                0x0000000008001ea0        0x8 ./Core/Static_Src/drone.o
                0x0000000008001ea0                get_pitch_queue_rc
 .text.get_roll_queue_rc
                0x0000000008001ea8        0x8 ./Core/Static_Src/drone.o
                0x0000000008001ea8                get_roll_queue_rc
 .text.get_yaw_queue_rc
                0x0000000008001eb0        0x8 ./Core/Static_Src/drone.o
                0x0000000008001eb0                get_yaw_queue_rc
 .text.get_gear_queue_rc
                0x0000000008001eb8        0x8 ./Core/Static_Src/drone.o
                0x0000000008001eb8                get_gear_queue_rc
 .text.get_speed_queue_rc
                0x0000000008001ec0        0x8 ./Core/Static_Src/drone.o
                0x0000000008001ec0                get_speed_queue_rc
 .text.get_memory_order
                0x0000000008001ec8        0x8 ./Core/Static_Src/init.o
                0x0000000008001ec8                get_memory_order
 .text.pre_init
                0x0000000008001ed0       0x18 ./Core/Static_Src/init.o
                0x0000000008001ed0                pre_init
 .text.queue_enqueue
                0x0000000008001ee8       0x3c ./Core/Static_Src/queue.o
                0x0000000008001ee8                queue_enqueue
 .text._getpid  0x0000000008001f24        0x4 ./Core/Static_Src/syscalls.o
                0x0000000008001f24                _getpid
 .text._kill    0x0000000008001f28       0x10 ./Core/Static_Src/syscalls.o
                0x0000000008001f28                _kill
 .text._sbrk    0x0000000008001f38       0x44 ./Core/Static_Src/sysmem.o
                0x0000000008001f38                _sbrk
 .text.HAL_InitTick
                0x0000000008001f7c       0x48 ./Drivers/STM32F4xx_HAL_Driver/Src/stm32f4xx_hal.o
                0x0000000008001f7c                HAL_InitTick
 .text.HAL_Init
                0x0000000008001fc4       0x34 ./Drivers/STM32F4xx_HAL_Driver/Src/stm32f4xx_hal.o
                0x0000000008001fc4                HAL_Init
 .text.HAL_IncTick
                0x0000000008001ff8       0x18 ./Drivers/STM32F4xx_HAL_Driver/Src/stm32f4xx_hal.o
                0x0000000008001ff8                HAL_IncTick
 .text.HAL_GetTick
                0x0000000008002010        0xc ./Drivers/STM32F4xx_HAL_Driver/Src/stm32f4xx_hal.o
                0x0000000008002010                HAL_GetTick
 .text.HAL_Delay
                0x000000000800201c       0x24 ./Drivers/STM32F4xx_HAL_Driver/Src/stm32f4xx_hal.o
                0x000000000800201c                HAL_Delay
 .text.HAL_NVIC_SetPriorityGrouping
                0x0000000008002040       0x24 ./Drivers/STM32F4xx_HAL_Driver/Src/stm32f4xx_hal_cortex.o
                0x0000000008002040                HAL_NVIC_SetPriorityGrouping
 .text.HAL_NVIC_SetPriority
                0x0000000008002064       0x7c ./Drivers/STM32F4xx_HAL_Driver/Src/stm32f4xx_hal_cortex.o
                0x0000000008002064                HAL_NVIC_SetPriority
 .text.HAL_NVIC_EnableIRQ
                0x00000000080020e0       0x1c ./Drivers/STM32F4xx_HAL_Driver/Src/stm32f4xx_hal_cortex.o
                0x00000000080020e0                HAL_NVIC_EnableIRQ
 .text.HAL_SYSTICK_Config
                0x00000000080020fc       0x34 ./Drivers/STM32F4xx_HAL_Driver/Src/stm32f4xx_hal_cortex.o
                0x00000000080020fc                HAL_SYSTICK_Config
 .text.HAL_DMA_Init
                0x0000000008002130      0x130 ./Drivers/STM32F4xx_HAL_Driver/Src/stm32f4xx_hal_dma.o
                0x0000000008002130                HAL_DMA_Init
 .text.HAL_DMA_Abort
                0x0000000008002260       0x94 ./Drivers/STM32F4xx_HAL_Driver/Src/stm32f4xx_hal_dma.o
                0x0000000008002260                HAL_DMA_Abort
 .text.HAL_DMA_Abort_IT
                0x00000000080022f4       0x24 ./Drivers/STM32F4xx_HAL_Driver/Src/stm32f4xx_hal_dma.o
                0x00000000080022f4                HAL_DMA_Abort_IT
 .text.HAL_DMA_IRQHandler
                0x0000000008002318      0x1ac ./Drivers/STM32F4xx_HAL_Driver/Src/stm32f4xx_hal_dma.o
                0x0000000008002318                HAL_DMA_IRQHandler
 .text.HAL_GPIO_Init
                0x00000000080024c4      0x1e8 ./Drivers/STM32F4xx_HAL_Driver/Src/stm32f4xx_hal_gpio.o
                0x00000000080024c4                HAL_GPIO_Init
 .text.HAL_GPIO_ReadPin
                0x00000000080026ac        0xc ./Drivers/STM32F4xx_HAL_Driver/Src/stm32f4xx_hal_gpio.o
                0x00000000080026ac                HAL_GPIO_ReadPin
 .text.HAL_I2C_Init
                0x00000000080026b8      0x190 ./Drivers/STM32F4xx_HAL_Driver/Src/stm32f4xx_hal_i2c.o
                0x00000000080026b8                HAL_I2C_Init
 .text.HAL_I2C_Master_Transmit
                0x0000000008002848      0x320 ./Drivers/STM32F4xx_HAL_Driver/Src/stm32f4xx_hal_i2c.o
                0x0000000008002848                HAL_I2C_Master_Transmit
 .text.HAL_I2C_Master_Receive
                0x0000000008002b68      0x4e0 ./Drivers/STM32F4xx_HAL_Driver/Src/stm32f4xx_hal_i2c.o
                0x0000000008002b68                HAL_I2C_Master_Receive
 .text.HAL_RCC_OscConfig
                0x0000000008003048      0x3c8 ./Drivers/STM32F4xx_HAL_Driver/Src/stm32f4xx_hal_rcc.o
                0x0000000008003048                HAL_RCC_OscConfig
 .text.HAL_RCC_GetSysClockFreq
                0x0000000008003410       0x68 ./Drivers/STM32F4xx_HAL_Driver/Src/stm32f4xx_hal_rcc.o
                0x0000000008003410                HAL_RCC_GetSysClockFreq
 .text.HAL_RCC_ClockConfig
                0x0000000008003478      0x13c ./Drivers/STM32F4xx_HAL_Driver/Src/stm32f4xx_hal_rcc.o
                0x0000000008003478                HAL_RCC_ClockConfig
 .text.HAL_RCC_GetPCLK1Freq
                0x00000000080035b4       0x20 ./Drivers/STM32F4xx_HAL_Driver/Src/stm32f4xx_hal_rcc.o
                0x00000000080035b4                HAL_RCC_GetPCLK1Freq
 .text.HAL_RCC_GetPCLK2Freq
                0x00000000080035d4       0x20 ./Drivers/STM32F4xx_HAL_Driver/Src/stm32f4xx_hal_rcc.o
                0x00000000080035d4                HAL_RCC_GetPCLK2Freq
 .text.HAL_TIM_PeriodElapsedCallback
                0x00000000080035f4        0x4 ./Drivers/STM32F4xx_HAL_Driver/Src/stm32f4xx_hal_tim.o
                0x00000000080035f4                HAL_TIM_PeriodElapsedCallback
 .text.HAL_TIM_PeriodElapsedHalfCpltCallback
                0x00000000080035f8        0x4 ./Drivers/STM32F4xx_HAL_Driver/Src/stm32f4xx_hal_tim.o
                0x00000000080035f8                HAL_TIM_PeriodElapsedHalfCpltCallback
 .text.HAL_TIM_OC_DelayElapsedCallback
                0x00000000080035fc        0x4 ./Drivers/STM32F4xx_HAL_Driver/Src/stm32f4xx_hal_tim.o
                0x00000000080035fc                HAL_TIM_OC_DelayElapsedCallback
 .text.HAL_TIM_IC_CaptureCallback
                0x0000000008003600        0x4 ./Drivers/STM32F4xx_HAL_Driver/Src/stm32f4xx_hal_tim.o
                0x0000000008003600                HAL_TIM_IC_CaptureCallback
 .text.HAL_TIM_IC_CaptureHalfCpltCallback
                0x0000000008003604        0x4 ./Drivers/STM32F4xx_HAL_Driver/Src/stm32f4xx_hal_tim.o
                0x0000000008003604                HAL_TIM_IC_CaptureHalfCpltCallback
 .text.HAL_TIM_PWM_PulseFinishedCallback
                0x0000000008003608        0x4 ./Drivers/STM32F4xx_HAL_Driver/Src/stm32f4xx_hal_tim.o
                0x0000000008003608                HAL_TIM_PWM_PulseFinishedCallback
 .text.HAL_TIM_PWM_PulseFinishedHalfCpltCallback
                0x000000000800360c        0x4 ./Drivers/STM32F4xx_HAL_Driver/Src/stm32f4xx_hal_tim.o
                0x000000000800360c                HAL_TIM_PWM_PulseFinishedHalfCpltCallback
 .text.HAL_TIM_TriggerCallback
                0x0000000008003610        0x4 ./Drivers/STM32F4xx_HAL_Driver/Src/stm32f4xx_hal_tim.o
                0x0000000008003610                HAL_TIM_TriggerCallback
 .text.HAL_TIM_TriggerHalfCpltCallback
                0x0000000008003614        0x4 ./Drivers/STM32F4xx_HAL_Driver/Src/stm32f4xx_hal_tim.o
                0x0000000008003614                HAL_TIM_TriggerHalfCpltCallback
 .text.HAL_TIM_ErrorCallback
                0x0000000008003618        0x4 ./Drivers/STM32F4xx_HAL_Driver/Src/stm32f4xx_hal_tim.o
                0x0000000008003618                HAL_TIM_ErrorCallback
 .text.HAL_TIM_Base_Init
                0x000000000800361c      0x174 ./Drivers/STM32F4xx_HAL_Driver/Src/stm32f4xx_hal_tim.o
                0x000000000800361c                HAL_TIM_Base_Init
 .text.HAL_TIM_PWM_Init
                0x0000000008003790      0x174 ./Drivers/STM32F4xx_HAL_Driver/Src/stm32f4xx_hal_tim.o
                0x0000000008003790                HAL_TIM_PWM_Init
 .text.HAL_TIM_IC_Init
                0x0000000008003904      0x174 ./Drivers/STM32F4xx_HAL_Driver/Src/stm32f4xx_hal_tim.o
                0x0000000008003904                HAL_TIM_IC_Init
 .text.HAL_TIM_IC_Start_IT
                0x0000000008003a78      0x13c ./Drivers/STM32F4xx_HAL_Driver/Src/stm32f4xx_hal_tim.o
                0x0000000008003a78                HAL_TIM_IC_Start_IT
 .text.HAL_TIM_IRQHandler
                0x0000000008003bb4      0x17c ./Drivers/STM32F4xx_HAL_Driver/Src/stm32f4xx_hal_tim.o
                0x0000000008003bb4                HAL_TIM_IRQHandler
 .text.HAL_TIM_IC_ConfigChannel
                0x0000000008003d30      0x1ac ./Drivers/STM32F4xx_HAL_Driver/Src/stm32f4xx_hal_tim.o
                0x0000000008003d30                HAL_TIM_IC_ConfigChannel
 .text.HAL_TIM_PWM_ConfigChannel
                0x0000000008003edc      0x200 ./Drivers/STM32F4xx_HAL_Driver/Src/stm32f4xx_hal_tim.o
                0x0000000008003edc                HAL_TIM_PWM_ConfigChannel
 .text.HAL_TIM_RegisterCallback
                0x00000000080040dc      0x16c ./Drivers/STM32F4xx_HAL_Driver/Src/stm32f4xx_hal_tim.o
                0x00000000080040dc                HAL_TIM_RegisterCallback
 .text.HAL_TIMEx_MasterConfigSynchronization
                0x0000000008004248       0x70 ./Drivers/STM32F4xx_HAL_Driver/Src/stm32f4xx_hal_tim_ex.o
                0x0000000008004248                HAL_TIMEx_MasterConfigSynchronization
 .text.HAL_TIMEx_ConfigBreakDeadTime
                0x00000000080042b8       0x54 ./Drivers/STM32F4xx_HAL_Driver/Src/stm32f4xx_hal_tim_ex.o
                0x00000000080042b8                HAL_TIMEx_ConfigBreakDeadTime
 .text.HAL_TIMEx_CommutCallback
                0x000000000800430c        0x4 ./Drivers/STM32F4xx_HAL_Driver/Src/stm32f4xx_hal_tim_ex.o
                0x000000000800430c                HAL_TIMEx_CommutCallback
 .text.HAL_TIMEx_CommutHalfCpltCallback
                0x0000000008004310        0x4 ./Drivers/STM32F4xx_HAL_Driver/Src/stm32f4xx_hal_tim_ex.o
                0x0000000008004310                HAL_TIMEx_CommutHalfCpltCallback
 .text.HAL_TIMEx_BreakCallback
                0x0000000008004314        0x4 ./Drivers/STM32F4xx_HAL_Driver/Src/stm32f4xx_hal_tim_ex.o
                0x0000000008004314                HAL_TIMEx_BreakCallback
 .text.HAL_UARTEx_RxEventCallback
                0x0000000008004318        0x4 ./Drivers/STM32F4xx_HAL_Driver/Src/stm32f4xx_hal_uart.o
                0x0000000008004318                HAL_UARTEx_RxEventCallback
 .text.UART_DMAAbortOnError
                0x000000000800431c        0xc ./Drivers/STM32F4xx_HAL_Driver/Src/stm32f4xx_hal_uart.o
 .text.UART_Receive_IT.part.0.isra.0
                0x0000000008004328       0xc0 ./Drivers/STM32F4xx_HAL_Driver/Src/stm32f4xx_hal_uart.o
 .text.HAL_UART_AbortReceiveCpltCallback
                0x00000000080043e8        0x4 ./Drivers/STM32F4xx_HAL_Driver/Src/stm32f4xx_hal_uart.o
                0x00000000080043e8                HAL_UART_AbortReceiveCpltCallback
 .text.HAL_UART_TxCpltCallback
                0x00000000080043ec        0x4 ./Drivers/STM32F4xx_HAL_Driver/Src/stm32f4xx_hal_uart.o
                0x00000000080043ec                HAL_UART_TxCpltCallback
 .text.HAL_UART_TxHalfCpltCallback
                0x00000000080043f0        0x4 ./Drivers/STM32F4xx_HAL_Driver/Src/stm32f4xx_hal_uart.o
                0x00000000080043f0                HAL_UART_TxHalfCpltCallback
 .text.HAL_UART_RxCpltCallback
                0x00000000080043f4        0x4 ./Drivers/STM32F4xx_HAL_Driver/Src/stm32f4xx_hal_uart.o
                0x00000000080043f4                HAL_UART_RxCpltCallback
 .text.HAL_UART_RxHalfCpltCallback
                0x00000000080043f8        0x4 ./Drivers/STM32F4xx_HAL_Driver/Src/stm32f4xx_hal_uart.o
                0x00000000080043f8                HAL_UART_RxHalfCpltCallback
 .text.HAL_UART_ErrorCallback
                0x00000000080043fc        0x4 ./Drivers/STM32F4xx_HAL_Driver/Src/stm32f4xx_hal_uart.o
                0x00000000080043fc                HAL_UART_ErrorCallback
 .text.HAL_UART_AbortCpltCallback
                0x0000000008004400        0x4 ./Drivers/STM32F4xx_HAL_Driver/Src/stm32f4xx_hal_uart.o
                0x0000000008004400                HAL_UART_AbortCpltCallback
 .text.HAL_UART_AbortTransmitCpltCallback
                0x0000000008004404        0x4 ./Drivers/STM32F4xx_HAL_Driver/Src/stm32f4xx_hal_uart.o
                0x0000000008004404                HAL_UART_AbortTransmitCpltCallback
 .text.HAL_UART_Init
                0x0000000008004408      0x188 ./Drivers/STM32F4xx_HAL_Driver/Src/stm32f4xx_hal_uart.o
                0x0000000008004408                HAL_UART_Init
 .text.HAL_UART_RegisterCallback
                0x0000000008004590       0xc0 ./Drivers/STM32F4xx_HAL_Driver/Src/stm32f4xx_hal_uart.o
                0x0000000008004590                HAL_UART_RegisterCallback
 .text.HAL_UART_Transmit_IT
                0x0000000008004650       0x44 ./Drivers/STM32F4xx_HAL_Driver/Src/stm32f4xx_hal_uart.o
                0x0000000008004650                HAL_UART_Transmit_IT
 .text.HAL_UART_Receive_IT
                0x0000000008004694       0x58 ./Drivers/STM32F4xx_HAL_Driver/Src/stm32f4xx_hal_uart.o
                0x0000000008004694                HAL_UART_Receive_IT
 .text.HAL_UART_IRQHandler
                0x00000000080046ec      0x310 ./Drivers/STM32F4xx_HAL_Driver/Src/stm32f4xx_hal_uart.o
                0x00000000080046ec                HAL_UART_IRQHandler
 .text.malloc   0x00000000080049fc       0x10 D:/BBB/stm32/STM32CubeIDE_1.13.2/STM32CubeIDE/plugins/com.st.stm32cube.ide.mcu.externaltools.gnu-tools-for-stm32.11.3.rel1.win32_1.1.1.202309131626/tools/bin/../lib/gcc/arm-none-eabi/11.3.1/../../../../arm-none-eabi/lib/thumb/v7e-m+fp/hard\libc_nano.a(libc_a-malloc.o)
                0x00000000080049fc                malloc
 .text.free     0x0000000008004a0c       0x10 D:/BBB/stm32/STM32CubeIDE_1.13.2/STM32CubeIDE/plugins/com.st.stm32cube.ide.mcu.externaltools.gnu-tools-for-stm32.11.3.rel1.win32_1.1.1.202309131626/tools/bin/../lib/gcc/arm-none-eabi/11.3.1/../../../../arm-none-eabi/lib/thumb/v7e-m+fp/hard\libc_nano.a(libc_a-malloc.o)
                0x0000000008004a0c                free
 .text.sbrk_aligned
                0x0000000008004a1c       0x40 D:/BBB/stm32/STM32CubeIDE_1.13.2/STM32CubeIDE/plugins/com.st.stm32cube.ide.mcu.externaltools.gnu-tools-for-stm32.11.3.rel1.win32_1.1.1.202309131626/tools/bin/../lib/gcc/arm-none-eabi/11.3.1/../../../../arm-none-eabi/lib/thumb/v7e-m+fp/hard\libc_nano.a(libc_a-mallocr.o)
 .text._malloc_r
                0x0000000008004a5c      0x100 D:/BBB/stm32/STM32CubeIDE_1.13.2/STM32CubeIDE/plugins/com.st.stm32cube.ide.mcu.externaltools.gnu-tools-for-stm32.11.3.rel1.win32_1.1.1.202309131626/tools/bin/../lib/gcc/arm-none-eabi/11.3.1/../../../../arm-none-eabi/lib/thumb/v7e-m+fp/hard\libc_nano.a(libc_a-mallocr.o)
                0x0000000008004a5c                _malloc_r
 .text.__malloc_lock
                0x0000000008004b5c        0xc D:/BBB/stm32/STM32CubeIDE_1.13.2/STM32CubeIDE/plugins/com.st.stm32cube.ide.mcu.externaltools.gnu-tools-for-stm32.11.3.rel1.win32_1.1.1.202309131626/tools/bin/../lib/gcc/arm-none-eabi/11.3.1/../../../../arm-none-eabi/lib/thumb/v7e-m+fp/hard\libc_nano.a(libc_a-mlock.o)
                0x0000000008004b5c                __malloc_lock
 .text.__malloc_unlock
                0x0000000008004b68        0xc D:/BBB/stm32/STM32CubeIDE_1.13.2/STM32CubeIDE/plugins/com.st.stm32cube.ide.mcu.externaltools.gnu-tools-for-stm32.11.3.rel1.win32_1.1.1.202309131626/tools/bin/../lib/gcc/arm-none-eabi/11.3.1/../../../../arm-none-eabi/lib/thumb/v7e-m+fp/hard\libc_nano.a(libc_a-mlock.o)
                0x0000000008004b68                __malloc_unlock
 .text.memset   0x0000000008004b74       0x10 D:/BBB/stm32/STM32CubeIDE_1.13.2/STM32CubeIDE/plugins/com.st.stm32cube.ide.mcu.externaltools.gnu-tools-for-stm32.11.3.rel1.win32_1.1.1.202309131626/tools/bin/../lib/gcc/arm-none-eabi/11.3.1/../../../../arm-none-eabi/lib/thumb/v7e-m+fp/hard\libc_nano.a(libc_a-memset.o)
                0x0000000008004b74                memset
 .text._init_signal_r
                0x0000000008004b84       0x28 D:/BBB/stm32/STM32CubeIDE_1.13.2/STM32CubeIDE/plugins/com.st.stm32cube.ide.mcu.externaltools.gnu-tools-for-stm32.11.3.rel1.win32_1.1.1.202309131626/tools/bin/../lib/gcc/arm-none-eabi/11.3.1/../../../../arm-none-eabi/lib/thumb/v7e-m+fp/hard\libc_nano.a(libc_a-signal.o)
                0x0000000008004b84                _init_signal_r
 .text._signal_r
                0x0000000008004bac       0x30 D:/BBB/stm32/STM32CubeIDE_1.13.2/STM32CubeIDE/plugins/com.st.stm32cube.ide.mcu.externaltools.gnu-tools-for-stm32.11.3.rel1.win32_1.1.1.202309131626/tools/bin/../lib/gcc/arm-none-eabi/11.3.1/../../../../arm-none-eabi/lib/thumb/v7e-m+fp/hard\libc_nano.a(libc_a-signal.o)
                0x0000000008004bac                _signal_r
 .text._raise_r
                0x0000000008004bdc       0x50 D:/BBB/stm32/STM32CubeIDE_1.13.2/STM32CubeIDE/plugins/com.st.stm32cube.ide.mcu.externaltools.gnu-tools-for-stm32.11.3.rel1.win32_1.1.1.202309131626/tools/bin/../lib/gcc/arm-none-eabi/11.3.1/../../../../arm-none-eabi/lib/thumb/v7e-m+fp/hard\libc_nano.a(libc_a-signal.o)
                0x0000000008004bdc                _raise_r
 .text.raise    0x0000000008004c2c       0x10 D:/BBB/stm32/STM32CubeIDE_1.13.2/STM32CubeIDE/plugins/com.st.stm32cube.ide.mcu.externaltools.gnu-tools-for-stm32.11.3.rel1.win32_1.1.1.202309131626/tools/bin/../lib/gcc/arm-none-eabi/11.3.1/../../../../arm-none-eabi/lib/thumb/v7e-m+fp/hard\libc_nano.a(libc_a-signal.o)
                0x0000000008004c2c                raise
 .text.signal   0x0000000008004c3c       0x10 D:/BBB/stm32/STM32CubeIDE_1.13.2/STM32CubeIDE/plugins/com.st.stm32cube.ide.mcu.externaltools.gnu-tools-for-stm32.11.3.rel1.win32_1.1.1.202309131626/tools/bin/../lib/gcc/arm-none-eabi/11.3.1/../../../../arm-none-eabi/lib/thumb/v7e-m+fp/hard\libc_nano.a(libc_a-signal.o)
                0x0000000008004c3c                signal
 .text._kill_r  0x0000000008004c4c       0x24 D:/BBB/stm32/STM32CubeIDE_1.13.2/STM32CubeIDE/plugins/com.st.stm32cube.ide.mcu.externaltools.gnu-tools-for-stm32.11.3.rel1.win32_1.1.1.202309131626/tools/bin/../lib/gcc/arm-none-eabi/11.3.1/../../../../arm-none-eabi/lib/thumb/v7e-m+fp/hard\libc_nano.a(libc_a-signalr.o)
                0x0000000008004c4c                _kill_r
 .text._getpid_r
                0x0000000008004c70        0x4 D:/BBB/stm32/STM32CubeIDE_1.13.2/STM32CubeIDE/plugins/com.st.stm32cube.ide.mcu.externaltools.gnu-tools-for-stm32.11.3.rel1.win32_1.1.1.202309131626/tools/bin/../lib/gcc/arm-none-eabi/11.3.1/../../../../arm-none-eabi/lib/thumb/v7e-m+fp/hard\libc_nano.a(libc_a-signalr.o)
                0x0000000008004c70                _getpid_r
 .text._sbrk_r  0x0000000008004c74       0x20 D:/BBB/stm32/STM32CubeIDE_1.13.2/STM32CubeIDE/plugins/com.st.stm32cube.ide.mcu.externaltools.gnu-tools-for-stm32.11.3.rel1.win32_1.1.1.202309131626/tools/bin/../lib/gcc/arm-none-eabi/11.3.1/../../../../arm-none-eabi/lib/thumb/v7e-m+fp/hard\libc_nano.a(libc_a-sbrkr.o)
                0x0000000008004c74                _sbrk_r
 .text.__errno  0x0000000008004c94        0xc D:/BBB/stm32/STM32CubeIDE_1.13.2/STM32CubeIDE/plugins/com.st.stm32cube.ide.mcu.externaltools.gnu-tools-for-stm32.11.3.rel1.win32_1.1.1.202309131626/tools/bin/../lib/gcc/arm-none-eabi/11.3.1/../../../../arm-none-eabi/lib/thumb/v7e-m+fp/hard\libc_nano.a(libc_a-errno.o)
                0x0000000008004c94                __errno
 .text.__libc_init_array
                0x0000000008004ca0       0x48 D:/BBB/stm32/STM32CubeIDE_1.13.2/STM32CubeIDE/plugins/com.st.stm32cube.ide.mcu.externaltools.gnu-tools-for-stm32.11.3.rel1.win32_1.1.1.202309131626/tools/bin/../lib/gcc/arm-none-eabi/11.3.1/../../../../arm-none-eabi/lib/thumb/v7e-m+fp/hard\libc_nano.a(libc_a-init.o)
                0x0000000008004ca0                __libc_init_array
 .text.__retarget_lock_acquire_recursive
                0x0000000008004ce8        0x2 D:/BBB/stm32/STM32CubeIDE_1.13.2/STM32CubeIDE/plugins/com.st.stm32cube.ide.mcu.externaltools.gnu-tools-for-stm32.11.3.rel1.win32_1.1.1.202309131626/tools/bin/../lib/gcc/arm-none-eabi/11.3.1/../../../../arm-none-eabi/lib/thumb/v7e-m+fp/hard\libc_nano.a(libc_a-lock.o)
                0x0000000008004ce8                __retarget_lock_acquire_recursive
 .text.__retarget_lock_release_recursive
                0x0000000008004cea        0x2 D:/BBB/stm32/STM32CubeIDE_1.13.2/STM32CubeIDE/plugins/com.st.stm32cube.ide.mcu.externaltools.gnu-tools-for-stm32.11.3.rel1.win32_1.1.1.202309131626/tools/bin/../lib/gcc/arm-none-eabi/11.3.1/../../../../arm-none-eabi/lib/thumb/v7e-m+fp/hard\libc_nano.a(libc_a-lock.o)
                0x0000000008004cea                __retarget_lock_release_recursive
 .text.memcpy   0x0000000008004cec       0x1c D:/BBB/stm32/STM32CubeIDE_1.13.2/STM32CubeIDE/plugins/com.st.stm32cube.ide.mcu.externaltools.gnu-tools-for-stm32.11.3.rel1.win32_1.1.1.202309131626/tools/bin/../lib/gcc/arm-none-eabi/11.3.1/../../../../arm-none-eabi/lib/thumb/v7e-m+fp/hard\libc_nano.a(libc_a-memcpy-stub.o)
                0x0000000008004cec                memcpy
 .text._free_r  0x0000000008004d08       0x98 D:/BBB/stm32/STM32CubeIDE_1.13.2/STM32CubeIDE/plugins/com.st.stm32cube.ide.mcu.externaltools.gnu-tools-for-stm32.11.3.rel1.win32_1.1.1.202309131626/tools/bin/../lib/gcc/arm-none-eabi/11.3.1/../../../../arm-none-eabi/lib/thumb/v7e-m+fp/hard\libc_nano.a(libc_a-freer.o)
                0x0000000008004d08                _free_r
 *(.glue_7)
 .glue_7        0x0000000008004da0        0x0 linker stubs
 *(.glue_7t)
 .glue_7t       0x0000000008004da0        0x0 linker stubs
 *(.eh_frame)
 .eh_frame      0x0000000008004da0        0x0 D:/BBB/stm32/STM32CubeIDE_1.13.2/STM32CubeIDE/plugins/com.st.stm32cube.ide.mcu.externaltools.gnu-tools-for-stm32.11.3.rel1.win32_1.1.1.202309131626/tools/bin/../lib/gcc/arm-none-eabi/11.3.1/thumb/v7e-m+fp/hard/crtbegin.o
 *(.init)
 .init          0x0000000008004da0        0x4 D:/BBB/stm32/STM32CubeIDE_1.13.2/STM32CubeIDE/plugins/com.st.stm32cube.ide.mcu.externaltools.gnu-tools-for-stm32.11.3.rel1.win32_1.1.1.202309131626/tools/bin/../lib/gcc/arm-none-eabi/11.3.1/thumb/v7e-m+fp/hard/crti.o
                0x0000000008004da0                _init
 .init          0x0000000008004da4        0x8 D:/BBB/stm32/STM32CubeIDE_1.13.2/STM32CubeIDE/plugins/com.st.stm32cube.ide.mcu.externaltools.gnu-tools-for-stm32.11.3.rel1.win32_1.1.1.202309131626/tools/bin/../lib/gcc/arm-none-eabi/11.3.1/thumb/v7e-m+fp/hard/crtn.o
 *(.fini)
 .fini          0x0000000008004dac        0x4 D:/BBB/stm32/STM32CubeIDE_1.13.2/STM32CubeIDE/plugins/com.st.stm32cube.ide.mcu.externaltools.gnu-tools-for-stm32.11.3.rel1.win32_1.1.1.202309131626/tools/bin/../lib/gcc/arm-none-eabi/11.3.1/thumb/v7e-m+fp/hard/crti.o
                0x0000000008004dac                _fini
 .fini          0x0000000008004db0        0x8 D:/BBB/stm32/STM32CubeIDE_1.13.2/STM32CubeIDE/plugins/com.st.stm32cube.ide.mcu.externaltools.gnu-tools-for-stm32.11.3.rel1.win32_1.1.1.202309131626/tools/bin/../lib/gcc/arm-none-eabi/11.3.1/thumb/v7e-m+fp/hard/crtn.o
                0x0000000008004db8                . = ALIGN (0x4)
                0x0000000008004db8                _etext = .

.vfp11_veneer   0x0000000008004db8        0x0
 .vfp11_veneer  0x0000000008004db8        0x0 linker stubs

.v4_bx          0x0000000008004db8        0x0
 .v4_bx         0x0000000008004db8        0x0 linker stubs

.iplt           0x0000000008004db8        0x0
 .iplt          0x0000000008004db8        0x0 D:/BBB/stm32/STM32CubeIDE_1.13.2/STM32CubeIDE/plugins/com.st.stm32cube.ide.mcu.externaltools.gnu-tools-for-stm32.11.3.rel1.win32_1.1.1.202309131626/tools/bin/../lib/gcc/arm-none-eabi/11.3.1/thumb/v7e-m+fp/hard/crtbegin.o

.rodata         0x0000000008004db8      0x128
                0x0000000008004db8                . = ALIGN (0x4)
 *(.rodata)
 *(.rodata*)
 .rodata.AHBPrescTable
                0x0000000008004db8       0x10 ./Core/Src/system_stm32f4xx.o
                0x0000000008004db8                AHBPrescTable
 .rodata.APBPrescTable
                0x0000000008004dc8        0x8 ./Core/Src/system_stm32f4xx.o
                0x0000000008004dc8                APBPrescTable
 .rodata.memory_order_drone
                0x0000000008004dd0        0x1 ./Core/Static_Src/init.o
 *fill*         0x0000000008004dd1        0x3 
 .rodata.flagBitshiftOffset.0
                0x0000000008004dd4        0x8 ./Drivers/STM32F4xx_HAL_Driver/Src/stm32f4xx_hal_dma.o
 .rodata._ctype_
                0x0000000008004ddc      0x101 D:/BBB/stm32/STM32CubeIDE_1.13.2/STM32CubeIDE/plugins/com.st.stm32cube.ide.mcu.externaltools.gnu-tools-for-stm32.11.3.rel1.win32_1.1.1.202309131626/tools/bin/../lib/gcc/arm-none-eabi/11.3.1/../../../../arm-none-eabi/lib/thumb/v7e-m+fp/hard\libc_nano.a(libc_a-ctype_.o)
                0x0000000008004ddc                _ctype_
                0x0000000008004ee0                . = ALIGN (0x4)
 *fill*         0x0000000008004edd        0x3 

.ARM.extab      0x0000000008004ee0        0x0
                0x0000000008004ee0                . = ALIGN (0x4)
 *(.ARM.extab* .gnu.linkonce.armextab.*)
                0x0000000008004ee0                . = ALIGN (0x4)

.ARM            0x0000000008004ee0        0x8
                0x0000000008004ee0                . = ALIGN (0x4)
                0x0000000008004ee0                __exidx_start = .
 *(.ARM.exidx*)
 .ARM.exidx     0x0000000008004ee0        0x8 D:/BBB/stm32/STM32CubeIDE_1.13.2/STM32CubeIDE/plugins/com.st.stm32cube.ide.mcu.externaltools.gnu-tools-for-stm32.11.3.rel1.win32_1.1.1.202309131626/tools/bin/../lib/gcc/arm-none-eabi/11.3.1/thumb/v7e-m+fp/hard\libgcc.a(_udivmoddi4.o)
                0x0000000008004ee8                __exidx_end = .
                0x0000000008004ee8                . = ALIGN (0x4)

.rel.dyn        0x0000000008004ee8        0x0
 .rel.iplt      0x0000000008004ee8        0x0 D:/BBB/stm32/STM32CubeIDE_1.13.2/STM32CubeIDE/plugins/com.st.stm32cube.ide.mcu.externaltools.gnu-tools-for-stm32.11.3.rel1.win32_1.1.1.202309131626/tools/bin/../lib/gcc/arm-none-eabi/11.3.1/thumb/v7e-m+fp/hard/crtbegin.o

.preinit_array  0x0000000008004ee8        0x0
                0x0000000008004ee8                . = ALIGN (0x4)
                0x0000000008004ee8                PROVIDE (__preinit_array_start = .)
 *(.preinit_array*)
                0x0000000008004ee8                PROVIDE (__preinit_array_end = .)
                0x0000000008004ee8                . = ALIGN (0x4)

.init_array     0x0000000008004ee8        0x4
                0x0000000008004ee8                . = ALIGN (0x4)
                0x0000000008004ee8                PROVIDE (__init_array_start = .)
 *(SORT_BY_NAME(.init_array.*))
 *(.init_array*)
 .init_array    0x0000000008004ee8        0x4 D:/BBB/stm32/STM32CubeIDE_1.13.2/STM32CubeIDE/plugins/com.st.stm32cube.ide.mcu.externaltools.gnu-tools-for-stm32.11.3.rel1.win32_1.1.1.202309131626/tools/bin/../lib/gcc/arm-none-eabi/11.3.1/thumb/v7e-m+fp/hard/crtbegin.o
                0x0000000008004eec                PROVIDE (__init_array_end = .)
                0x0000000008004eec                . = ALIGN (0x4)

.fini_array     0x0000000008004eec        0x4
                0x0000000008004eec                . = ALIGN (0x4)
                [!provide]                        PROVIDE (__fini_array_start = .)
 *(SORT_BY_NAME(.fini_array.*))
 *(.fini_array*)
 .fini_array    0x0000000008004eec        0x4 D:/BBB/stm32/STM32CubeIDE_1.13.2/STM32CubeIDE/plugins/com.st.stm32cube.ide.mcu.externaltools.gnu-tools-for-stm32.11.3.rel1.win32_1.1.1.202309131626/tools/bin/../lib/gcc/arm-none-eabi/11.3.1/thumb/v7e-m+fp/hard/crtbegin.o
                [!provide]                        PROVIDE (__fini_array_end = .)
                0x0000000008004ef0                . = ALIGN (0x4)
                0x0000000008004ef0                _sidata = LOADADDR (.data)

.data           0x0000000020000000       0x8c load address 0x0000000008004ef0
                0x0000000020000000                . = ALIGN (0x4)
                0x0000000020000000                _sdata = .
 *(.data)
 *(.data*)
 .data.fc_bridge
                0x0000000020000000       0x30 ./Core/Src/bridge.o
 .data.SystemCoreClock
                0x0000000020000030        0x4 ./Core/Src/system_stm32f4xx.o
                0x0000000020000030                SystemCoreClock
 .data.uwTickFreq
                0x0000000020000034        0x1 ./Drivers/STM32F4xx_HAL_Driver/Src/stm32f4xx_hal.o
                0x0000000020000034                uwTickFreq
 *fill*         0x0000000020000035        0x3 
 .data.uwTickPrio
                0x0000000020000038        0x4 ./Drivers/STM32F4xx_HAL_Driver/Src/stm32f4xx_hal.o
                0x0000000020000038                uwTickPrio
 .data._impure_data
                0x000000002000003c       0x4c D:/BBB/stm32/STM32CubeIDE_1.13.2/STM32CubeIDE/plugins/com.st.stm32cube.ide.mcu.externaltools.gnu-tools-for-stm32.11.3.rel1.win32_1.1.1.202309131626/tools/bin/../lib/gcc/arm-none-eabi/11.3.1/../../../../arm-none-eabi/lib/thumb/v7e-m+fp/hard\libc_nano.a(libc_a-impure.o)
                0x000000002000003c                _impure_data
 .data._impure_ptr
                0x0000000020000088        0x4 D:/BBB/stm32/STM32CubeIDE_1.13.2/STM32CubeIDE/plugins/com.st.stm32cube.ide.mcu.externaltools.gnu-tools-for-stm32.11.3.rel1.win32_1.1.1.202309131626/tools/bin/../lib/gcc/arm-none-eabi/11.3.1/../../../../arm-none-eabi/lib/thumb/v7e-m+fp/hard\libc_nano.a(libc_a-impure.o)
                0x0000000020000088                _impure_ptr
 *(.RamFunc)
 *(.RamFunc*)
                0x000000002000008c                . = ALIGN (0x4)
                0x000000002000008c                _edata = .

.igot.plt       0x000000002000008c        0x0 load address 0x0000000008004f7c
 .igot.plt      0x000000002000008c        0x0 D:/BBB/stm32/STM32CubeIDE_1.13.2/STM32CubeIDE/plugins/com.st.stm32cube.ide.mcu.externaltools.gnu-tools-for-stm32.11.3.rel1.win32_1.1.1.202309131626/tools/bin/../lib/gcc/arm-none-eabi/11.3.1/thumb/v7e-m+fp/hard/crtbegin.o
                0x000000002000008c                . = ALIGN (0x4)

.bss            0x000000002000008c      0xfcc load address 0x0000000008004f7c
                0x000000002000008c                _sbss = .
                0x000000002000008c                __bss_start__ = _sbss
 *(.bss)
 .bss           0x000000002000008c       0x1c D:/BBB/stm32/STM32CubeIDE_1.13.2/STM32CubeIDE/plugins/com.st.stm32cube.ide.mcu.externaltools.gnu-tools-for-stm32.11.3.rel1.win32_1.1.1.202309131626/tools/bin/../lib/gcc/arm-none-eabi/11.3.1/thumb/v7e-m+fp/hard/crtbegin.o
 *(.bss*)
 .bss.fc_port   0x00000000200000a8       0x18 ./Core/Src/bridge.o
                0x00000000200000a8                fc_port
 .bss.hi2c1     0x00000000200000c0       0x54 ./Core/Src/i2c.o
                0x00000000200000c0                hi2c1
 .bss.bmi_ref   0x0000000020000114       0x2c ./Core/Src/imu.o
                0x0000000020000114                bmi_ref
 .bss.imu       0x0000000020000140       0xf8 ./Core/Src/imu.o
 .bss.imu_i2c   0x0000000020000238        0x4 ./Core/Src/imu.o
                0x0000000020000238                imu_i2c
 .bss.controls_rc
                0x000000002000023c       0xf0 ./Core/Src/remote_control.o
 .bss.hdma_tim3_ch1_trig
                0x000000002000032c       0x60 ./Core/Src/tim.o
                0x000000002000032c                hdma_tim3_ch1_trig
 .bss.htim1     0x000000002000038c       0xb4 ./Core/Src/tim.o
                0x000000002000038c                htim1
 .bss.htim10    0x0000000020000440       0xb4 ./Core/Src/tim.o
                0x0000000020000440                htim10
 .bss.htim11    0x00000000200004f4       0xb4 ./Core/Src/tim.o
                0x00000000200004f4                htim11
 .bss.htim2     0x00000000200005a8       0xb4 ./Core/Src/tim.o
                0x00000000200005a8                htim2
 .bss.htim3     0x000000002000065c       0xb4 ./Core/Src/tim.o
                0x000000002000065c                htim3
 .bss.htim5     0x0000000020000710       0xb4 ./Core/Src/tim.o
                0x0000000020000710                htim5
 .bss.htim9     0x00000000200007c4       0xb4 ./Core/Src/tim.o
                0x00000000200007c4                htim9
 .bss.huart1    0x0000000020000878       0x74 ./Core/Src/usart.o
                0x0000000020000878                huart1
 .bss.queues_rc
                0x00000000200008ec      0x618 ./Core/Static_Src/drone.o
 .bss.initialized
                0x0000000020000f04        0x1 ./Core/Static_Src/init.o
 *fill*         0x0000000020000f05        0x3 
 .bss.__sbrk_heap_end
                0x0000000020000f08        0x4 ./Core/Static_Src/sysmem.o
 .bss.uwTick    0x0000000020000f0c        0x4 ./Drivers/STM32F4xx_HAL_Driver/Src/stm32f4xx_hal.o
                0x0000000020000f0c                uwTick
 .bss.__malloc_free_list
                0x0000000020000f10        0x4 D:/BBB/stm32/STM32CubeIDE_1.13.2/STM32CubeIDE/plugins/com.st.stm32cube.ide.mcu.externaltools.gnu-tools-for-stm32.11.3.rel1.win32_1.1.1.202309131626/tools/bin/../lib/gcc/arm-none-eabi/11.3.1/../../../../arm-none-eabi/lib/thumb/v7e-m+fp/hard\libc_nano.a(libc_a-mallocr.o)
                0x0000000020000f10                __malloc_free_list
 .bss.__malloc_sbrk_start
                0x0000000020000f14        0x4 D:/BBB/stm32/STM32CubeIDE_1.13.2/STM32CubeIDE/plugins/com.st.stm32cube.ide.mcu.externaltools.gnu-tools-for-stm32.11.3.rel1.win32_1.1.1.202309131626/tools/bin/../lib/gcc/arm-none-eabi/11.3.1/../../../../arm-none-eabi/lib/thumb/v7e-m+fp/hard\libc_nano.a(libc_a-mallocr.o)
                0x0000000020000f14                __malloc_sbrk_start
 .bss.__sf      0x0000000020000f18      0x138 D:/BBB/stm32/STM32CubeIDE_1.13.2/STM32CubeIDE/plugins/com.st.stm32cube.ide.mcu.externaltools.gnu-tools-for-stm32.11.3.rel1.win32_1.1.1.202309131626/tools/bin/../lib/gcc/arm-none-eabi/11.3.1/../../../../arm-none-eabi/lib/thumb/v7e-m+fp/hard\libc_nano.a(libc_a-findfp.o)
                0x0000000020000f18                __sf
 .bss.errno     0x0000000020001050        0x4 D:/BBB/stm32/STM32CubeIDE_1.13.2/STM32CubeIDE/plugins/com.st.stm32cube.ide.mcu.externaltools.gnu-tools-for-stm32.11.3.rel1.win32_1.1.1.202309131626/tools/bin/../lib/gcc/arm-none-eabi/11.3.1/../../../../arm-none-eabi/lib/thumb/v7e-m+fp/hard\libc_nano.a(libc_a-reent.o)
                0x0000000020001050                errno
 .bss.__lock___malloc_recursive_mutex
                0x0000000020001054        0x1 D:/BBB/stm32/STM32CubeIDE_1.13.2/STM32CubeIDE/plugins/com.st.stm32cube.ide.mcu.externaltools.gnu-tools-for-stm32.11.3.rel1.win32_1.1.1.202309131626/tools/bin/../lib/gcc/arm-none-eabi/11.3.1/../../../../arm-none-eabi/lib/thumb/v7e-m+fp/hard\libc_nano.a(libc_a-lock.o)
                0x0000000020001054                __lock___malloc_recursive_mutex
 *(COMMON)
                0x0000000020001058                . = ALIGN (0x4)
 *fill*         0x0000000020001055        0x3 
                0x0000000020001058                _ebss = .
                0x0000000020001058                __bss_end__ = _ebss

._user_heap_stack
                0x0000000020001058      0x600 load address 0x0000000008004f7c
                0x0000000020001058                . = ALIGN (0x8)
                [!provide]                        PROVIDE (end = .)
                0x0000000020001058                PROVIDE (_end = .)
                0x0000000020001258                . = (. + _Min_Heap_Size)
 *fill*         0x0000000020001058      0x200 
                0x0000000020001658                . = (. + _Min_Stack_Size)
 *fill*         0x0000000020001258      0x400 
                0x0000000020001658                . = ALIGN (0x8)

/DISCARD/
 libc.a(*)
 libm.a(*)
 libgcc.a(*)

.ARM.attributes
                0x0000000000000000       0x30
 *(.ARM.attributes)
 .ARM.attributes
                0x0000000000000000       0x1e D:/BBB/stm32/STM32CubeIDE_1.13.2/STM32CubeIDE/plugins/com.st.stm32cube.ide.mcu.externaltools.gnu-tools-for-stm32.11.3.rel1.win32_1.1.1.202309131626/tools/bin/../lib/gcc/arm-none-eabi/11.3.1/thumb/v7e-m+fp/hard/crti.o
 .ARM.attributes
                0x000000000000001e       0x34 D:/BBB/stm32/STM32CubeIDE_1.13.2/STM32CubeIDE/plugins/com.st.stm32cube.ide.mcu.externaltools.gnu-tools-for-stm32.11.3.rel1.win32_1.1.1.202309131626/tools/bin/../lib/gcc/arm-none-eabi/11.3.1/thumb/v7e-m+fp/hard/crtbegin.o
 .ARM.attributes
                0x0000000000000052       0x34 ./Core/Src/bridge.o
 .ARM.attributes
                0x0000000000000086       0x34 ./Core/Src/dma.o
 .ARM.attributes
                0x00000000000000ba       0x34 ./Core/Src/flight_control.o
 .ARM.attributes
                0x00000000000000ee       0x34 ./Core/Src/gpio.o
 .ARM.attributes
                0x0000000000000122       0x34 ./Core/Src/i2c.o
 .ARM.attributes
                0x0000000000000156       0x34 ./Core/Src/imu.o
 .ARM.attributes
                0x000000000000018a       0x34 ./Core/Src/main.o
 .ARM.attributes
                0x00000000000001be       0x34 ./Core/Src/remote_control.o
 .ARM.attributes
                0x00000000000001f2       0x34 ./Core/Src/stm32f4xx_hal_msp.o
 .ARM.attributes
                0x0000000000000226       0x34 ./Core/Src/stm32f4xx_it.o
 .ARM.attributes
                0x000000000000025a       0x34 ./Core/Src/system_stm32f4xx.o
 .ARM.attributes
                0x000000000000028e       0x34 ./Core/Src/tim.o
 .ARM.attributes
                0x00000000000002c2       0x34 ./Core/Src/usart.o
 .ARM.attributes
                0x00000000000002f6       0x21 ./Core/Startup/startup_stm32f411ccux.o
 .ARM.attributes
                0x0000000000000317       0x34 ./Core/Static_Src/bmi160.o
 .ARM.attributes
                0x000000000000034b       0x34 ./Core/Static_Src/bridge_common.o
 .ARM.attributes
                0x000000000000037f       0x34 ./Core/Static_Src/drone.o
 .ARM.attributes
                0x00000000000003b3       0x34 ./Core/Static_Src/init.o
 .ARM.attributes
                0x00000000000003e7       0x34 ./Core/Static_Src/queue.o
 .ARM.attributes
                0x000000000000041b       0x34 ./Core/Static_Src/syscalls.o
 .ARM.attributes
                0x000000000000044f       0x34 ./Core/Static_Src/sysmem.o
 .ARM.attributes
                0x0000000000000483       0x34 ./Drivers/STM32F4xx_HAL_Driver/Src/stm32f4xx_hal.o
 .ARM.attributes
                0x00000000000004b7       0x34 ./Drivers/STM32F4xx_HAL_Driver/Src/stm32f4xx_hal_cortex.o
 .ARM.attributes
                0x00000000000004eb       0x34 ./Drivers/STM32F4xx_HAL_Driver/Src/stm32f4xx_hal_dma.o
 .ARM.attributes
                0x000000000000051f       0x34 ./Drivers/STM32F4xx_HAL_Driver/Src/stm32f4xx_hal_gpio.o
 .ARM.attributes
                0x0000000000000553       0x34 ./Drivers/STM32F4xx_HAL_Driver/Src/stm32f4xx_hal_i2c.o
 .ARM.attributes
                0x0000000000000587       0x34 ./Drivers/STM32F4xx_HAL_Driver/Src/stm32f4xx_hal_rcc.o
 .ARM.attributes
                0x00000000000005bb       0x34 ./Drivers/STM32F4xx_HAL_Driver/Src/stm32f4xx_hal_tim.o
 .ARM.attributes
                0x00000000000005ef       0x34 ./Drivers/STM32F4xx_HAL_Driver/Src/stm32f4xx_hal_tim_ex.o
 .ARM.attributes
                0x0000000000000623       0x34 ./Drivers/STM32F4xx_HAL_Driver/Src/stm32f4xx_hal_uart.o
 .ARM.attributes
                0x0000000000000657       0x34 D:/BBB/stm32/STM32CubeIDE_1.13.2/STM32CubeIDE/plugins/com.st.stm32cube.ide.mcu.externaltools.gnu-tools-for-stm32.11.3.rel1.win32_1.1.1.202309131626/tools/bin/../lib/gcc/arm-none-eabi/11.3.1/../../../../arm-none-eabi/lib/thumb/v7e-m+fp/hard\libc_nano.a(libc_a-malloc.o)
 .ARM.attributes
                0x000000000000068b       0x34 D:/BBB/stm32/STM32CubeIDE_1.13.2/STM32CubeIDE/plugins/com.st.stm32cube.ide.mcu.externaltools.gnu-tools-for-stm32.11.3.rel1.win32_1.1.1.202309131626/tools/bin/../lib/gcc/arm-none-eabi/11.3.1/../../../../arm-none-eabi/lib/thumb/v7e-m+fp/hard\libc_nano.a(libc_a-mallocr.o)
 .ARM.attributes
                0x00000000000006bf       0x34 D:/BBB/stm32/STM32CubeIDE_1.13.2/STM32CubeIDE/plugins/com.st.stm32cube.ide.mcu.externaltools.gnu-tools-for-stm32.11.3.rel1.win32_1.1.1.202309131626/tools/bin/../lib/gcc/arm-none-eabi/11.3.1/../../../../arm-none-eabi/lib/thumb/v7e-m+fp/hard\libc_nano.a(libc_a-mlock.o)
 .ARM.attributes
                0x00000000000006f3       0x34 D:/BBB/stm32/STM32CubeIDE_1.13.2/STM32CubeIDE/plugins/com.st.stm32cube.ide.mcu.externaltools.gnu-tools-for-stm32.11.3.rel1.win32_1.1.1.202309131626/tools/bin/../lib/gcc/arm-none-eabi/11.3.1/../../../../arm-none-eabi/lib/thumb/v7e-m+fp/hard\libc_nano.a(libc_a-ctype_.o)
 .ARM.attributes
                0x0000000000000727       0x34 D:/BBB/stm32/STM32CubeIDE_1.13.2/STM32CubeIDE/plugins/com.st.stm32cube.ide.mcu.externaltools.gnu-tools-for-stm32.11.3.rel1.win32_1.1.1.202309131626/tools/bin/../lib/gcc/arm-none-eabi/11.3.1/../../../../arm-none-eabi/lib/thumb/v7e-m+fp/hard\libc_nano.a(libc_a-findfp.o)
 .ARM.attributes
                0x000000000000075b       0x34 D:/BBB/stm32/STM32CubeIDE_1.13.2/STM32CubeIDE/plugins/com.st.stm32cube.ide.mcu.externaltools.gnu-tools-for-stm32.11.3.rel1.win32_1.1.1.202309131626/tools/bin/../lib/gcc/arm-none-eabi/11.3.1/../../../../arm-none-eabi/lib/thumb/v7e-m+fp/hard\libc_nano.a(libc_a-memset.o)
 .ARM.attributes
                0x000000000000078f       0x34 D:/BBB/stm32/STM32CubeIDE_1.13.2/STM32CubeIDE/plugins/com.st.stm32cube.ide.mcu.externaltools.gnu-tools-for-stm32.11.3.rel1.win32_1.1.1.202309131626/tools/bin/../lib/gcc/arm-none-eabi/11.3.1/../../../../arm-none-eabi/lib/thumb/v7e-m+fp/hard\libc_nano.a(libc_a-signal.o)
 .ARM.attributes
                0x00000000000007c3       0x34 D:/BBB/stm32/STM32CubeIDE_1.13.2/STM32CubeIDE/plugins/com.st.stm32cube.ide.mcu.externaltools.gnu-tools-for-stm32.11.3.rel1.win32_1.1.1.202309131626/tools/bin/../lib/gcc/arm-none-eabi/11.3.1/../../../../arm-none-eabi/lib/thumb/v7e-m+fp/hard\libc_nano.a(libc_a-reent.o)
 .ARM.attributes
                0x00000000000007f7       0x34 D:/BBB/stm32/STM32CubeIDE_1.13.2/STM32CubeIDE/plugins/com.st.stm32cube.ide.mcu.externaltools.gnu-tools-for-stm32.11.3.rel1.win32_1.1.1.202309131626/tools/bin/../lib/gcc/arm-none-eabi/11.3.1/../../../../arm-none-eabi/lib/thumb/v7e-m+fp/hard\libc_nano.a(libc_a-impure.o)
 .ARM.attributes
                0x000000000000082b       0x34 D:/BBB/stm32/STM32CubeIDE_1.13.2/STM32CubeIDE/plugins/com.st.stm32cube.ide.mcu.externaltools.gnu-tools-for-stm32.11.3.rel1.win32_1.1.1.202309131626/tools/bin/../lib/gcc/arm-none-eabi/11.3.1/../../../../arm-none-eabi/lib/thumb/v7e-m+fp/hard\libc_nano.a(libc_a-signalr.o)
 .ARM.attributes
                0x000000000000085f       0x34 D:/BBB/stm32/STM32CubeIDE_1.13.2/STM32CubeIDE/plugins/com.st.stm32cube.ide.mcu.externaltools.gnu-tools-for-stm32.11.3.rel1.win32_1.1.1.202309131626/tools/bin/../lib/gcc/arm-none-eabi/11.3.1/../../../../arm-none-eabi/lib/thumb/v7e-m+fp/hard\libc_nano.a(libc_a-sbrkr.o)
 .ARM.attributes
                0x0000000000000893       0x34 D:/BBB/stm32/STM32CubeIDE_1.13.2/STM32CubeIDE/plugins/com.st.stm32cube.ide.mcu.externaltools.gnu-tools-for-stm32.11.3.rel1.win32_1.1.1.202309131626/tools/bin/../lib/gcc/arm-none-eabi/11.3.1/../../../../arm-none-eabi/lib/thumb/v7e-m+fp/hard\libc_nano.a(libc_a-errno.o)
 .ARM.attributes
                0x00000000000008c7       0x34 D:/BBB/stm32/STM32CubeIDE_1.13.2/STM32CubeIDE/plugins/com.st.stm32cube.ide.mcu.externaltools.gnu-tools-for-stm32.11.3.rel1.win32_1.1.1.202309131626/tools/bin/../lib/gcc/arm-none-eabi/11.3.1/../../../../arm-none-eabi/lib/thumb/v7e-m+fp/hard\libc_nano.a(libc_a-init.o)
 .ARM.attributes
                0x00000000000008fb       0x34 D:/BBB/stm32/STM32CubeIDE_1.13.2/STM32CubeIDE/plugins/com.st.stm32cube.ide.mcu.externaltools.gnu-tools-for-stm32.11.3.rel1.win32_1.1.1.202309131626/tools/bin/../lib/gcc/arm-none-eabi/11.3.1/../../../../arm-none-eabi/lib/thumb/v7e-m+fp/hard\libc_nano.a(libc_a-lock.o)
 .ARM.attributes
                0x000000000000092f       0x34 D:/BBB/stm32/STM32CubeIDE_1.13.2/STM32CubeIDE/plugins/com.st.stm32cube.ide.mcu.externaltools.gnu-tools-for-stm32.11.3.rel1.win32_1.1.1.202309131626/tools/bin/../lib/gcc/arm-none-eabi/11.3.1/../../../../arm-none-eabi/lib/thumb/v7e-m+fp/hard\libc_nano.a(libc_a-memcpy-stub.o)
 .ARM.attributes
                0x0000000000000963       0x17 D:/BBB/stm32/STM32CubeIDE_1.13.2/STM32CubeIDE/plugins/com.st.stm32cube.ide.mcu.externaltools.gnu-tools-for-stm32.11.3.rel1.win32_1.1.1.202309131626/tools/bin/../lib/gcc/arm-none-eabi/11.3.1/../../../../arm-none-eabi/lib/thumb/v7e-m+fp/hard\libc_nano.a(libc_a-strlen.o)
 .ARM.attributes
                0x000000000000097a       0x34 D:/BBB/stm32/STM32CubeIDE_1.13.2/STM32CubeIDE/plugins/com.st.stm32cube.ide.mcu.externaltools.gnu-tools-for-stm32.11.3.rel1.win32_1.1.1.202309131626/tools/bin/../lib/gcc/arm-none-eabi/11.3.1/../../../../arm-none-eabi/lib/thumb/v7e-m+fp/hard\libc_nano.a(libc_a-freer.o)
 .ARM.attributes
                0x00000000000009ae       0x1e D:/BBB/stm32/STM32CubeIDE_1.13.2/STM32CubeIDE/plugins/com.st.stm32cube.ide.mcu.externaltools.gnu-tools-for-stm32.11.3.rel1.win32_1.1.1.202309131626/tools/bin/../lib/gcc/arm-none-eabi/11.3.1/thumb/v7e-m+fp/hard\libgcc.a(_aeabi_uldivmod.o)
 .ARM.attributes
                0x00000000000009cc       0x34 D:/BBB/stm32/STM32CubeIDE_1.13.2/STM32CubeIDE/plugins/com.st.stm32cube.ide.mcu.externaltools.gnu-tools-for-stm32.11.3.rel1.win32_1.1.1.202309131626/tools/bin/../lib/gcc/arm-none-eabi/11.3.1/thumb/v7e-m+fp/hard\libgcc.a(_udivmoddi4.o)
 .ARM.attributes
                0x0000000000000a00       0x1e D:/BBB/stm32/STM32CubeIDE_1.13.2/STM32CubeIDE/plugins/com.st.stm32cube.ide.mcu.externaltools.gnu-tools-for-stm32.11.3.rel1.win32_1.1.1.202309131626/tools/bin/../lib/gcc/arm-none-eabi/11.3.1/thumb/v7e-m+fp/hard\libgcc.a(_dvmd_tls.o)
 .ARM.attributes
                0x0000000000000a1e       0x1e D:/BBB/stm32/STM32CubeIDE_1.13.2/STM32CubeIDE/plugins/com.st.stm32cube.ide.mcu.externaltools.gnu-tools-for-stm32.11.3.rel1.win32_1.1.1.202309131626/tools/bin/../lib/gcc/arm-none-eabi/11.3.1/thumb/v7e-m+fp/hard/crtn.o
OUTPUT(F411_D1.elf elf32-littlearm)
LOAD linker stubs
LOAD D:/BBB/stm32/STM32CubeIDE_1.13.2/STM32CubeIDE/plugins/com.st.stm32cube.ide.mcu.externaltools.gnu-tools-for-stm32.11.3.rel1.win32_1.1.1.202309131626/tools/bin/../lib/gcc/arm-none-eabi/11.3.1/../../../../arm-none-eabi/lib/thumb/v7e-m+fp/hard\libc.a
LOAD D:/BBB/stm32/STM32CubeIDE_1.13.2/STM32CubeIDE/plugins/com.st.stm32cube.ide.mcu.externaltools.gnu-tools-for-stm32.11.3.rel1.win32_1.1.1.202309131626/tools/bin/../lib/gcc/arm-none-eabi/11.3.1/../../../../arm-none-eabi/lib/thumb/v7e-m+fp/hard\libm.a
LOAD D:/BBB/stm32/STM32CubeIDE_1.13.2/STM32CubeIDE/plugins/com.st.stm32cube.ide.mcu.externaltools.gnu-tools-for-stm32.11.3.rel1.win32_1.1.1.202309131626/tools/bin/../lib/gcc/arm-none-eabi/11.3.1/thumb/v7e-m+fp/hard\libgcc.a

.comment        0x0000000000000000       0x43
 .comment       0x0000000000000000       0x43 D:/BBB/stm32/STM32CubeIDE_1.13.2/STM32CubeIDE/plugins/com.st.stm32cube.ide.mcu.externaltools.gnu-tools-for-stm32.11.3.rel1.win32_1.1.1.202309131626/tools/bin/../lib/gcc/arm-none-eabi/11.3.1/thumb/v7e-m+fp/hard/crtbegin.o
                                         0x44 (size before relaxing)
 .comment       0x0000000000000043       0x44 ./Core/Src/bridge.o
 .comment       0x0000000000000043       0x44 ./Core/Src/dma.o
 .comment       0x0000000000000043       0x44 ./Core/Src/flight_control.o
 .comment       0x0000000000000043       0x44 ./Core/Src/gpio.o
 .comment       0x0000000000000043       0x44 ./Core/Src/i2c.o
 .comment       0x0000000000000043       0x44 ./Core/Src/imu.o
 .comment       0x0000000000000043       0x44 ./Core/Src/main.o
 .comment       0x0000000000000043       0x44 ./Core/Src/remote_control.o
 .comment       0x0000000000000043       0x44 ./Core/Src/stm32f4xx_hal_msp.o
 .comment       0x0000000000000043       0x44 ./Core/Src/stm32f4xx_it.o
 .comment       0x0000000000000043       0x44 ./Core/Src/system_stm32f4xx.o
 .comment       0x0000000000000043       0x44 ./Core/Src/tim.o
 .comment       0x0000000000000043       0x44 ./Core/Src/usart.o
 .comment       0x0000000000000043       0x44 ./Core/Static_Src/bmi160.o
 .comment       0x0000000000000043       0x44 ./Core/Static_Src/bridge_common.o
 .comment       0x0000000000000043       0x44 ./Core/Static_Src/drone.o
 .comment       0x0000000000000043       0x44 ./Core/Static_Src/init.o
 .comment       0x0000000000000043       0x44 ./Core/Static_Src/queue.o
 .comment       0x0000000000000043       0x44 ./Core/Static_Src/syscalls.o
 .comment       0x0000000000000043       0x44 ./Core/Static_Src/sysmem.o
 .comment       0x0000000000000043       0x44 ./Drivers/STM32F4xx_HAL_Driver/Src/stm32f4xx_hal.o
 .comment       0x0000000000000043       0x44 ./Drivers/STM32F4xx_HAL_Driver/Src/stm32f4xx_hal_cortex.o
 .comment       0x0000000000000043       0x44 ./Drivers/STM32F4xx_HAL_Driver/Src/stm32f4xx_hal_dma.o
 .comment       0x0000000000000043       0x44 ./Drivers/STM32F4xx_HAL_Driver/Src/stm32f4xx_hal_gpio.o
 .comment       0x0000000000000043       0x44 ./Drivers/STM32F4xx_HAL_Driver/Src/stm32f4xx_hal_i2c.o
 .comment       0x0000000000000043       0x44 ./Drivers/STM32F4xx_HAL_Driver/Src/stm32f4xx_hal_rcc.o
 .comment       0x0000000000000043       0x44 ./Drivers/STM32F4xx_HAL_Driver/Src/stm32f4xx_hal_tim.o
 .comment       0x0000000000000043       0x44 ./Drivers/STM32F4xx_HAL_Driver/Src/stm32f4xx_hal_tim_ex.o
 .comment       0x0000000000000043       0x44 ./Drivers/STM32F4xx_HAL_Driver/Src/stm32f4xx_hal_uart.o

.debug_info     0x0000000000000000    0x28913
 .debug_info    0x0000000000000000     0x1652 ./Core/Src/bridge.o
 .debug_info    0x0000000000001652      0x46d ./Core/Src/dma.o
 .debug_info    0x0000000000001abf      0x6bd ./Core/Src/flight_control.o
 .debug_info    0x000000000000217c      0x289 ./Core/Src/gpio.o
 .debug_info    0x0000000000002405      0xa1b ./Core/Src/i2c.o
 .debug_info    0x0000000000002e20      0xe13 ./Core/Src/imu.o
 .debug_info    0x0000000000003c33     0x132e ./Core/Src/main.o
 .debug_info    0x0000000000004f61     0x14df ./Core/Src/remote_control.o
 .debug_info    0x0000000000006440      0x289 ./Core/Src/stm32f4xx_hal_msp.o
 .debug_info    0x00000000000066c9      0xcb9 ./Core/Src/stm32f4xx_it.o
 .debug_info    0x0000000000007382      0x553 ./Core/Src/system_stm32f4xx.o
 .debug_info    0x00000000000078d5     0x1cd3 ./Core/Src/tim.o
 .debug_info    0x00000000000095a8      0xcc9 ./Core/Src/usart.o
 .debug_info    0x000000000000a271       0x23 ./Core/Startup/startup_stm32f411ccux.o
 .debug_info    0x000000000000a294     0x9966 ./Core/Static_Src/bmi160.o
 .debug_info    0x0000000000013bfa      0x2b9 ./Core/Static_Src/bridge_common.o
 .debug_info    0x0000000000013eb3      0x968 ./Core/Static_Src/drone.o
 .debug_info    0x000000000001481b      0x16c ./Core/Static_Src/init.o
 .debug_info    0x0000000000014987      0x403 ./Core/Static_Src/queue.o
 .debug_info    0x0000000000014d8a      0x7a1 ./Core/Static_Src/syscalls.o
 .debug_info    0x000000000001552b      0x182 ./Core/Static_Src/sysmem.o
 .debug_info    0x00000000000156ad      0x998 ./Drivers/STM32F4xx_HAL_Driver/Src/stm32f4xx_hal.o
 .debug_info    0x0000000000016045      0xeee ./Drivers/STM32F4xx_HAL_Driver/Src/stm32f4xx_hal_cortex.o
 .debug_info    0x0000000000016f33      0xb1d ./Drivers/STM32F4xx_HAL_Driver/Src/stm32f4xx_hal_dma.o
 .debug_info    0x0000000000017a50      0x73e ./Drivers/STM32F4xx_HAL_Driver/Src/stm32f4xx_hal_gpio.o
 .debug_info    0x000000000001818e     0x43d4 ./Drivers/STM32F4xx_HAL_Driver/Src/stm32f4xx_hal_i2c.o
 .debug_info    0x000000000001c562      0xb14 ./Drivers/STM32F4xx_HAL_Driver/Src/stm32f4xx_hal_rcc.o
 .debug_info    0x000000000001d076     0x50b8 ./Drivers/STM32F4xx_HAL_Driver/Src/stm32f4xx_hal_tim.o
 .debug_info    0x000000000002212e     0x1cb7 ./Drivers/STM32F4xx_HAL_Driver/Src/stm32f4xx_hal_tim_ex.o
 .debug_info    0x0000000000023de5     0x4b2e ./Drivers/STM32F4xx_HAL_Driver/Src/stm32f4xx_hal_uart.o

.debug_abbrev   0x0000000000000000     0x49e5
 .debug_abbrev  0x0000000000000000      0x3c0 ./Core/Src/bridge.o
 .debug_abbrev  0x00000000000003c0      0x12c ./Core/Src/dma.o
 .debug_abbrev  0x00000000000004ec      0x245 ./Core/Src/flight_control.o
 .debug_abbrev  0x0000000000000731       0xd4 ./Core/Src/gpio.o
 .debug_abbrev  0x0000000000000805      0x226 ./Core/Src/i2c.o
 .debug_abbrev  0x0000000000000a2b      0x2ef ./Core/Src/imu.o
 .debug_abbrev  0x0000000000000d1a      0x2e8 ./Core/Src/main.o
 .debug_abbrev  0x0000000000001002      0x36d ./Core/Src/remote_control.o
 .debug_abbrev  0x000000000000136f       0xd4 ./Core/Src/stm32f4xx_hal_msp.o
 .debug_abbrev  0x0000000000001443      0x227 ./Core/Src/stm32f4xx_it.o
 .debug_abbrev  0x000000000000166a      0x11e ./Core/Src/system_stm32f4xx.o
 .debug_abbrev  0x0000000000001788      0x34d ./Core/Src/tim.o
 .debug_abbrev  0x0000000000001ad5      0x24d ./Core/Src/usart.o
 .debug_abbrev  0x0000000000001d22       0x12 ./Core/Startup/startup_stm32f411ccux.o
 .debug_abbrev  0x0000000000001d34      0x439 ./Core/Static_Src/bmi160.o
 .debug_abbrev  0x000000000000216d      0x198 ./Core/Static_Src/bridge_common.o
 .debug_abbrev  0x0000000000002305      0x294 ./Core/Static_Src/drone.o
 .debug_abbrev  0x0000000000002599       0xd9 ./Core/Static_Src/init.o
 .debug_abbrev  0x0000000000002672      0x1e4 ./Core/Static_Src/queue.o
 .debug_abbrev  0x0000000000002856      0x204 ./Core/Static_Src/syscalls.o
 .debug_abbrev  0x0000000000002a5a       0xda ./Core/Static_Src/sysmem.o
 .debug_abbrev  0x0000000000002b34      0x2ba ./Drivers/STM32F4xx_HAL_Driver/Src/stm32f4xx_hal.o
 .debug_abbrev  0x0000000000002dee      0x381 ./Drivers/STM32F4xx_HAL_Driver/Src/stm32f4xx_hal_cortex.o
 .debug_abbrev  0x000000000000316f      0x2f2 ./Drivers/STM32F4xx_HAL_Driver/Src/stm32f4xx_hal_dma.o
 .debug_abbrev  0x0000000000003461      0x212 ./Drivers/STM32F4xx_HAL_Driver/Src/stm32f4xx_hal_gpio.o
 .debug_abbrev  0x0000000000003673      0x433 ./Drivers/STM32F4xx_HAL_Driver/Src/stm32f4xx_hal_i2c.o
 .debug_abbrev  0x0000000000003aa6      0x34d ./Drivers/STM32F4xx_HAL_Driver/Src/stm32f4xx_hal_rcc.o
 .debug_abbrev  0x0000000000003df3      0x3e7 ./Drivers/STM32F4xx_HAL_Driver/Src/stm32f4xx_hal_tim.o
 .debug_abbrev  0x00000000000041da      0x3ae ./Drivers/STM32F4xx_HAL_Driver/Src/stm32f4xx_hal_tim_ex.o
 .debug_abbrev  0x0000000000004588      0x45d ./Drivers/STM32F4xx_HAL_Driver/Src/stm32f4xx_hal_uart.o

.debug_loclists
                0x0000000000000000    0x18a0f
 .debug_loclists
                0x0000000000000000      0x182 ./Core/Src/bridge.o
 .debug_loclists
                0x0000000000000182       0x17 ./Core/Src/flight_control.o
 .debug_loclists
                0x0000000000000199       0x3a ./Core/Src/i2c.o
 .debug_loclists
                0x00000000000001d3      0x1c6 ./Core/Src/imu.o
 .debug_loclists
                0x0000000000000399       0x2f ./Core/Src/main.o
 .debug_loclists
                0x00000000000003c8      0x798 ./Core/Src/remote_control.o
 .debug_loclists
                0x0000000000000b60       0xcb ./Core/Src/system_stm32f4xx.o
 .debug_loclists
                0x0000000000000c2b      0x167 ./Core/Src/tim.o
 .debug_loclists
                0x0000000000000d92       0x3b ./Core/Src/usart.o
 .debug_loclists
                0x0000000000000dcd     0xa01e ./Core/Static_Src/bmi160.o
 .debug_loclists
                0x000000000000adeb      0x102 ./Core/Static_Src/bridge_common.o
 .debug_loclists
                0x000000000000aeed      0x1e6 ./Core/Static_Src/drone.o
 .debug_loclists
                0x000000000000b0d3      0x106 ./Core/Static_Src/queue.o
 .debug_loclists
                0x000000000000b1d9      0x255 ./Core/Static_Src/syscalls.o
 .debug_loclists
                0x000000000000b42e       0x4e ./Core/Static_Src/sysmem.o
 .debug_loclists
                0x000000000000b47c       0xe2 ./Drivers/STM32F4xx_HAL_Driver/Src/stm32f4xx_hal.o
 .debug_loclists
                0x000000000000b55e      0x4a3 ./Drivers/STM32F4xx_HAL_Driver/Src/stm32f4xx_hal_cortex.o
 .debug_loclists
                0x000000000000ba01      0x6c4 ./Drivers/STM32F4xx_HAL_Driver/Src/stm32f4xx_hal_dma.o
 .debug_loclists
                0x000000000000c0c5      0x34f ./Drivers/STM32F4xx_HAL_Driver/Src/stm32f4xx_hal_gpio.o
 .debug_loclists
                0x000000000000c414     0x3780 ./Drivers/STM32F4xx_HAL_Driver/Src/stm32f4xx_hal_i2c.o
 .debug_loclists
                0x000000000000fb94      0x356 ./Drivers/STM32F4xx_HAL_Driver/Src/stm32f4xx_hal_rcc.o
 .debug_loclists
                0x000000000000feea     0x4950 ./Drivers/STM32F4xx_HAL_Driver/Src/stm32f4xx_hal_tim.o
 .debug_loclists
                0x000000000001483a      0xfea ./Drivers/STM32F4xx_HAL_Driver/Src/stm32f4xx_hal_tim_ex.o
 .debug_loclists
                0x0000000000015824     0x31eb ./Drivers/STM32F4xx_HAL_Driver/Src/stm32f4xx_hal_uart.o

.debug_aranges  0x0000000000000000     0x1080
 .debug_aranges
                0x0000000000000000       0x60 ./Core/Src/bridge.o
 .debug_aranges
                0x0000000000000060       0x20 ./Core/Src/dma.o
 .debug_aranges
                0x0000000000000080       0x30 ./Core/Src/flight_control.o
 .debug_aranges
                0x00000000000000b0       0x20 ./Core/Src/gpio.o
 .debug_aranges
                0x00000000000000d0       0x30 ./Core/Src/i2c.o
 .debug_aranges
                0x0000000000000100       0x48 ./Core/Src/imu.o
 .debug_aranges
                0x0000000000000148       0x30 ./Core/Src/main.o
 .debug_aranges
                0x0000000000000178       0x48 ./Core/Src/remote_control.o
 .debug_aranges
                0x00000000000001c0       0x20 ./Core/Src/stm32f4xx_hal_msp.o
 .debug_aranges
                0x00000000000001e0       0x80 ./Core/Src/stm32f4xx_it.o
 .debug_aranges
                0x0000000000000260       0x28 ./Core/Src/system_stm32f4xx.o
 .debug_aranges
                0x0000000000000288       0x88 ./Core/Src/tim.o
 .debug_aranges
                0x0000000000000310       0x30 ./Core/Src/usart.o
 .debug_aranges
                0x0000000000000340       0x28 ./Core/Startup/startup_stm32f411ccux.o
 .debug_aranges
                0x0000000000000368      0x140 ./Core/Static_Src/bmi160.o
 .debug_aranges
                0x00000000000004a8       0x48 ./Core/Static_Src/bridge_common.o
 .debug_aranges
                0x00000000000004f0       0xa8 ./Core/Static_Src/drone.o
 .debug_aranges
                0x0000000000000598       0x28 ./Core/Static_Src/init.o
 .debug_aranges
                0x00000000000005c0       0x30 ./Core/Static_Src/queue.o
 .debug_aranges
                0x00000000000005f0       0xa8 ./Core/Static_Src/syscalls.o
 .debug_aranges
                0x0000000000000698       0x20 ./Core/Static_Src/sysmem.o
 .debug_aranges
                0x00000000000006b8       0xe8 ./Drivers/STM32F4xx_HAL_Driver/Src/stm32f4xx_hal.o
 .debug_aranges
                0x00000000000007a0       0xa8 ./Drivers/STM32F4xx_HAL_Driver/Src/stm32f4xx_hal_cortex.o
 .debug_aranges
                0x0000000000000848       0x78 ./Drivers/STM32F4xx_HAL_Driver/Src/stm32f4xx_hal_dma.o
 .debug_aranges
                0x00000000000008c0       0x58 ./Drivers/STM32F4xx_HAL_Driver/Src/stm32f4xx_hal_gpio.o
 .debug_aranges
                0x0000000000000918      0x188 ./Drivers/STM32F4xx_HAL_Driver/Src/stm32f4xx_hal_i2c.o
 .debug_aranges
                0x0000000000000aa0       0x88 ./Drivers/STM32F4xx_HAL_Driver/Src/stm32f4xx_hal_rcc.o
 .debug_aranges
                0x0000000000000b28      0x290 ./Drivers/STM32F4xx_HAL_Driver/Src/stm32f4xx_hal_tim.o
 .debug_aranges
                0x0000000000000db8      0x110 ./Drivers/STM32F4xx_HAL_Driver/Src/stm32f4xx_hal_tim_ex.o
 .debug_aranges
                0x0000000000000ec8      0x1b8 ./Drivers/STM32F4xx_HAL_Driver/Src/stm32f4xx_hal_uart.o

.debug_rnglists
                0x0000000000000000     0x295a
 .debug_rnglists
                0x0000000000000000       0x50 ./Core/Src/bridge.o
 .debug_rnglists
                0x0000000000000050       0x22 ./Core/Src/dma.o
 .debug_rnglists
                0x0000000000000072       0x1f ./Core/Src/flight_control.o
 .debug_rnglists
                0x0000000000000091       0x1f ./Core/Src/gpio.o
 .debug_rnglists
                0x00000000000000b0       0x2e ./Core/Src/i2c.o
 .debug_rnglists
                0x00000000000000de       0x3d ./Core/Src/imu.o
 .debug_rnglists
                0x000000000000011b       0x41 ./Core/Src/main.o
 .debug_rnglists
                0x000000000000015c      0x14a ./Core/Src/remote_control.o
 .debug_rnglists
                0x00000000000002a6       0x1f ./Core/Src/stm32f4xx_hal_msp.o
 .debug_rnglists
                0x00000000000002c5       0x5b ./Core/Src/stm32f4xx_it.o
 .debug_rnglists
                0x0000000000000320       0x19 ./Core/Src/system_stm32f4xx.o
 .debug_rnglists
                0x0000000000000339      0x161 ./Core/Src/tim.o
 .debug_rnglists
                0x000000000000049a       0x38 ./Core/Src/usart.o
 .debug_rnglists
                0x00000000000004d2       0x19 ./Core/Startup/startup_stm32f411ccux.o
 .debug_rnglists
                0x00000000000004eb      0xce0 ./Core/Static_Src/bmi160.o
 .debug_rnglists
                0x00000000000011cb       0x31 ./Core/Static_Src/bridge_common.o
 .debug_rnglists
                0x00000000000011fc       0xdb ./Core/Static_Src/drone.o
 .debug_rnglists
                0x00000000000012d7       0x19 ./Core/Static_Src/init.o
 .debug_rnglists
                0x00000000000012f0       0x37 ./Core/Static_Src/queue.o
 .debug_rnglists
                0x0000000000001327       0x85 ./Core/Static_Src/syscalls.o
 .debug_rnglists
                0x00000000000013ac       0x13 ./Core/Static_Src/sysmem.o
 .debug_rnglists
                0x00000000000013bf       0xa9 ./Drivers/STM32F4xx_HAL_Driver/Src/stm32f4xx_hal.o
 .debug_rnglists
                0x0000000000001468       0xee ./Drivers/STM32F4xx_HAL_Driver/Src/stm32f4xx_hal_cortex.o
 .debug_rnglists
                0x0000000000001556       0x9f ./Drivers/STM32F4xx_HAL_Driver/Src/stm32f4xx_hal_dma.o
 .debug_rnglists
                0x00000000000015f5       0x4b ./Drivers/STM32F4xx_HAL_Driver/Src/stm32f4xx_hal_gpio.o
 .debug_rnglists
                0x0000000000001640      0x8f4 ./Drivers/STM32F4xx_HAL_Driver/Src/stm32f4xx_hal_i2c.o
 .debug_rnglists
                0x0000000000001f34       0xcf ./Drivers/STM32F4xx_HAL_Driver/Src/stm32f4xx_hal_rcc.o
 .debug_rnglists
                0x0000000000002003      0x55d ./Drivers/STM32F4xx_HAL_Driver/Src/stm32f4xx_hal_tim.o
 .debug_rnglists
                0x0000000000002560      0x146 ./Drivers/STM32F4xx_HAL_Driver/Src/stm32f4xx_hal_tim_ex.o
 .debug_rnglists
                0x00000000000026a6      0x2b4 ./Drivers/STM32F4xx_HAL_Driver/Src/stm32f4xx_hal_uart.o

.debug_line     0x0000000000000000    0x22274
 .debug_line    0x0000000000000000      0x89e ./Core/Src/bridge.o
 .debug_line    0x000000000000089e      0x299 ./Core/Src/dma.o
 .debug_line    0x0000000000000b37      0x3d8 ./Core/Src/flight_control.o
 .debug_line    0x0000000000000f0f      0x259 ./Core/Src/gpio.o
 .debug_line    0x0000000000001168      0x3dd ./Core/Src/i2c.o
 .debug_line    0x0000000000001545      0x6ae ./Core/Src/imu.o
 .debug_line    0x0000000000001bf3      0x68a ./Core/Src/main.o
 .debug_line    0x000000000000227d      0xad5 ./Core/Src/remote_control.o
 .debug_line    0x0000000000002d52      0x267 ./Core/Src/stm32f4xx_hal_msp.o
 .debug_line    0x0000000000002fb9      0x459 ./Core/Src/stm32f4xx_it.o
 .debug_line    0x0000000000003412      0x32d ./Core/Src/system_stm32f4xx.o
 .debug_line    0x000000000000373f      0xdd4 ./Core/Src/tim.o
 .debug_line    0x0000000000004513      0x420 ./Core/Src/usart.o
 .debug_line    0x0000000000004933       0x7a ./Core/Startup/startup_stm32f411ccux.o
 .debug_line    0x00000000000049ad     0x597d ./Core/Static_Src/bmi160.o
 .debug_line    0x000000000000a32a      0x3a0 ./Core/Static_Src/bridge_common.o
 .debug_line    0x000000000000a6ca      0x7cb ./Core/Static_Src/drone.o
 .debug_line    0x000000000000ae95      0x178 ./Core/Static_Src/init.o
 .debug_line    0x000000000000b00d      0x41a ./Core/Static_Src/queue.o
 .debug_line    0x000000000000b427      0x53a ./Core/Static_Src/syscalls.o
 .debug_line    0x000000000000b961      0x36b ./Core/Static_Src/sysmem.o
 .debug_line    0x000000000000bccc      0x6a4 ./Drivers/STM32F4xx_HAL_Driver/Src/stm32f4xx_hal.o
 .debug_line    0x000000000000c370      0x90e ./Drivers/STM32F4xx_HAL_Driver/Src/stm32f4xx_hal_cortex.o
 .debug_line    0x000000000000cc7e     0x1058 ./Drivers/STM32F4xx_HAL_Driver/Src/stm32f4xx_hal_dma.o
 .debug_line    0x000000000000dcd6      0x865 ./Drivers/STM32F4xx_HAL_Driver/Src/stm32f4xx_hal_gpio.o
 .debug_line    0x000000000000e53b     0x64b8 ./Drivers/STM32F4xx_HAL_Driver/Src/stm32f4xx_hal_i2c.o
 .debug_line    0x00000000000149f3      0xcd6 ./Drivers/STM32F4xx_HAL_Driver/Src/stm32f4xx_hal_rcc.o
 .debug_line    0x00000000000156c9     0x664a ./Drivers/STM32F4xx_HAL_Driver/Src/stm32f4xx_hal_tim.o
 .debug_line    0x000000000001bd13     0x19d5 ./Drivers/STM32F4xx_HAL_Driver/Src/stm32f4xx_hal_tim_ex.o
 .debug_line    0x000000000001d6e8     0x4b8c ./Drivers/STM32F4xx_HAL_Driver/Src/stm32f4xx_hal_uart.o

.debug_str      0x0000000000000000     0x7584
 .debug_str     0x0000000000000000      0xf18 ./Core/Src/bridge.o
                                       0x1148 (size before relaxing)
 .debug_str     0x0000000000000f18      0x4f6 ./Core/Src/dma.o
                                        0x68f (size before relaxing)
 .debug_str     0x000000000000140e       0xff ./Core/Src/flight_control.o
                                        0x5d8 (size before relaxing)
 .debug_str     0x000000000000150d       0x20 ./Core/Src/gpio.o
                                        0x2c9 (size before relaxing)
 .debug_str     0x000000000000152d       0xec ./Core/Src/i2c.o
                                        0x8c9 (size before relaxing)
 .debug_str     0x0000000000001619       0xfd ./Core/Src/imu.o
                                        0xaf4 (size before relaxing)
 .debug_str     0x0000000000001716      0x20f ./Core/Src/main.o
                                        0xfea (size before relaxing)
 .debug_str     0x0000000000001925      0x9a1 ./Core/Src/remote_control.o
                                       0x1017 (size before relaxing)
 .debug_str     0x00000000000022c6       0x2c ./Core/Src/stm32f4xx_hal_msp.o
                                        0x2d5 (size before relaxing)
 .debug_str     0x00000000000022f2      0x194 ./Core/Src/stm32f4xx_it.o
                                        0xdb1 (size before relaxing)
 .debug_str     0x0000000000002486       0xdb ./Core/Src/system_stm32f4xx.o
                                        0x38f (size before relaxing)
 .debug_str     0x0000000000002561      0x33b ./Core/Src/tim.o
                                       0x1301 (size before relaxing)
 .debug_str     0x000000000000289c       0x51 ./Core/Src/usart.o
                                        0xcdc (size before relaxing)
 .debug_str     0x00000000000028ed       0x34 ./Core/Startup/startup_stm32f411ccux.o
                                         0x62 (size before relaxing)
 .debug_str     0x0000000000002921     0x17be ./Core/Static_Src/bmi160.o
                                       0x1e0f (size before relaxing)
 .debug_str     0x00000000000040df       0xb3 ./Core/Static_Src/bridge_common.o
                                        0x2d5 (size before relaxing)
 .debug_str     0x0000000000004192      0x1f9 ./Core/Static_Src/drone.o
                                        0x47b (size before relaxing)
 .debug_str     0x000000000000438b       0xe6 ./Core/Static_Src/init.o
                                        0x281 (size before relaxing)
 .debug_str     0x0000000000004471       0xba ./Core/Static_Src/queue.o
                                        0x359 (size before relaxing)
 .debug_str     0x000000000000452b      0x230 ./Core/Static_Src/syscalls.o
                                        0x426 (size before relaxing)
 .debug_str     0x000000000000475b       0x9a ./Core/Static_Src/sysmem.o
                                        0x252 (size before relaxing)
 .debug_str     0x00000000000047f5      0x340 ./Drivers/STM32F4xx_HAL_Driver/Src/stm32f4xx_hal.o
                                        0xa26 (size before relaxing)
 .debug_str     0x0000000000004b35      0x42d ./Drivers/STM32F4xx_HAL_Driver/Src/stm32f4xx_hal_cortex.o
                                        0xadc (size before relaxing)
 .debug_str     0x0000000000004f62      0x2c8 ./Drivers/STM32F4xx_HAL_Driver/Src/stm32f4xx_hal_dma.o
                                        0x77e (size before relaxing)
 .debug_str     0x000000000000522a      0x116 ./Drivers/STM32F4xx_HAL_Driver/Src/stm32f4xx_hal_gpio.o
                                        0x4fa (size before relaxing)
 .debug_str     0x0000000000005340      0x880 ./Drivers/STM32F4xx_HAL_Driver/Src/stm32f4xx_hal_i2c.o
                                       0x103d (size before relaxing)
 .debug_str     0x0000000000005bc0      0x184 ./Drivers/STM32F4xx_HAL_Driver/Src/stm32f4xx_hal_rcc.o
                                        0x720 (size before relaxing)
 .debug_str     0x0000000000005d44      0xe35 ./Drivers/STM32F4xx_HAL_Driver/Src/stm32f4xx_hal_tim.o
                                       0x1d6a (size before relaxing)
 .debug_str     0x0000000000006b79      0x3df ./Drivers/STM32F4xx_HAL_Driver/Src/stm32f4xx_hal_tim_ex.o
                                       0x116f (size before relaxing)
 .debug_str     0x0000000000006f58      0x62c ./Drivers/STM32F4xx_HAL_Driver/Src/stm32f4xx_hal_uart.o
                                       0x106c (size before relaxing)

.debug_frame    0x0000000000000000     0x3da0
 .debug_frame   0x0000000000000000      0x124 ./Core/Src/bridge.o
 .debug_frame   0x0000000000000124       0x30 ./Core/Src/dma.o
 .debug_frame   0x0000000000000154       0x4c ./Core/Src/flight_control.o
 .debug_frame   0x00000000000001a0       0x28 ./Core/Src/gpio.o
 .debug_frame   0x00000000000001c8       0x70 ./Core/Src/i2c.o
 .debug_frame   0x0000000000000238       0xb8 ./Core/Src/imu.o
 .debug_frame   0x00000000000002f0       0x58 ./Core/Src/main.o
 .debug_frame   0x0000000000000348       0xf4 ./Core/Src/remote_control.o
 .debug_frame   0x000000000000043c       0x28 ./Core/Src/stm32f4xx_hal_msp.o
 .debug_frame   0x0000000000000464      0x124 ./Core/Src/stm32f4xx_it.o
 .debug_frame   0x0000000000000588       0x30 ./Core/Src/system_stm32f4xx.o
 .debug_frame   0x00000000000005b8      0x234 ./Core/Src/tim.o
 .debug_frame   0x00000000000007ec       0x70 ./Core/Src/usart.o
 .debug_frame   0x000000000000085c      0x688 ./Core/Static_Src/bmi160.o
 .debug_frame   0x0000000000000ee4       0x84 ./Core/Static_Src/bridge_common.o
 .debug_frame   0x0000000000000f68      0x144 ./Core/Static_Src/drone.o
 .debug_frame   0x00000000000010ac       0x30 ./Core/Static_Src/init.o
 .debug_frame   0x00000000000010dc       0x58 ./Core/Static_Src/queue.o
 .debug_frame   0x0000000000001134      0x190 ./Core/Static_Src/syscalls.o
 .debug_frame   0x00000000000012c4       0x28 ./Core/Static_Src/sysmem.o
 .debug_frame   0x00000000000012ec      0x1f4 ./Drivers/STM32F4xx_HAL_Driver/Src/stm32f4xx_hal.o
 .debug_frame   0x00000000000014e0      0x164 ./Drivers/STM32F4xx_HAL_Driver/Src/stm32f4xx_hal_cortex.o