Archive member included to satisfy reference by file (symbol)

D:/BBB/stm32/STM32CubeIDE_1.13.2/STM32CubeIDE/plugins/com.st.stm32cube.ide.mcu.externaltools.gnu-tools-for-stm32.11.3.rel1.win32_1.1.1.202309131626/tools/bin/../lib/gcc/arm-none-eabi/11.3.1/../../../../arm-none-eabi/lib/thumb/v7e-m+fp/hard\libc_nano.a(libc_a-atoi.o)
                              ./Core/Src/bridge.o (atoi)
D:/BBB/stm32/STM32CubeIDE_1.13.2/STM32CubeIDE/plugins/com.st.stm32cube.ide.mcu.externaltools.gnu-tools-for-stm32.11.3.rel1.win32_1.1.1.202309131626/tools/bin/../lib/gcc/arm-none-eabi/11.3.1/../../../../arm-none-eabi/lib/thumb/v7e-m+fp/hard\libc_nano.a(libc_a-exit.o)
                              D:/BBB/stm32/STM32CubeIDE_1.13.2/STM32CubeIDE/plugins/com.st.stm32cube.ide.mcu.externaltools.gnu-tools-for-stm32.11.3.rel1.win32_1.1.1.202309131626/tools/bin/../lib/gcc/arm-none-eabi/11.3.1/../../../../arm-none-eabi/lib/thumb/v7e-m+fp/hard/crt0.o (exit)
D:/BBB/stm32/STM32CubeIDE_1.13.2/STM32CubeIDE/plugins/com.st.stm32cube.ide.mcu.externaltools.gnu-tools-for-stm32.11.3.rel1.win32_1.1.1.202309131626/tools/bin/../lib/gcc/arm-none-eabi/11.3.1/../../../../arm-none-eabi/lib/thumb/v7e-m+fp/hard\libc_nano.a(libc_a-malloc.o)
                              ./Core/Static_Src/bridge_common.o (malloc)
D:/BBB/stm32/STM32CubeIDE_1.13.2/STM32CubeIDE/plugins/com.st.stm32cube.ide.mcu.externaltools.gnu-tools-for-stm32.11.3.rel1.win32_1.1.1.202309131626/tools/bin/../lib/gcc/arm-none-eabi/11.3.1/../../../../arm-none-eabi/lib/thumb/v7e-m+fp/hard\libc_nano.a(libc_a-mallocr.o)
                              D:/BBB/stm32/STM32CubeIDE_1.13.2/STM32CubeIDE/plugins/com.st.stm32cube.ide.mcu.externaltools.gnu-tools-for-stm32.11.3.rel1.win32_1.1.1.202309131626/tools/bin/../lib/gcc/arm-none-eabi/11.3.1/../../../../arm-none-eabi/lib/thumb/v7e-m+fp/hard\libc_nano.a(libc_a-malloc.o) (_malloc_r)
D:/BBB/stm32/STM32CubeIDE_1.13.2/STM32CubeIDE/plugins/com.st.stm32cube.ide.mcu.externaltools.gnu-tools-for-stm32.11.3.rel1.win32_1.1.1.202309131626/tools/bin/../lib/gcc/arm-none-eabi/11.3.1/../../../../arm-none-eabi/lib/thumb/v7e-m+fp/hard\libc_nano.a(libc_a-mlock.o)
                              D:/BBB/stm32/STM32CubeIDE_1.13.2/STM32CubeIDE/plugins/com.st.stm32cube.ide.mcu.externaltools.gnu-tools-for-stm32.11.3.rel1.win32_1.1.1.202309131626/tools/bin/../lib/gcc/arm-none-eabi/11.3.1/../../../../arm-none-eabi/lib/thumb/v7e-m+fp/hard\libc_nano.a(libc_a-mallocr.o) (__malloc_lock)
D:/BBB/stm32/STM32CubeIDE_1.13.2/STM32CubeIDE/plugins/com.st.stm32cube.ide.mcu.externaltools.gnu-tools-for-stm32.11.3.rel1.win32_1.1.1.202309131626/tools/bin/../lib/gcc/arm-none-eabi/11.3.1/../../../../arm-none-eabi/lib/thumb/v7e-m+fp/hard\libc_nano.a(libc_a-strtol.o)
                              D:/BBB/stm32/STM32CubeIDE_1.13.2/STM32CubeIDE/plugins/com.st.stm32cube.ide.mcu.externaltools.gnu-tools-for-stm32.11.3.rel1.win32_1.1.1.202309131626/tools/bin/../lib/gcc/arm-none-eabi/11.3.1/../../../../arm-none-eabi/lib/thumb/v7e-m+fp/hard\libc_nano.a(libc_a-atoi.o) (_strtol_r)
D:/BBB/stm32/STM32CubeIDE_1.13.2/STM32CubeIDE/plugins/com.st.stm32cube.ide.mcu.externaltools.gnu-tools-for-stm32.11.3.rel1.win32_1.1.1.202309131626/tools/bin/../lib/gcc/arm-none-eabi/11.3.1/../../../../arm-none-eabi/lib/thumb/v7e-m+fp/hard\libc_nano.a(libc_a-ctype_.o)
                              ./Core/Static_Src/bridge_common.o (_ctype_)
D:/BBB/stm32/STM32CubeIDE_1.13.2/STM32CubeIDE/plugins/com.st.stm32cube.ide.mcu.externaltools.gnu-tools-for-stm32.11.3.rel1.win32_1.1.1.202309131626/tools/bin/../lib/gcc/arm-none-eabi/11.3.1/../../../../arm-none-eabi/lib/thumb/v7e-m+fp/hard\libc_nano.a(libc_a-findfp.o)
                              D:/BBB/stm32/STM32CubeIDE_1.13.2/STM32CubeIDE/plugins/com.st.stm32cube.ide.mcu.externaltools.gnu-tools-for-stm32.11.3.rel1.win32_1.1.1.202309131626/tools/bin/../lib/gcc/arm-none-eabi/11.3.1/../../../../arm-none-eabi/lib/thumb/v7e-m+fp/hard\libc_nano.a(libc_a-exit.o) (__stdio_exit_handler)
D:/BBB/stm32/STM32CubeIDE_1.13.2/STM32CubeIDE/plugins/com.st.stm32cube.ide.mcu.externaltools.gnu-tools-for-stm32.11.3.rel1.win32_1.1.1.202309131626/tools/bin/../lib/gcc/arm-none-eabi/11.3.1/../../../../arm-none-eabi/lib/thumb/v7e-m+fp/hard\libc_nano.a(libc_a-fwalk.o)
                              D:/BBB/stm32/STM32CubeIDE_1.13.2/STM32CubeIDE/plugins/com.st.stm32cube.ide.mcu.externaltools.gnu-tools-for-stm32.11.3.rel1.win32_1.1.1.202309131626/tools/bin/../lib/gcc/arm-none-eabi/11.3.1/../../../../arm-none-eabi/lib/thumb/v7e-m+fp/hard\libc_nano.a(libc_a-findfp.o) (_fwalk_sglue)
D:/BBB/stm32/STM32CubeIDE_1.13.2/STM32CubeIDE/plugins/com.st.stm32cube.ide.mcu.externaltools.gnu-tools-for-stm32.11.3.rel1.win32_1.1.1.202309131626/tools/bin/../lib/gcc/arm-none-eabi/11.3.1/../../../../arm-none-eabi/lib/thumb/v7e-m+fp/hard\libc_nano.a(libc_a-stdio.o)
[...]
Memory Configuration

Name             Origin             Length             Attributes
RAM              0x0000000020000000 0x0000000000020000 xrw
FLASH            0x0000000008000000 0x0000000000040000 xr
*default*        0x0000000000000000 0xffffffffffffffff

Linker script and memory map

LOAD D:/BBB/stm32/STM32CubeIDE_1.13.2/STM32CubeIDE/plugins/com.st.stm32cube.ide.mcu.externaltools.gnu-tools-for-stm32.11.3.rel1.win32_1.1.1.202309131626/tools/bin/../lib/gcc/arm-none-eabi/11.3.1/thumb/v7e-m+fp/hard/crti.o
LOAD D:/BBB/stm32/STM32CubeIDE_1.13.2/STM32CubeIDE/plugins/com.st.stm32cube.ide.mcu.externaltools.gnu-tools-for-stm32.11.3.rel1.win32_1.1.1.202309131626/tools/bin/../lib/gcc/arm-none-eabi/11.3.1/thumb/v7e-m+fp/hard/crtbegin.o
LOAD D:/BBB/stm32/STM32CubeIDE_1.13.2/STM32CubeIDE/plugins/com.st.stm32cube.ide.mcu.externaltools.gnu-tools-for-stm32.11.3.rel1.win32_1.1.1.202309131626/tools/bin/../lib/gcc/arm-none-eabi/11.3.1/../../../../arm-none-eabi/lib/thumb/v7e-m+fp/hard/crt0.o
LOAD ./Core/Src/ahrs.o
LOAD ./Core/Src/bmm150.o
LOAD ./Core/Src/bmp2.o
LOAD ./Core/Src/bmp280.o
LOAD ./Core/Src/bridge.o
LOAD ./Core/Src/buzzer.o
LOAD ./Core/Src/calibration.o
LOAD ./Core/Src/flight_control.o
LOAD ./Core/Src/gpio.o
LOAD ./Core/Src/gps.o
LOAD ./Core/Src/i2c.o
LOAD ./Core/Src/imu.o
LOAD ./Core/Src/main.o
LOAD ./Core/Src/stm32f4xx_hal_msp.o
LOAD ./Core/Src/stm32f4xx_it.o
LOAD ./Core/Src/system_stm32f4xx.o
LOAD ./Core/Src/tim.o
LOAD ./Core/Src/u_ubx_protocol.o
LOAD ./Core/Src/ultrasonic.o
LOAD ./Core/Src/usart.o
LOAD ./Core/Startup/startup_stm32f411ccux.o
LOAD ./Core/Static_Src/ahrs_common.o
LOAD ./Core/Static_Src/basic_math.o
LOAD ./Core/Static_Src/bmi160.o
LOAD ./Core/Static_Src/bridge_common.o
LOAD ./Core/Static_Src/drone.o
LOAD ./Core/Static_Src/init.o
LOAD ./Core/Static_Src/quaternion.o
LOAD ./Core/Static_Src/queue.o
LOAD ./Core/Static_Src/syscalls.o
LOAD ./Core/Static_Src/sysmem.o
LOAD ./Drivers/STM32F4xx_HAL_Driver/Src/stm32f4xx_hal.o
LOAD ./Drivers/STM32F4xx_HAL_Driver/Src/stm32f4xx_hal_cortex.o
LOAD ./Drivers/STM32F4xx_HAL_Driver/Src/stm32f4xx_hal_dma.o
LOAD ./Drivers/STM32F4xx_HAL_Driver/Src/stm32f4xx_hal_dma_ex.o
LOAD ./Drivers/STM32F4xx_HAL_Driver/Src/stm32f4xx_hal_exti.o
LOAD ./Drivers/STM32F4xx_HAL_Driver/Src/stm32f4xx_hal_flash.o
LOAD ./Drivers/STM32F4xx_HAL_Driver/Src/stm32f4xx_hal_flash_ex.o
LOAD ./Drivers/STM32F4xx_HAL_Driver/Src/stm32f4xx_hal_flash_ramfunc.o
LOAD ./Drivers/STM32F4xx_HAL_Driver/Src/stm32f4xx_hal_gpio.o
LOAD ./Drivers/STM32F4xx_HAL_Driver/Src/stm32f4xx_hal_i2c.o
LOAD ./Drivers/STM32F4xx_HAL_Driver/Src/stm32f4xx_hal_i2c_ex.o
LOAD ./Drivers/STM32F4xx_HAL_Driver/Src/stm32f4xx_hal_pwr.o
LOAD ./Drivers/STM32F4xx_HAL_Driver/Src/stm32f4xx_hal_pwr_ex.o
LOAD ./Drivers/STM32F4xx_HAL_Driver/Src/stm32f4xx_hal_rcc.o
LOAD ./Drivers/STM32F4xx_HAL_Driver/Src/stm32f4xx_hal_rcc_ex.o
LOAD ./Drivers/STM32F4xx_HAL_Driver/Src/stm32f4xx_hal_tim.o
LOAD ./Drivers/STM32F4xx_HAL_Driver/Src/stm32f4xx_hal_tim_ex.o
LOAD ./Drivers/STM32F4xx_HAL_Driver/Src/stm32f4xx_hal_uart.o
START GROUP
LOAD D:/BBB/stm32/STM32CubeIDE_1.13.2/STM32CubeIDE/plugins/com.st.stm32cube.ide.mcu.externaltools.gnu-tools-for-stm32.11.3.rel1.win32_1.1.1.202309131626/tools/bin/../lib/gcc/arm-none-eabi/11.3.1/../../../../arm-none-eabi/lib/thumb/v7e-m+fp/hard\libc_nano.a
LOAD D:/BBB/stm32/STM32CubeIDE_1.13.2/STM32CubeIDE/plugins/com.st.stm32cube.ide.mcu.externaltools.gnu-tools-for-stm32.11.3.rel1.win32_1.1.1.202309131626/tools/bin/../lib/gcc/arm-none-eabi/11.3.1/../../../../arm-none-eabi/lib/thumb/v7e-m+fp/hard\libm.a
END GROUP
START GROUP
LOAD D:/BBB/stm32/STM32CubeIDE_1.13.2/STM32CubeIDE/plugins/com.st.stm32cube.ide.mcu.externaltools.gnu-tools-for-stm32.11.3.rel1.win32_1.1.1.202309131626/tools/bin/../lib/gcc/arm-none-eabi/11.3.1/thumb/v7e-m+fp/hard\libgcc.a
LOAD D:/BBB/stm32/STM32CubeIDE_1.13.2/STM32CubeIDE/plugins/com.st.stm32cube.ide.mcu.externaltools.gnu-tools-for-stm32.11.3.rel1.win32_1.1.1.202309131626/tools/bin/../lib/gcc/arm-none-eabi/11.3.1/../../../../arm-none-eabi/lib/thumb/v7e-m+fp/hard\libc_nano.a
END GROUP
START GROUP
LOAD D:/BBB/stm32/STM32CubeIDE_1.13.2/STM32CubeIDE/plugins/com.st.stm32cube.ide.mcu.externaltools.gnu-tools-for-stm32.11.3.rel1.win32_1.1.1.202309131626/tools/bin/../lib/gcc/arm-none-eabi/11.3.1/thumb/v7e-m+fp/hard\libgcc.a
LOAD D:/BBB/stm32/STM32CubeIDE_1.13.2/STM32CubeIDE/plugins/com.st.stm32cube.ide.mcu.externaltools.gnu-tools-for-stm32.11.3.rel1.win32_1.1.1.202309131626/tools/bin/../lib/gcc/arm-none-eabi/11.3.1/../../../../arm-none-eabi/lib/thumb/v7e-m+fp/hard\libc_nano.a
LOAD D:/BBB/stm32/STM32CubeIDE_1.13.2/STM32CubeIDE/plugins/com.st.stm32cube.ide.mcu.externaltools.gnu-tools-for-stm32.11.3.rel1.win32_1.1.1.202309131626/tools/bin/../lib/gcc/arm-none-eabi/11.3.1/../../../../arm-none-eabi/lib/thumb/v7e-m+fp/hard\libnosys.a
END GROUP
START GROUP
LOAD D:/BBB/stm32/STM32CubeIDE_1.13.2/STM32CubeIDE/plugins/com.st.stm32cube.ide.mcu.externaltools.gnu-tools-for-stm32.11.3.rel1.win32_1.1.1.202309131626/tools/bin/../lib/gcc/arm-none-eabi/11.3.1/thumb/v7e-m+fp/hard\libgcc.a
LOAD D:/BBB/stm32/STM32CubeIDE_1.13.2/STM32CubeIDE/plugins/com.st.stm32cube.ide.mcu.externaltools.gnu-tools-for-stm32.11.3.rel1.win32_1.1.1.202309131626/tools/bin/../lib/gcc/arm-none-eabi/11.3.1/../../../../arm-none-eabi/lib/thumb/v7e-m+fp/hard\libc_nano.a
LOAD D:/BBB/stm32/STM32CubeIDE_1.13.2/STM32CubeIDE/plugins/com.st.stm32cube.ide.mcu.externaltools.gnu-tools-for-stm32.11.3.rel1.win32_1.1.1.202309131626/tools/bin/../lib/gcc/arm-none-eabi/11.3.1/../../../../arm-none-eabi/lib/thumb/v7e-m+fp/hard\libnosys.a
END GROUP
LOAD D:/BBB/stm32/STM32CubeIDE_1.13.2/STM32CubeIDE/plugins/com.st.stm32cube.ide.mcu.externaltools.gnu-tools-for-stm32.11.3.rel1.win32_1.1.1.202309131626/tools/bin/../lib/gcc/arm-none-eabi/11.3.1/thumb/v7e-m+fp/hard/crtend.o
LOAD D:/BBB/stm32/STM32CubeIDE_1.13.2/STM32CubeIDE/plugins/com.st.stm32cube.ide.mcu.externaltools.gnu-tools-for-stm32.11.3.rel1.win32_1.1.1.202309131626/tools/bin/../lib/gcc/arm-none-eabi/11.3.1/thumb/v7e-m+fp/hard/crtn.o
                0x0000000020020000                _estack = (ORIGIN (RAM) + LENGTH (RAM))
                0x0000000000000200                _Min_Heap_Size = 0x200
                0x0000000000000400                _Min_Stack_Size = 0x400

.isr_vector     0x0000000008000000      0x198
                0x0000000008000000                . = ALIGN (0x4)
 *(.isr_vector)
 .isr_vector    0x0000000008000000      0x198 ./Core/Startup/startup_stm32f411ccux.o
                0x0000000008000000                g_pfnVectors
                0x0000000008000198                . = ALIGN (0x4)

.text           0x00000000080001a0     0x82b8
                0x00000000080001a0                . = ALIGN (0x4)
 *(.text)
 .text          0x00000000080001a0       0x40 D:/BBB/stm32/STM32CubeIDE_1.13.2/STM32CubeIDE/plugins/com.st.stm32cube.ide.mcu.externaltools.gnu-tools-for-stm32.11.3.rel1.win32_1.1.1.202309131626/tools/bin/../lib/gcc/arm-none-eabi/11.3.1/thumb/v7e-m+fp/hard/crtbegin.o
 .text          0x00000000080001e0       0x10 D:/BBB/stm32/STM32CubeIDE_1.13.2/STM32CubeIDE/plugins/com.st.stm32cube.ide.mcu.externaltools.gnu-tools-for-stm32.11.3.rel1.win32_1.1.1.202309131626/tools/bin/../lib/gcc/arm-none-eabi/11.3.1/../../../../arm-none-eabi/lib/thumb/v7e-m+fp/hard\libc_nano.a(libc_a-strlen.o)
                0x00000000080001e0                strlen
 .text          0x00000000080001f0       0xa0 D:/BBB/stm32/STM32CubeIDE_1.13.2/STM32CubeIDE/plugins/com.st.stm32cube.ide.mcu.externaltools.gnu-tools-for-stm32.11.3.rel1.win32_1.1.1.202309131626/tools/bin/../lib/gcc/arm-none-eabi/11.3.1/../../../../arm-none-eabi/lib/thumb/v7e-m+fp/hard\libc_nano.a(libc_a-memchr.o)
                0x00000000080001f0                memchr
 .text          0x0000000008000290      0x378 D:/BBB/stm32/STM32CubeIDE_1.13.2/STM32CubeIDE/plugins/com.st.stm32cube.ide.mcu.externaltools.gnu-tools-for-stm32.11.3.rel1.win32_1.1.1.202309131626/tools/bin/../lib/gcc/arm-none-eabi/11.3.1/thumb/v7e-m+fp/hard\libgcc.a(_arm_addsubdf3.o)
                0x0000000008000290                __aeabi_drsub
                0x0000000008000298                __aeabi_dsub
                0x0000000008000298                __subdf3
                0x000000000800029c                __aeabi_dadd
                0x000000000800029c                __adddf3
                0x0000000008000514                __floatunsidf
                0x0000000008000514                __aeabi_ui2d
                0x0000000008000534                __floatsidf
                0x0000000008000534                __aeabi_i2d
                0x0000000008000558                __aeabi_f2d
                0x0000000008000558                __extendsfdf2
                0x000000000800059c                __floatundidf
                0x000000000800059c                __aeabi_ul2d
                0x00000000080005ac                __floatdidf
                0x00000000080005ac                __aeabi_l2d
 .text          0x0000000008000608      0x424 D:/BBB/stm32/STM32CubeIDE_1.13.2/STM32CubeIDE/plugins/com.st.stm32cube.ide.mcu.externaltools.gnu-tools-for-stm32.11.3.rel1.win32_1.1.1.202309131626/tools/bin/../lib/gcc/arm-none-eabi/11.3.1/thumb/v7e-m+fp/hard\libgcc.a(_arm_muldivdf3.o)
                0x0000000008000608                __aeabi_dmul
                0x0000000008000608                __muldf3
                0x000000000800085c                __divdf3
                0x000000000800085c                __aeabi_ddiv
 .text          0x0000000008000a2c      0x110 D:/BBB/stm32/STM32CubeIDE_1.13.2/STM32CubeIDE/plugins/com.st.stm32cube.ide.mcu.externaltools.gnu-tools-for-stm32.11.3.rel1.win32_1.1.1.202309131626/tools/bin/../lib/gcc/arm-none-eabi/11.3.1/thumb/v7e-m+fp/hard\libgcc.a(_arm_cmpdf2.o)
                0x0000000008000a2c                __gtdf2
                0x0000000008000a2c                __gedf2
                0x0000000008000a34                __ltdf2
                0x0000000008000a34                __ledf2
                0x0000000008000a3c                __nedf2
                0x0000000008000a3c                __eqdf2
                0x0000000008000a3c                __cmpdf2
                0x0000000008000ab8                __aeabi_cdrcmple
                0x0000000008000ac8                __aeabi_cdcmpeq
                0x0000000008000ac8                __aeabi_cdcmple
                0x0000000008000ad8                __aeabi_dcmpeq
                0x0000000008000aec                __aeabi_dcmplt
                0x0000000008000b00                __aeabi_dcmple
                0x0000000008000b14                __aeabi_dcmpge
                0x0000000008000b28                __aeabi_dcmpgt
 .text          0x0000000008000b3c       0x50 D:/BBB/stm32/STM32CubeIDE_1.13.2/STM32CubeIDE/plugins/com.st.stm32cube.ide.mcu.externaltools.gnu-tools-for-stm32.11.3.rel1.win32_1.1.1.202309131626/tools/bin/../lib/gcc/arm-none-eabi/11.3.1/thumb/v7e-m+fp/hard\libgcc.a(_arm_fixdfsi.o)
                0x0000000008000b3c                __aeabi_d2iz
                0x0000000008000b3c                __fixdfsi
 .text          0x0000000008000b8c       0x30 D:/BBB/stm32/STM32CubeIDE_1.13.2/STM32CubeIDE/plugins/com.st.stm32cube.ide.mcu.externaltools.gnu-tools-for-stm32.11.3.rel1.win32_1.1.1.202309131626/tools/bin/../lib/gcc/arm-none-eabi/11.3.1/thumb/v7e-m+fp/hard\libgcc.a(_aeabi_uldivmod.o)
                0x0000000008000b8c                __aeabi_uldivmod
 .text          0x0000000008000bbc      0x2c8 D:/BBB/stm32/STM32CubeIDE_1.13.2/STM32CubeIDE/plugins/com.st.stm32cube.ide.mcu.externaltools.gnu-tools-for-stm32.11.3.rel1.win32_1.1.1.202309131626/tools/bin/../lib/gcc/arm-none-eabi/11.3.1/thumb/v7e-m+fp/hard\libgcc.a(_udivmoddi4.o)
                0x0000000008000bbc                __udivmoddi4
 .text          0x0000000008000e84        0x4 D:/BBB/stm32/STM32CubeIDE_1.13.2/STM32CubeIDE/plugins/com.st.stm32cube.ide.mcu.externaltools.gnu-tools-for-stm32.11.3.rel1.win32_1.1.1.202309131626/tools/bin/../lib/gcc/arm-none-eabi/11.3.1/thumb/v7e-m+fp/hard\libgcc.a(_dvmd_tls.o)
                0x0000000008000e84                __aeabi_idiv0
                0x0000000008000e84                __aeabi_ldiv0
 *(.text*)
 .text.ahrs_fusion_agm
                0x0000000008000e88      0x64c ./Core/Src/ahrs.o
                0x0000000008000e88                ahrs_fusion_agm
 .text.null_ptr_check
                0x00000000080014d4       0x20 ./Core/Src/bmm150.o
 .text.compensate_x
                0x00000000080014f4       0x80 ./Core/Src/bmm150.o
 .text.compensate_y
                0x0000000008001574       0x80 ./Core/Src/bmm150.o
 .text.compensate_z
                0x00000000080015f4       0x70 ./Core/Src/bmm150.o
 .text.bmm150_set_regs
                0x0000000008001664       0x2c ./Core/Src/bmm150.o
                0x0000000008001664                bmm150_set_regs
 .text.bmm150_get_regs
                0x0000000008001690       0x30 ./Core/Src/bmm150.o
                0x0000000008001690                bmm150_get_regs
 .text.set_power_control_bit
                0x00000000080016c0       0x42 ./Core/Src/bmm150.o
 .text.suspend_to_sleep_mode
                0x0000000008001702       0x2a ./Core/Src/bmm150.o
 .text.write_op_mode
                0x000000000800172c       0x38 ./Core/Src/bmm150.o
 .text.set_odr  0x0000000008001764       0x3e ./Core/Src/bmm150.o
 .text.set_odr_xyz_rep
                0x00000000080017a2       0x3a ./Core/Src/bmm150.o
 .text.bmm150_init
                0x00000000080017dc       0xb8 ./Core/Src/bmm150.o
                0x00000000080017dc                bmm150_init
 .text.bmm150_set_op_mode
                0x0000000008001894       0x72 ./Core/Src/bmm150.o
                0x0000000008001894                bmm150_set_op_mode
 .text.bmm150_set_presetmode
                0x0000000008001906       0x5a ./Core/Src/bmm150.o
                0x0000000008001906                bmm150_set_presetmode
 .text.bmm150_read_mag_data
                0x0000000008001960       0x80 ./Core/Src/bmm150.o
                0x0000000008001960                bmm150_read_mag_data
 .text.null_ptr_check
                0x00000000080019e0       0x1c ./Core/Src/bmp2.o
 .text.bmp2_get_regs
                0x00000000080019fc       0x32 ./Core/Src/bmp2.o
                0x00000000080019fc                bmp2_get_regs
 .text.bmp2_init
                0x0000000008001a2e       0x64 ./Core/Src/bmp2.o
                0x0000000008001a2e                bmp2_init
 .text.bmp2_set_regs
                0x0000000008001a92       0x7c ./Core/Src/bmp2.o
                0x0000000008001a92                bmp2_set_regs
 .text.bmp2_soft_reset
                0x0000000008001b0e       0x34 ./Core/Src/bmp2.o
                0x0000000008001b0e                bmp2_soft_reset
 .text.conf_sensor
                0x0000000008001b42       0xf8 ./Core/Src/bmp2.o
 .text.bmp2_get_config
                0x0000000008001c3a       0x46 ./Core/Src/bmp2.o
                0x0000000008001c3a                bmp2_get_config
 .text.bmp2_set_config
                0x0000000008001c80        0xa ./Core/Src/bmp2.o
                0x0000000008001c80                bmp2_set_config
 .text.bmp2_get_status
                0x0000000008001c8a       0x30 ./Core/Src/bmp2.o
                0x0000000008001c8a                bmp2_get_status
 .text.bmp2_set_power_mode
                0x0000000008001cba        0x4 ./Core/Src/bmp2.o
                0x0000000008001cba                bmp2_set_power_mode
 *fill*         0x0000000008001cbe        0x2 
 .text.bmp2_compensate_data
                0x0000000008001cc0      0x3c4 ./Core/Src/bmp2.o
                0x0000000008001cc0                bmp2_compensate_data
 .text.bmp2_get_sensor_data
                0x0000000008002084       0x8c ./Core/Src/bmp2.o
                0x0000000008002084                bmp2_get_sensor_data
 .text.bmp2_compute_meas_time
                0x0000000008002110       0x6c ./Core/Src/bmp2.o
                0x0000000008002110                bmp2_compute_meas_time
 .text.bmp280_i2c_read
                0x000000000800217c       0x6c ./Core/Src/bmp280.o
                0x000000000800217c                bmp280_i2c_read
 .text.bmp280_i2c_write
                0x00000000080021e8       0x58 ./Core/Src/bmp280.o
                0x00000000080021e8                bmp280_i2c_write
 .text.bmp280_delay_ms
                0x0000000008002240        0x6 ./Core/Src/bmp280.o
                0x0000000008002240                bmp280_delay_ms
 *fill*         0x0000000008002246        0x2 
 .text.bmp280_init
                0x0000000008002248       0x84 ./Core/Src/bmp280.o
                0x0000000008002248                bmp280_init
 .text.bmp280_get_data
                0x00000000080022cc       0x50 ./Core/Src/bmp280.o
                0x00000000080022cc                bmp280_get_data
 .text.get_bmp  0x000000000800231c        0x8 ./Core/Src/bmp280.o
                0x000000000800231c                get_bmp
 .text.receive  0x0000000008002324       0x14 ./Core/Src/bridge.o
 .text.transmit
                0x0000000008002338       0x24 ./Core/Src/bridge.o
 .text.bridge_signal_transmit_handler
                0x000000000800235c       0x20 ./Core/Src/bridge.o
 .text.bridge_signal_receive_handler
                0x000000000800237c       0x20 ./Core/Src/bridge.o
 .text.bridge_fc_rx_callback
                0x000000000800239c       0x88 ./Core/Src/bridge.o
 .text.bridge_init
                0x0000000008002424       0x58 ./Core/Src/bridge.o
                0x0000000008002424                bridge_init
 .text.buzzer_sound
                0x000000000800247c       0x64 ./Core/Src/buzzer.o
 .text.buzzer_init
                0x00000000080024e0       0x14 ./Core/Src/buzzer.o
                0x00000000080024e0                buzzer_init
 .text.buzzer_start
                0x00000000080024f4       0x28 ./Core/Src/buzzer.o
                0x00000000080024f4                buzzer_start
 .text.calibration
                0x000000000800251c      0x208 ./Core/Src/calibration.o
                0x000000000800251c                calibration
 .text.flight_imu_calibration
                0x0000000008002724        0x4 ./Core/Src/flight_control.o
                0x0000000008002724                flight_imu_calibration
 .text.flight_ahrs
                0x0000000008002728       0x6c ./Core/Src/flight_control.o
                0x0000000008002728                flight_ahrs
 .text.MX_GPIO_Init
                0x0000000008002794       0x58 ./Core/Src/gpio.o
                0x0000000008002794                MX_GPIO_Init
 .text.gps_parseNMEA
                0x00000000080027ec      0x1b8 ./Core/Src/gps.o
 .text.gps_init
                0x00000000080029a4       0x30 ./Core/Src/gps.o
                0x00000000080029a4                gps_init
 .text.gps_config_ubx
                0x00000000080029d4      0x1a4 ./Core/Src/gps.o
                0x00000000080029d4                gps_config_ubx
 .text.gps_get_data
                0x0000000008002b78      0x464 ./Core/Src/gps.o
                0x0000000008002b78                gps_get_data
 .text.MX_I2C1_Init
                0x0000000008002fdc       0x3c ./Core/Src/i2c.o
                0x0000000008002fdc                MX_I2C1_Init
 .text.MX_I2C2_Init
                0x0000000008003018       0x3c ./Core/Src/i2c.o
                0x0000000008003018                MX_I2C2_Init
 .text.MX_I2C3_Init
                0x0000000008003054       0x3c ./Core/Src/i2c.o
                0x0000000008003054                MX_I2C3_Init
 .text.HAL_I2C_MspInit
                0x0000000008003090      0x154 ./Core/Src/i2c.o
                0x0000000008003090                HAL_I2C_MspInit
 .text.bmm150_aux_delay_us
                0x00000000080031e4       0x18 ./Core/Src/imu.o
                0x00000000080031e4                bmm150_aux_delay_us
 .text.imu_delay_ms
                0x00000000080031fc        0x4 ./Core/Src/imu.o
                0x00000000080031fc                imu_delay_ms
 .text.imu_i2c_read
                0x0000000008003200       0x50 ./Core/Src/imu.o
                0x0000000008003200                imu_i2c_read
 .text.imu_i2c_write
                0x0000000008003250       0x50 ./Core/Src/imu.o
                0x0000000008003250                imu_i2c_write
 .text.bmm150_aux_read
                0x00000000080032a0        0x6 ./Core/Src/imu.o
                0x00000000080032a0                bmm150_aux_read
 .text.bmm150_aux_write
                0x00000000080032a6        0x6 ./Core/Src/imu.o
                0x00000000080032a6                bmm150_aux_write
 .text.imu_init
                0x00000000080032ac      0x14c ./Core/Src/imu.o
                0x00000000080032ac                imu_init
 .text.imu_get_data
                0x00000000080033f8       0x60 ./Core/Src/imu.o
                0x00000000080033f8                imu_get_data
 .text.get_imu  0x0000000008003458        0x8 ./Core/Src/imu.o
                0x0000000008003458                get_imu
 .text.SystemClock_Config
                0x0000000008003460       0x9c ./Core/Src/main.o
                0x0000000008003460                SystemClock_Config
 .text.startup.main
                0x00000000080034fc       0xd4 ./Core/Src/main.o
                0x00000000080034fc                main
 .text.Error_Handler
                0x00000000080035d0        0x4 ./Core/Src/main.o
                0x00000000080035d0                Error_Handler
 .text.HAL_MspInit
                0x00000000080035d4       0x38 ./Core/Src/stm32f4xx_hal_msp.o
                0x00000000080035d4                HAL_MspInit
 .text.NMI_Handler
                0x000000000800360c        0x2 ./Core/Src/stm32f4xx_it.o
                0x000000000800360c                NMI_Handler
 .text.HardFault_Handler
                0x000000000800360e        0x2 ./Core/Src/stm32f4xx_it.o
                0x000000000800360e                HardFault_Handler
 .text.MemManage_Handler
                0x0000000008003610        0x2 ./Core/Src/stm32f4xx_it.o
                0x0000000008003610                MemManage_Handler
 .text.BusFault_Handler
                0x0000000008003612        0x2 ./Core/Src/stm32f4xx_it.o
                0x0000000008003612                BusFault_Handler
 .text.UsageFault_Handler
                0x0000000008003614        0x2 ./Core/Src/stm32f4xx_it.o
                0x0000000008003614                UsageFault_Handler
 .text.SVC_Handler
                0x0000000008003616        0x2 ./Core/Src/stm32f4xx_it.o
                0x0000000008003616                SVC_Handler
 .text.DebugMon_Handler
                0x0000000008003618        0x2 ./Core/Src/stm32f4xx_it.o
                0x0000000008003618                DebugMon_Handler
 .text.PendSV_Handler
                0x000000000800361a        0x2 ./Core/Src/stm32f4xx_it.o
                0x000000000800361a                PendSV_Handler
 .text.SysTick_Handler
                0x000000000800361c        0x4 ./Core/Src/stm32f4xx_it.o
                0x000000000800361c                SysTick_Handler
 .text.USART1_IRQHandler
                0x0000000008003620        0xc ./Core/Src/stm32f4xx_it.o
                0x0000000008003620                USART1_IRQHandler
 .text.USART2_IRQHandler
                0x000000000800362c        0xc ./Core/Src/stm32f4xx_it.o
                0x000000000800362c                USART2_IRQHandler
 .text.SystemInit
                0x0000000008003638       0x14 ./Core/Src/system_stm32f4xx.o
                0x0000000008003638                SystemInit
 .text.MX_TIM4_Init
                0x000000000800364c       0x68 ./Core/Src/tim.o
                0x000000000800364c                MX_TIM4_Init
 .text.HAL_TIM_PWM_MspInit
                0x00000000080036b4       0x30 ./Core/Src/tim.o
                0x00000000080036b4                HAL_TIM_PWM_MspInit
 .text.HAL_TIM_Base_MspInit
                0x00000000080036e4       0x30 ./Core/Src/tim.o
                0x00000000080036e4                HAL_TIM_Base_MspInit
 .text.HAL_TIM_MspPostInit
                0x0000000008003714       0x54 ./Core/Src/tim.o
                0x0000000008003714                HAL_TIM_MspPostInit
 .text.MX_TIM3_Init
                0x0000000008003768       0x70 ./Core/Src/tim.o
                0x0000000008003768                MX_TIM3_Init
 .text.uUbxProtocolUint32Decode
                0x00000000080037d8       0x16 ./Core/Src/u_ubx_protocol.o
                0x00000000080037d8                uUbxProtocolUint32Decode
 .text.uUbxProtocolDecode
                0x00000000080037ee       0xe6 ./Core/Src/u_ubx_protocol.o
                0x00000000080037ee                uUbxProtocolDecode
 .text.ultrasonic_i2c_write
                0x00000000080038d4       0x70 ./Core/Src/ultrasonic.o
                0x00000000080038d4                ultrasonic_i2c_write
 .text.ultrasonic_i2c_read
                0x0000000008003944       0x68 ./Core/Src/ultrasonic.o
                0x0000000008003944                ultrasonic_i2c_read
 .text.ultrasonic_init
                0x00000000080039ac       0x40 ./Core/Src/ultrasonic.o
                0x00000000080039ac                ultrasonic_init
 .text.ultrasonic_get_data
                0x00000000080039ec       0x6c ./Core/Src/ultrasonic.o
                0x00000000080039ec                ultrasonic_get_data
 .text.MX_USART1_UART_Init
                0x0000000008003a58       0x38 ./Core/Src/usart.o
                0x0000000008003a58                MX_USART1_UART_Init
 .text.MX_USART2_UART_Init
                0x0000000008003a90       0x38 ./Core/Src/usart.o
                0x0000000008003a90                MX_USART2_UART_Init
 .text.HAL_UART_MspInit
                0x0000000008003ac8       0xdc ./Core/Src/usart.o
                0x0000000008003ac8                HAL_UART_MspInit
 .text.Reset_Handler
                0x0000000008003ba4       0x50 ./Core/Startup/startup_stm32f411ccux.o
                0x0000000008003ba4                Reset_Handler
 .text.Default_Handler
                0x0000000008003bf4        0x2 ./Core/Startup/startup_stm32f411ccux.o
                0x0000000008003bf4                RTC_Alarm_IRQHandler
                0x0000000008003bf4                EXTI2_IRQHandler
                0x0000000008003bf4                SPI4_IRQHandler
                0x0000000008003bf4                TIM1_CC_IRQHandler
                0x0000000008003bf4                DMA2_Stream5_IRQHandler
                0x0000000008003bf4                DMA1_Stream5_IRQHandler
                0x0000000008003bf4                PVD_IRQHandler
                0x0000000008003bf4                SDIO_IRQHandler
                0x0000000008003bf4                TAMP_STAMP_IRQHandler
                0x0000000008003bf4                EXTI3_IRQHandler
                0x0000000008003bf4                TIM1_UP_TIM10_IRQHandler
                0x0000000008003bf4                I2C3_ER_IRQHandler
                0x0000000008003bf4                EXTI0_IRQHandler
                0x0000000008003bf4                I2C2_EV_IRQHandler
                0x0000000008003bf4                DMA1_Stream2_IRQHandler
                0x0000000008003bf4                FPU_IRQHandler
                0x0000000008003bf4                DMA2_Stream2_IRQHandler
                0x0000000008003bf4                SPI1_IRQHandler
                0x0000000008003bf4                TIM1_BRK_TIM9_IRQHandler
                0x0000000008003bf4                DMA2_Stream3_IRQHandler
                0x0000000008003bf4                USART6_IRQHandler
                0x0000000008003bf4                DMA2_Stream0_IRQHandler
                0x0000000008003bf4                TIM4_IRQHandler
                0x0000000008003bf4                I2C1_EV_IRQHandler
                0x0000000008003bf4                DMA1_Stream6_IRQHandler
                0x0000000008003bf4                DMA1_Stream1_IRQHandler
                0x0000000008003bf4                TIM3_IRQHandler
                0x0000000008003bf4                RCC_IRQHandler
                0x0000000008003bf4                Default_Handler
                0x0000000008003bf4                EXTI15_10_IRQHandler
                0x0000000008003bf4                ADC_IRQHandler
                0x0000000008003bf4                DMA1_Stream7_IRQHandler
                0x0000000008003bf4                SPI5_IRQHandler
                0x0000000008003bf4                TIM5_IRQHandler
                0x0000000008003bf4                DMA2_Stream7_IRQHandler
                0x0000000008003bf4                I2C3_EV_IRQHandler
                0x0000000008003bf4                EXTI9_5_IRQHandler
                0x0000000008003bf4                RTC_WKUP_IRQHandler
                0x0000000008003bf4                SPI2_IRQHandler
                0x0000000008003bf4                DMA1_Stream0_IRQHandler
                0x0000000008003bf4                EXTI4_IRQHandler
                0x0000000008003bf4                WWDG_IRQHandler
                0x0000000008003bf4                TIM2_IRQHandler
                0x0000000008003bf4                OTG_FS_WKUP_IRQHandler
                0x0000000008003bf4                TIM1_TRG_COM_TIM11_IRQHandler
                0x0000000008003bf4                EXTI1_IRQHandler
                0x0000000008003bf4                I2C2_ER_IRQHandler
                0x0000000008003bf4                DMA2_Stream1_IRQHandler
                0x0000000008003bf4                FLASH_IRQHandler
                0x0000000008003bf4                DMA2_Stream4_IRQHandler
                0x0000000008003bf4                OTG_FS_IRQHandler
                0x0000000008003bf4                SPI3_IRQHandler
                0x0000000008003bf4                DMA1_Stream4_IRQHandler
                0x0000000008003bf4                I2C1_ER_IRQHandler
                0x0000000008003bf4                DMA2_Stream6_IRQHandler
                0x0000000008003bf4                DMA1_Stream3_IRQHandler
 *fill*         0x0000000008003bf6        0x2 
 .text.ahrs_fusion_ag
                0x0000000008003bf8      0x2e8 ./Core/Static_Src/ahrs_common.o
                0x0000000008003bf8                ahrs_fusion_ag
 .text.math_max
                0x0000000008003ee0        0x8 ./Core/Static_Src/basic_math.o
                0x0000000008003ee0                math_max
 .text.math_min
                0x0000000008003ee8        0x8 ./Core/Static_Src/basic_math.o
                0x0000000008003ee8                math_min
 .text.math_abs
                0x0000000008003ef0        0xa ./Core/Static_Src/basic_math.o
                0x0000000008003ef0                math_abs
 .text.math_sqrt
                0x0000000008003efa       0x28 ./Core/Static_Src/basic_math.o
                0x0000000008003efa                math_sqrt
 *fill*         0x0000000008003f22        0x2 
 .text.math_inv_sqrt
                0x0000000008003f24       0x2c ./Core/Static_Src/basic_math.o
                0x0000000008003f24                math_inv_sqrt
 .text.null_ptr_check
                0x0000000008003f50       0x1c ./Core/Static_Src/bmi160.o
 .text.bmi160_get_regs
                0x0000000008003f6c       0x32 ./Core/Static_Src/bmi160.o
                0x0000000008003f6c                bmi160_get_regs
 .text.bmi160_set_regs
                0x0000000008003f9e       0x88 ./Core/Static_Src/bmi160.o
                0x0000000008003f9e                bmi160_set_regs
 *fill*         0x0000000008004026        0x2 
 .text.bmi160_soft_reset
                0x0000000008004028       0x64 ./Core/Static_Src/bmi160.o
                0x0000000008004028                bmi160_soft_reset
 .text.bmi160_init
                0x000000000800408c       0x6c ./Core/Static_Src/bmi160.o
                0x000000000800408c                bmi160_init
 .text.bmi160_set_power_mode
                0x00000000080040f8      0x102 ./Core/Static_Src/bmi160.o
                0x00000000080040f8                bmi160_set_power_mode
 .text.bmi160_set_sens_conf
                0x00000000080041fa      0x190 ./Core/Static_Src/bmi160.o
                0x00000000080041fa                bmi160_set_sens_conf
 .text.bmi160_get_sensor_data
                0x000000000800438a      0x13c ./Core/Static_Src/bmi160.o
                0x000000000800438a                bmi160_get_sensor_data
 .text.bmi160_aux_read
                0x00000000080044c6       0xd4 ./Core/Static_Src/bmi160.o
                0x00000000080044c6                bmi160_aux_read
 .text.bmi160_aux_write
                0x000000000800459a       0x74 ./Core/Static_Src/bmi160.o
                0x000000000800459a                bmi160_aux_write
 .text.bmi160_config_aux_mode
                0x000000000800460e       0x5e ./Core/Static_Src/bmi160.o
                0x000000000800460e                bmi160_config_aux_mode
 .text.bmi160_aux_init
                0x000000000800466c       0x76 ./Core/Static_Src/bmi160.o
                0x000000000800466c                bmi160_aux_init
 .text.bmi160_set_aux_auto_mode
                0x00000000080046e2       0x84 ./Core/Static_Src/bmi160.o
                0x00000000080046e2                bmi160_set_aux_auto_mode
 .text.bridge_validate_data
                0x0000000008004766       0x12 ./Core/Static_Src/bridge_common.o
                0x0000000008004766                bridge_validate_data
 .text.bridge_get_transmit_sigint
                0x0000000008004778        0x6 ./Core/Static_Src/bridge_common.o
                0x0000000008004778                bridge_get_transmit_sigint
 .text.bridge_get_receive_sigint
                0x000000000800477e        0x6 ./Core/Static_Src/bridge_common.o
                0x000000000800477e                bridge_get_receive_sigint
 .text.bridge_get_semicolon
                0x0000000008004784        0x8 ./Core/Static_Src/bridge_common.o
                0x0000000008004784                bridge_get_semicolon
 .text.drone_queue_control
                0x000000000800478c       0xf0 ./Core/Static_Src/drone.o
                0x000000000800478c                drone_queue_control
 .text.get_queues_rc
                0x000000000800487c        0x8 ./Core/Static_Src/drone.o
                0x000000000800487c                get_queues_rc
 .text.get_memory_order
                0x0000000008004884        0x8 ./Core/Static_Src/init.o
                0x0000000008004884                get_memory_order
 .text.pre_init
                0x000000000800488c       0x14 ./Core/Static_Src/init.o
                0x000000000800488c                pre_init
 .text.quaternion_to_euler
                0x00000000080048a0       0x8a ./Core/Static_Src/quaternion.o
                0x00000000080048a0                quaternion_to_euler
 .text.queue_data_available
                0x000000000800492a        0xe ./Core/Static_Src/queue.o
                0x000000000800492a                queue_data_available
 .text.queue_enqueue
                0x0000000008004938       0x3a ./Core/Static_Src/queue.o
                0x0000000008004938                queue_enqueue
 .text.queue_dequeue
                0x0000000008004972       0x38 ./Core/Static_Src/queue.o
                0x0000000008004972                queue_dequeue
 .text._getpid  0x00000000080049aa        0x4 ./Core/Static_Src/syscalls.o
                0x00000000080049aa                _getpid
 .text._kill    0x00000000080049ae       0x10 ./Core/Static_Src/syscalls.o
                0x00000000080049ae                _kill
 .text._exit    0x00000000080049be        0xc ./Core/Static_Src/syscalls.o
                0x00000000080049be                _exit
 .text._read    0x00000000080049ca       0x1c ./Core/Static_Src/syscalls.o
                0x00000000080049ca                _read
 .text._write   0x00000000080049e6       0x1c ./Core/Static_Src/syscalls.o
                0x00000000080049e6                _write
 .text._close   0x0000000008004a02        0x6 ./Core/Static_Src/syscalls.o
                0x0000000008004a02                _close
 .text._fstat   0x0000000008004a08        0xa ./Core/Static_Src/syscalls.o
                0x0000000008004a08                _fstat
 .text._isatty  0x0000000008004a12        0x4 ./Core/Static_Src/syscalls.o
                0x0000000008004a12                _isatty
 .text._lseek   0x0000000008004a16        0x4 ./Core/Static_Src/syscalls.o
                0x0000000008004a16                _lseek
 *fill*         0x0000000008004a1a        0x2 
 .text._sbrk    0x0000000008004a1c       0x40 ./Core/Static_Src/sysmem.o
                0x0000000008004a1c                _sbrk
 .text.HAL_InitTick
                0x0000000008004a5c       0x48 ./Drivers/STM32F4xx_HAL_Driver/Src/stm32f4xx_hal.o
                0x0000000008004a5c                HAL_InitTick
 .text.HAL_Init
                0x0000000008004aa4       0x34 ./Drivers/STM32F4xx_HAL_Driver/Src/stm32f4xx_hal.o
                0x0000000008004aa4                HAL_Init
 .text.HAL_IncTick
                0x0000000008004ad8       0x18 ./Drivers/STM32F4xx_HAL_Driver/Src/stm32f4xx_hal.o
                0x0000000008004ad8                HAL_IncTick
 .text.HAL_GetTick
                0x0000000008004af0        0xc ./Drivers/STM32F4xx_HAL_Driver/Src/stm32f4xx_hal.o
                0x0000000008004af0                HAL_GetTick
 .text.HAL_Delay
                0x0000000008004afc       0x28 ./Drivers/STM32F4xx_HAL_Driver/Src/stm32f4xx_hal.o
                0x0000000008004afc                HAL_Delay
 .text.HAL_NVIC_SetPriorityGrouping
                0x0000000008004b24       0x24 ./Drivers/STM32F4xx_HAL_Driver/Src/stm32f4xx_hal_cortex.o
                0x0000000008004b24                HAL_NVIC_SetPriorityGrouping
 .text.HAL_NVIC_SetPriority
                0x0000000008004b48       0x64 ./Drivers/STM32F4xx_HAL_Driver/Src/stm32f4xx_hal_cortex.o
                0x0000000008004b48                HAL_NVIC_SetPriority
 .text.HAL_NVIC_EnableIRQ
                0x0000000008004bac       0x1c ./Drivers/STM32F4xx_HAL_Driver/Src/stm32f4xx_hal_cortex.o
                0x0000000008004bac                HAL_NVIC_EnableIRQ
 .text.HAL_SYSTICK_Config
                0x0000000008004bc8       0x28 ./Drivers/STM32F4xx_HAL_Driver/Src/stm32f4xx_hal_cortex.o
                0x0000000008004bc8                HAL_SYSTICK_Config
 .text.HAL_DMA_Abort
                0x0000000008004bf0       0x7e ./Drivers/STM32F4xx_HAL_Driver/Src/stm32f4xx_hal_dma.o
                0x0000000008004bf0                HAL_DMA_Abort
 .text.HAL_DMA_Abort_IT
                0x0000000008004c6e       0x24 ./Drivers/STM32F4xx_HAL_Driver/Src/stm32f4xx_hal_dma.o
                0x0000000008004c6e                HAL_DMA_Abort_IT
 .text.HAL_DMA_GetError
                0x0000000008004c92        0x4 ./Drivers/STM32F4xx_HAL_Driver/Src/stm32f4xx_hal_dma.o
                0x0000000008004c92                HAL_DMA_GetError
 *fill*         0x0000000008004c96        0x2 
 .text.HAL_GPIO_Init
                0x0000000008004c98      0x190 ./Drivers/STM32F4xx_HAL_Driver/Src/stm32f4xx_hal_gpio.o
                0x0000000008004c98                HAL_GPIO_Init
 .text.HAL_GPIO_ReadPin
                0x0000000008004e28        0xc ./Drivers/STM32F4xx_HAL_Driver/Src/stm32f4xx_hal_gpio.o
                0x0000000008004e28                HAL_GPIO_ReadPin
 .text.I2C_IsAcknowledgeFailed
                0x0000000008004e34       0x34 ./Drivers/STM32F4xx_HAL_Driver/Src/stm32f4xx_hal_i2c.o
 .text.I2C_WaitOnFlagUntilTimeout
                0x0000000008004e68       0x64 ./Drivers/STM32F4xx_HAL_Driver/Src/stm32f4xx_hal_i2c.o
 .text.I2C_WaitOnMasterAddressFlagUntilTimeout
                0x0000000008004ecc       0x76 ./Drivers/STM32F4xx_HAL_Driver/Src/stm32f4xx_hal_i2c.o
 .text.I2C_WaitOnRXNEFlagUntilTimeout
                0x0000000008004f42       0x5e ./Drivers/STM32F4xx_HAL_Driver/Src/stm32f4xx_hal_i2c.o
 .text.I2C_WaitOnTXEFlagUntilTimeout
                0x0000000008004fa0       0x4c ./Drivers/STM32F4xx_HAL_Driver/Src/stm32f4xx_hal_i2c.o
 .text.I2C_WaitOnBTFFlagUntilTimeout
                0x0000000008004fec       0x4c ./Drivers/STM32F4xx_HAL_Driver/Src/stm32f4xx_hal_i2c.o
 .text.HAL_I2C_Init
                0x0000000008005038      0x150 ./Drivers/STM32F4xx_HAL_Driver/Src/stm32f4xx_hal_i2c.o
                0x0000000008005038                HAL_I2C_Init
 .text.HAL_I2C_Master_Transmit
                0x0000000008005188      0x1b0 ./Drivers/STM32F4xx_HAL_Driver/Src/stm32f4xx_hal_i2c.o
                0x0000000008005188                HAL_I2C_Master_Transmit
 .text.HAL_I2C_Master_Receive
                0x0000000008005338      0x2e0 ./Drivers/STM32F4xx_HAL_Driver/Src/stm32f4xx_hal_i2c.o
                0x0000000008005338                HAL_I2C_Master_Receive
 .text.HAL_I2C_IsDeviceReady
                0x0000000008005618      0x160 ./Drivers/STM32F4xx_HAL_Driver/Src/stm32f4xx_hal_i2c.o
                0x0000000008005618                HAL_I2C_IsDeviceReady
 .text.HAL_RCC_OscConfig
                0x0000000008005778      0x358 ./Drivers/STM32F4xx_HAL_Driver/Src/stm32f4xx_hal_rcc.o
                0x0000000008005778                HAL_RCC_OscConfig
 .text.HAL_RCC_GetSysClockFreq
                0x0000000008005ad0       0x5c ./Drivers/STM32F4xx_HAL_Driver/Src/stm32f4xx_hal_rcc.o
                0x0000000008005ad0                HAL_RCC_GetSysClockFreq
 .text.HAL_RCC_ClockConfig
                0x0000000008005b2c      0x134 ./Drivers/STM32F4xx_HAL_Driver/Src/stm32f4xx_hal_rcc.o
                0x0000000008005b2c                HAL_RCC_ClockConfig
 .text.HAL_RCC_GetPCLK1Freq
                0x0000000008005c60       0x20 ./Drivers/STM32F4xx_HAL_Driver/Src/stm32f4xx_hal_rcc.o
                0x0000000008005c60                HAL_RCC_GetPCLK1Freq
 .text.HAL_RCC_GetPCLK2Freq
                0x0000000008005c80       0x20 ./Drivers/STM32F4xx_HAL_Driver/Src/stm32f4xx_hal_rcc.o
                0x0000000008005c80                HAL_RCC_GetPCLK2Freq
 .text.TIM_OC1_SetConfig
                0x0000000008005ca0       0x50 ./Drivers/STM32F4xx_HAL_Driver/Src/stm32f4xx_hal_tim.o
 .text.TIM_OC3_SetConfig
                0x0000000008005cf0       0x54 ./Drivers/STM32F4xx_HAL_Driver/Src/stm32f4xx_hal_tim.o
 .text.TIM_OC4_SetConfig
                0x0000000008005d44       0x44 ./Drivers/STM32F4xx_HAL_Driver/Src/stm32f4xx_hal_tim.o
 .text.HAL_TIM_Base_Start
                0x0000000008005d88       0x5c ./Drivers/STM32F4xx_HAL_Driver/Src/stm32f4xx_hal_tim.o
                0x0000000008005d88                HAL_TIM_Base_Start
 .text.TIM_Base_SetConfig
                0x0000000008005de4       0x9c ./Drivers/STM32F4xx_HAL_Driver/Src/stm32f4xx_hal_tim.o
                0x0000000008005de4                TIM_Base_SetConfig
 .text.HAL_TIM_Base_Init
                0x0000000008005e80       0x58 ./Drivers/STM32F4xx_HAL_Driver/Src/stm32f4xx_hal_tim.o
                0x0000000008005e80                HAL_TIM_Base_Init
 .text.HAL_TIM_PWM_Init
                0x0000000008005ed8       0x58 ./Drivers/STM32F4xx_HAL_Driver/Src/stm32f4xx_hal_tim.o
                0x0000000008005ed8                HAL_TIM_PWM_Init
 .text.TIM_OC2_SetConfig
                0x0000000008005f30       0x58 ./Drivers/STM32F4xx_HAL_Driver/Src/stm32f4xx_hal_tim.o
                0x0000000008005f30                TIM_OC2_SetConfig
 .text.HAL_TIM_PWM_ConfigChannel
                0x0000000008005f88       0xb2 ./Drivers/STM32F4xx_HAL_Driver/Src/stm32f4xx_hal_tim.o
                0x0000000008005f88                HAL_TIM_PWM_ConfigChannel
 .text.TIM_ETR_SetConfig
                0x000000000800603a       0x14 ./Drivers/STM32F4xx_HAL_Driver/Src/stm32f4xx_hal_tim.o
                0x000000000800603a                TIM_ETR_SetConfig
 .text.HAL_TIM_ConfigClockSource
                0x000000000800604e      0x132 ./Drivers/STM32F4xx_HAL_Driver/Src/stm32f4xx_hal_tim.o
                0x000000000800604e                HAL_TIM_ConfigClockSource
 .text.TIM_CCxChannelCmd
                0x0000000008006180       0x1c ./Drivers/STM32F4xx_HAL_Driver/Src/stm32f4xx_hal_tim.o
                0x0000000008006180                TIM_CCxChannelCmd
 .text.HAL_TIM_OC_Start
                0x000000000800619c       0xb0 ./Drivers/STM32F4xx_HAL_Driver/Src/stm32f4xx_hal_tim.o
                0x000000000800619c                HAL_TIM_OC_Start
 .text.HAL_TIM_PWM_Start
                0x000000000800624c        0x4 ./Drivers/STM32F4xx_HAL_Driver/Src/stm32f4xx_hal_tim.o
                0x000000000800624c                HAL_TIM_PWM_Start
 .text.HAL_TIMEx_MasterConfigSynchronization
                0x0000000008006250       0x6c ./Drivers/STM32F4xx_HAL_Driver/Src/stm32f4xx_hal_tim_ex.o
                0x0000000008006250                HAL_TIMEx_MasterConfigSynchronization
 .text.HAL_UARTEx_RxEventCallback
                0x00000000080062bc        0x2 ./Drivers/STM32F4xx_HAL_Driver/Src/stm32f4xx_hal_uart.o
                0x00000000080062bc                HAL_UARTEx_RxEventCallback
 .text.UART_EndRxTransfer
                0x00000000080062be       0x5c ./Drivers/STM32F4xx_HAL_Driver/Src/stm32f4xx_hal_uart.o
 .text.UART_DMAAbortOnError
                0x000000000800631a        0xc ./Drivers/STM32F4xx_HAL_Driver/Src/stm32f4xx_hal_uart.o
 *fill*         0x0000000008006326        0x2 
 .text.UART_SetConfig
                0x0000000008006328       0xbc ./Drivers/STM32F4xx_HAL_Driver/Src/stm32f4xx_hal_uart.o
 .text.UART_WaitOnFlagUntilTimeout.constprop.0
                0x00000000080063e4       0x6c ./Drivers/STM32F4xx_HAL_Driver/Src/stm32f4xx_hal_uart.o
 .text.UART_Receive_IT.isra.0
                0x0000000008006450       0xb4 ./Drivers/STM32F4xx_HAL_Driver/Src/stm32f4xx_hal_uart.o
 .text.HAL_UART_AbortReceiveCpltCallback
                0x0000000008006504        0x2 ./Drivers/STM32F4xx_HAL_Driver/Src/stm32f4xx_hal_uart.o
                0x0000000008006504                HAL_UART_AbortReceiveCpltCallback
 .text.HAL_UART_TxCpltCallback
                0x0000000008006506        0x2 ./Drivers/STM32F4xx_HAL_Driver/Src/stm32f4xx_hal_uart.o
                0x0000000008006506                HAL_UART_TxCpltCallback
 .text.HAL_UART_TxHalfCpltCallback
                0x0000000008006508        0x2 ./Drivers/STM32F4xx_HAL_Driver/Src/stm32f4xx_hal_uart.o
                0x0000000008006508                HAL_UART_TxHalfCpltCallback
 .text.HAL_UART_RxCpltCallback
                0x000000000800650a        0x2 ./Drivers/STM32F4xx_HAL_Driver/Src/stm32f4xx_hal_uart.o
                0x000000000800650a                HAL_UART_RxCpltCallback
 .text.HAL_UART_RxHalfCpltCallback
                0x000000000800650c        0x2 ./Drivers/STM32F4xx_HAL_Driver/Src/stm32f4xx_hal_uart.o
                0x000000000800650c                HAL_UART_RxHalfCpltCallback
 .text.HAL_UART_ErrorCallback
                0x000000000800650e        0x2 ./Drivers/STM32F4xx_HAL_Driver/Src/stm32f4xx_hal_uart.o
                0x000000000800650e                HAL_UART_ErrorCallback
 .text.HAL_UART_AbortCpltCallback
                0x0000000008006510        0x2 ./Drivers/STM32F4xx_HAL_Driver/Src/stm32f4xx_hal_uart.o
                0x0000000008006510                HAL_UART_AbortCpltCallback
 .text.HAL_UART_AbortTransmitCpltCallback
                0x0000000008006512        0x2 ./Drivers/STM32F4xx_HAL_Driver/Src/stm32f4xx_hal_uart.o
                0x0000000008006512                HAL_UART_AbortTransmitCpltCallback
 .text.HAL_UART_RegisterCallback
                0x0000000008006514       0xa2 ./Drivers/STM32F4xx_HAL_Driver/Src/stm32f4xx_hal_uart.o
                0x0000000008006514                HAL_UART_RegisterCallback
 .text.HAL_UART_Transmit
                0x00000000080065b6       0xaa ./Drivers/STM32F4xx_HAL_Driver/Src/stm32f4xx_hal_uart.o
                0x00000000080065b6                HAL_UART_Transmit
 .text.HAL_UART_Receive
                0x0000000008006660       0xb8 ./Drivers/STM32F4xx_HAL_Driver/Src/stm32f4xx_hal_uart.o
                0x0000000008006660                HAL_UART_Receive
 .text.HAL_UART_Transmit_IT
                0x0000000008006718       0x3e ./Drivers/STM32F4xx_HAL_Driver/Src/stm32f4xx_hal_uart.o
                0x0000000008006718                HAL_UART_Transmit_IT
 .text.HAL_UART_Abort
                0x0000000008006756       0xdc ./Drivers/STM32F4xx_HAL_Driver/Src/stm32f4xx_hal_uart.o
                0x0000000008006756                HAL_UART_Abort
 .text.HAL_UART_AbortTransmit
                0x0000000008006832       0x66 ./Drivers/STM32F4xx_HAL_Driver/Src/stm32f4xx_hal_uart.o
                0x0000000008006832                HAL_UART_AbortTransmit
 .text.HAL_UART_AbortReceive
                0x0000000008006898       0x9e ./Drivers/STM32F4xx_HAL_Driver/Src/stm32f4xx_hal_uart.o
                0x0000000008006898                HAL_UART_AbortReceive
 *fill*         0x0000000008006936        0x2 
 .text.HAL_UART_IRQHandler
                0x0000000008006938      0x294 ./Drivers/STM32F4xx_HAL_Driver/Src/stm32f4xx_hal_uart.o
                0x0000000008006938                HAL_UART_IRQHandler
 .text.UART_InitCallbacksToDefault
                0x0000000008006bcc       0x4c ./Drivers/STM32F4xx_HAL_Driver/Src/stm32f4xx_hal_uart.o
                0x0000000008006bcc                UART_InitCallbacksToDefault
 .text.HAL_UART_Init
                0x0000000008006c18       0x70 ./Drivers/STM32F4xx_HAL_Driver/Src/stm32f4xx_hal_uart.o
                0x0000000008006c18                HAL_UART_Init
 .text.UART_Start_Receive_IT
                0x0000000008006c88       0x36 ./Drivers/STM32F4xx_HAL_Driver/Src/stm32f4xx_hal_uart.o
                0x0000000008006c88                UART_Start_Receive_IT
 .text.HAL_UART_Receive_IT
                0x0000000008006cbe       0x30 ./Drivers/STM32F4xx_HAL_Driver/Src/stm32f4xx_hal_uart.o
                0x0000000008006cbe                HAL_UART_Receive_IT
 .text.atoi     0x0000000008006cee        0x8 D:/BBB/stm32/STM32CubeIDE_1.13.2/STM32CubeIDE/plugins/com.st.stm32cube.ide.mcu.externaltools.gnu-tools-for-stm32.11.3.rel1.win32_1.1.1.202309131626/tools/bin/../lib/gcc/arm-none-eabi/11.3.1/../../../../arm-none-eabi/lib/thumb/v7e-m+fp/hard\libc_nano.a(libc_a-atoi.o)
                0x0000000008006cee                atoi
 *fill*         0x0000000008006cf6        0x2 
 .text.malloc   0x0000000008006cf8       0x10 D:/BBB/stm32/STM32CubeIDE_1.13.2/STM32CubeIDE/plugins/com.st.stm32cube.ide.mcu.externaltools.gnu-tools-for-stm32.11.3.rel1.win32_1.1.1.202309131626/tools/bin/../lib/gcc/arm-none-eabi/11.3.1/../../../../arm-none-eabi/lib/thumb/v7e-m+fp/hard\libc_nano.a(libc_a-malloc.o)
                0x0000000008006cf8                malloc
 .text.sbrk_aligned
                0x0000000008006d08       0x40 D:/BBB/stm32/STM32CubeIDE_1.13.2/STM32CubeIDE/plugins/com.st.stm32cube.ide.mcu.externaltools.gnu-tools-for-stm32.11.3.rel1.win32_1.1.1.202309131626/tools/bin/../lib/gcc/arm-none-eabi/11.3.1/../../../../arm-none-eabi/lib/thumb/v7e-m+fp/hard\libc_nano.a(libc_a-mallocr.o)
 .text._malloc_r
                0x0000000008006d48      0x100 D:/BBB/stm32/STM32CubeIDE_1.13.2/STM32CubeIDE/plugins/com.st.stm32cube.ide.mcu.externaltools.gnu-tools-for-stm32.11.3.rel1.win32_1.1.1.202309131626/tools/bin/../lib/gcc/arm-none-eabi/11.3.1/../../../../arm-none-eabi/lib/thumb/v7e-m+fp/hard\libc_nano.a(libc_a-mallocr.o)
                0x0000000008006d48                _malloc_r
 .text.__malloc_lock
                0x0000000008006e48        0xc D:/BBB/stm32/STM32CubeIDE_1.13.2/STM32CubeIDE/plugins/com.st.stm32cube.ide.mcu.externaltools.gnu-tools-for-stm32.11.3.rel1.win32_1.1.1.202309131626/tools/bin/../lib/gcc/arm-none-eabi/11.3.1/../../../../arm-none-eabi/lib/thumb/v7e-m+fp/hard\libc_nano.a(libc_a-mlock.o)
                0x0000000008006e48                __malloc_lock
 .text.__malloc_unlock
                0x0000000008006e54        0xc D:/BBB/stm32/STM32CubeIDE_1.13.2/STM32CubeIDE/plugins/com.st.stm32cube.ide.mcu.externaltools.gnu-tools-for-stm32.11.3.rel1.win32_1.1.1.202309131626/tools/bin/../lib/gcc/arm-none-eabi/11.3.1/../../../../arm-none-eabi/lib/thumb/v7e-m+fp/hard\libc_nano.a(libc_a-mlock.o)
                0x0000000008006e54                __malloc_unlock
 .text._strtol_l.constprop.0
                0x0000000008006e60      0x104 D:/BBB/stm32/STM32CubeIDE_1.13.2/STM32CubeIDE/plugins/com.st.stm32cube.ide.mcu.externaltools.gnu-tools-for-stm32.11.3.rel1.win32_1.1.1.202309131626/tools/bin/../lib/gcc/arm-none-eabi/11.3.1/../../../../arm-none-eabi/lib/thumb/v7e-m+fp/hard\libc_nano.a(libc_a-strtol.o)
 .text.strtol   0x0000000008006f64       0x14 D:/BBB/stm32/STM32CubeIDE_1.13.2/STM32CubeIDE/plugins/com.st.stm32cube.ide.mcu.externaltools.gnu-tools-for-stm32.11.3.rel1.win32_1.1.1.202309131626/tools/bin/../lib/gcc/arm-none-eabi/11.3.1/../../../../arm-none-eabi/lib/thumb/v7e-m+fp/hard\libc_nano.a(libc_a-strtol.o)
                0x0000000008006f64                strtol
 .text.std      0x0000000008006f78       0x6c D:/BBB/stm32/STM32CubeIDE_1.13.2/STM32CubeIDE/plugins/com.st.stm32cube.ide.mcu.externaltools.gnu-tools-for-stm32.11.3.rel1.win32_1.1.1.202309131626/tools/bin/../lib/gcc/arm-none-eabi/11.3.1/../../../../arm-none-eabi/lib/thumb/v7e-m+fp/hard\libc_nano.a(libc_a-findfp.o)
 .text.stdio_exit_handler
                0x0000000008006fe4       0x18 D:/BBB/stm32/STM32CubeIDE_1.13.2/STM32CubeIDE/plugins/com.st.stm32cube.ide.mcu.externaltools.gnu-tools-for-stm32.11.3.rel1.win32_1.1.1.202309131626/tools/bin/../lib/gcc/arm-none-eabi/11.3.1/../../../../arm-none-eabi/lib/thumb/v7e-m+fp/hard\libc_nano.a(libc_a-findfp.o)
 .text.cleanup_stdio
                0x0000000008006ffc       0x40 D:/BBB/stm32/STM32CubeIDE_1.13.2/STM32CubeIDE/plugins/com.st.stm32cube.ide.mcu.externaltools.gnu-tools-for-stm32.11.3.rel1.win32_1.1.1.202309131626/tools/bin/../lib/gcc/arm-none-eabi/11.3.1/../../../../arm-none-eabi/lib/thumb/v7e-m+fp/hard\libc_nano.a(libc_a-findfp.o)
 .text.global_stdio_init.part.0
                0x000000000800703c       0x3c D:/BBB/stm32/STM32CubeIDE_1.13.2/STM32CubeIDE/plugins/com.st.stm32cube.ide.mcu.externaltools.gnu-tools-for-stm32.11.3.rel1.win32_1.1.1.202309131626/tools/bin/../lib/gcc/arm-none-eabi/11.3.1/../../../../arm-none-eabi/lib/thumb/v7e-m+fp/hard\libc_nano.a(libc_a-findfp.o)
 .text.__sfp_lock_acquire
                0x0000000008007078        0xc D:/BBB/stm32/STM32CubeIDE_1.13.2/STM32CubeIDE/plugins/com.st.stm32cube.ide.mcu.externaltools.gnu-tools-for-stm32.11.3.rel1.win32_1.1.1.202309131626/tools/bin/../lib/gcc/arm-none-eabi/11.3.1/../../../../arm-none-eabi/lib/thumb/v7e-m+fp/hard\libc_nano.a(libc_a-findfp.o)
                0x0000000008007078                __sfp_lock_acquire
 .text.__sfp_lock_release
                0x0000000008007084        0xc D:/BBB/stm32/STM32CubeIDE_1.13.2/STM32CubeIDE/plugins/com.st.stm32cube.ide.mcu.externaltools.gnu-tools-for-stm32.11.3.rel1.win32_1.1.1.202309131626/tools/bin/../lib/gcc/arm-none-eabi/11.3.1/../../../../arm-none-eabi/lib/thumb/v7e-m+fp/hard\libc_nano.a(libc_a-findfp.o)
                0x0000000008007084                __sfp_lock_release
 .text.__sinit  0x0000000008007090       0x30 D:/BBB/stm32/STM32CubeIDE_1.13.2/STM32CubeIDE/plugins/com.st.stm32cube.ide.mcu.externaltools.gnu-tools-for-stm32.11.3.rel1.win32_1.1.1.202309131626/tools/bin/../lib/gcc/arm-none-eabi/11.3.1/../../../../arm-none-eabi/lib/thumb/v7e-m+fp/hard\libc_nano.a(libc_a-findfp.o)
                0x0000000008007090                __sinit
 .text._fwalk_sglue
                0x00000000080070c0       0x3c D:/BBB/stm32/STM32CubeIDE_1.13.2/STM32CubeIDE/plugins/com.st.stm32cube.ide.mcu.externaltools.gnu-tools-for-stm32.11.3.rel1.win32_1.1.1.202309131626/tools/bin/../lib/gcc/arm-none-eabi/11.3.1/../../../../arm-none-eabi/lib/thumb/v7e-m+fp/hard\libc_nano.a(libc_a-fwalk.o)
                0x00000000080070c0                _fwalk_sglue
 .text.__sread  0x00000000080070fc       0x22 D:/BBB/stm32/STM32CubeIDE_1.13.2/STM32CubeIDE/plugins/com.st.stm32cube.ide.mcu.externaltools.gnu-tools-for-stm32.11.3.rel1.win32_1.1.1.202309131626/tools/bin/../lib/gcc/arm-none-eabi/11.3.1/../../../../arm-none-eabi/lib/thumb/v7e-m+fp/hard\libc_nano.a(libc_a-stdio.o)
                0x00000000080070fc                __sread
 .text.__swrite
                0x000000000800711e       0x38 D:/BBB/stm32/STM32CubeIDE_1.13.2/STM32CubeIDE/plugins/com.st.stm32cube.ide.mcu.externaltools.gnu-tools-for-stm32.11.3.rel1.win32_1.1.1.202309131626/tools/bin/../lib/gcc/arm-none-eabi/11.3.1/../../../../arm-none-eabi/lib/thumb/v7e-m+fp/hard\libc_nano.a(libc_a-stdio.o)
                0x000000000800711e                __swrite
 .text.__sseek  0x0000000008007156       0x24 D:/BBB/stm32/STM32CubeIDE_1.13.2/STM32CubeIDE/plugins/com.st.stm32cube.ide.mcu.externaltools.gnu-tools-for-stm32.11.3.rel1.win32_1.1.1.202309131626/tools/bin/../lib/gcc/arm-none-eabi/11.3.1/../../../../arm-none-eabi/lib/thumb/v7e-m+fp/hard\libc_nano.a(libc_a-stdio.o)
                0x0000000008007156                __sseek
 .text.__sclose
                0x000000000800717a        0x8 D:/BBB/stm32/STM32CubeIDE_1.13.2/STM32CubeIDE/plugins/com.st.stm32cube.ide.mcu.externaltools.gnu-tools-for-stm32.11.3.rel1.win32_1.1.1.202309131626/tools/bin/../lib/gcc/arm-none-eabi/11.3.1/../../../../arm-none-eabi/lib/thumb/v7e-m+fp/hard\libc_nano.a(libc_a-stdio.o)
                0x000000000800717a                __sclose
 .text.memmove  0x0000000008007182       0x34 D:/BBB/stm32/STM32CubeIDE_1.13.2/STM32CubeIDE/plugins/com.st.stm32cube.ide.mcu.externaltools.gnu-tools-for-stm32.11.3.rel1.win32_1.1.1.202309131626/tools/bin/../lib/gcc/arm-none-eabi/11.3.1/../../../../arm-none-eabi/lib/thumb/v7e-m+fp/hard\libc_nano.a(libc_a-memmove.o)
                0x0000000008007182                memmove
 .text.memset   0x00000000080071b6       0x10 D:/BBB/stm32/STM32CubeIDE_1.13.2/STM32CubeIDE/plugins/com.st.stm32cube.ide.mcu.externaltools.gnu-tools-for-stm32.11.3.rel1.win32_1.1.1.202309131626/tools/bin/../lib/gcc/arm-none-eabi/11.3.1/../../../../arm-none-eabi/lib/thumb/v7e-m+fp/hard\libc_nano.a(libc_a-memset.o)
                0x00000000080071b6                memset
 .text.strncmp  0x00000000080071c6       0x24 D:/BBB/stm32/STM32CubeIDE_1.13.2/STM32CubeIDE/plugins/com.st.stm32cube.ide.mcu.externaltools.gnu-tools-for-stm32.11.3.rel1.win32_1.1.1.202309131626/tools/bin/../lib/gcc/arm-none-eabi/11.3.1/../../../../arm-none-eabi/lib/thumb/v7e-m+fp/hard\libc_nano.a(libc_a-strncmp.o)
                0x00000000080071c6                strncmp
 *fill*         0x00000000080071ea        0x2 
 .text.strtok   0x00000000080071ec       0x68 D:/BBB/stm32/STM32CubeIDE_1.13.2/STM32CubeIDE/plugins/com.st.stm32cube.ide.mcu.externaltools.gnu-tools-for-stm32.11.3.rel1.win32_1.1.1.202309131626/tools/bin/../lib/gcc/arm-none-eabi/11.3.1/../../../../arm-none-eabi/lib/thumb/v7e-m+fp/hard\libc_nano.a(libc_a-strtok.o)
                0x00000000080071ec                strtok
 .text.__strtok_r
                0x0000000008007254       0x50 D:/BBB/stm32/STM32CubeIDE_1.13.2/STM32CubeIDE/plugins/com.st.stm32cube.ide.mcu.externaltools.gnu-tools-for-stm32.11.3.rel1.win32_1.1.1.202309131626/tools/bin/../lib/gcc/arm-none-eabi/11.3.1/../../../../arm-none-eabi/lib/thumb/v7e-m+fp/hard\libc_nano.a(libc_a-strtok_r.o)
                0x0000000008007254                __strtok_r
 .text.strtok_r
                0x00000000080072a4        0x6 D:/BBB/stm32/STM32CubeIDE_1.13.2/STM32CubeIDE/plugins/com.st.stm32cube.ide.mcu.externaltools.gnu-tools-for-stm32.11.3.rel1.win32_1.1.1.202309131626/tools/bin/../lib/gcc/arm-none-eabi/11.3.1/../../../../arm-none-eabi/lib/thumb/v7e-m+fp/hard\libc_nano.a(libc_a-strtok_r.o)
                0x00000000080072a4                strtok_r
 .text._init_signal_r
                0x00000000080072aa       0x28 D:/BBB/stm32/STM32CubeIDE_1.13.2/STM32CubeIDE/plugins/com.st.stm32cube.ide.mcu.externaltools.gnu-tools-for-stm32.11.3.rel1.win32_1.1.1.202309131626/tools/bin/../lib/gcc/arm-none-eabi/11.3.1/../../../../arm-none-eabi/lib/thumb/v7e-m+fp/hard\libc_nano.a(libc_a-signal.o)
                0x00000000080072aa                _init_signal_r
 .text._signal_r
                0x00000000080072d2       0x30 D:/BBB/stm32/STM32CubeIDE_1.13.2/STM32CubeIDE/plugins/com.st.stm32cube.ide.mcu.externaltools.gnu-tools-for-stm32.11.3.rel1.win32_1.1.1.202309131626/tools/bin/../lib/gcc/arm-none-eabi/11.3.1/../../../../arm-none-eabi/lib/thumb/v7e-m+fp/hard\libc_nano.a(libc_a-signal.o)
                0x00000000080072d2                _signal_r
 .text._raise_r
                0x0000000008007302       0x50 D:/BBB/stm32/STM32CubeIDE_1.13.2/STM32CubeIDE/plugins/com.st.stm32cube.ide.mcu.externaltools.gnu-tools-for-stm32.11.3.rel1.win32_1.1.1.202309131626/tools/bin/../lib/gcc/arm-none-eabi/11.3.1/../../../../arm-none-eabi/lib/thumb/v7e-m+fp/hard\libc_nano.a(libc_a-signal.o)
                0x0000000008007302                _raise_r
 *fill*         0x0000000008007352        0x2 
 .text.raise    0x0000000008007354       0x10 D:/BBB/stm32/STM32CubeIDE_1.13.2/STM32CubeIDE/plugins/com.st.stm32cube.ide.mcu.externaltools.gnu-tools-for-stm32.11.3.rel1.win32_1.1.1.202309131626/tools/bin/../lib/gcc/arm-none-eabi/11.3.1/../../../../arm-none-eabi/lib/thumb/v7e-m+fp/hard\libc_nano.a(libc_a-signal.o)
                0x0000000008007354                raise
 .text.signal   0x0000000008007364       0x10 D:/BBB/stm32/STM32CubeIDE_1.13.2/STM32CubeIDE/plugins/com.st.stm32cube.ide.mcu.externaltools.gnu-tools-for-stm32.11.3.rel1.win32_1.1.1.202309131626/tools/bin/../lib/gcc/arm-none-eabi/11.3.1/../../../../arm-none-eabi/lib/thumb/v7e-m+fp/hard\libc_nano.a(libc_a-signal.o)
                0x0000000008007364                signal
 .text._close_r
                0x0000000008007374       0x20 D:/BBB/stm32/STM32CubeIDE_1.13.2/STM32CubeIDE/plugins/com.st.stm32cube.ide.mcu.externaltools.gnu-tools-for-stm32.11.3.rel1.win32_1.1.1.202309131626/tools/bin/../lib/gcc/arm-none-eabi/11.3.1/../../../../arm-none-eabi/lib/thumb/v7e-m+fp/hard\libc_nano.a(libc_a-closer.o)
                0x0000000008007374                _close_r
 .text._lseek_r
                0x0000000008007394       0x24 D:/BBB/stm32/STM32CubeIDE_1.13.2/STM32CubeIDE/plugins/com.st.stm32cube.ide.mcu.externaltools.gnu-tools-for-stm32.11.3.rel1.win32_1.1.1.202309131626/tools/bin/../lib/gcc/arm-none-eabi/11.3.1/../../../../arm-none-eabi/lib/thumb/v7e-m+fp/hard\libc_nano.a(libc_a-lseekr.o)
                0x0000000008007394                _lseek_r
 .text._read_r  0x00000000080073b8       0x24 D:/BBB/stm32/STM32CubeIDE_1.13.2/STM32CubeIDE/plugins/com.st.stm32cube.ide.mcu.externaltools.gnu-tools-for-stm32.11.3.rel1.win32_1.1.1.202309131626/tools/bin/../lib/gcc/arm-none-eabi/11.3.1/../../../../arm-none-eabi/lib/thumb/v7e-m+fp/hard\libc_nano.a(libc_a-readr.o)
                0x00000000080073b8                _read_r
 .text._kill_r  0x00000000080073dc       0x24 D:/BBB/stm32/STM32CubeIDE_1.13.2/STM32CubeIDE/plugins/com.st.stm32cube.ide.mcu.externaltools.gnu-tools-for-stm32.11.3.rel1.win32_1.1.1.202309131626/tools/bin/../lib/gcc/arm-none-eabi/11.3.1/../../../../arm-none-eabi/lib/thumb/v7e-m+fp/hard\libc_nano.a(libc_a-signalr.o)
                0x00000000080073dc                _kill_r
 .text._getpid_r
                0x0000000008007400        0x4 D:/BBB/stm32/STM32CubeIDE_1.13.2/STM32CubeIDE/plugins/com.st.stm32cube.ide.mcu.externaltools.gnu-tools-for-stm32.11.3.rel1.win32_1.1.1.202309131626/tools/bin/../lib/gcc/arm-none-eabi/11.3.1/../../../../arm-none-eabi/lib/thumb/v7e-m+fp/hard\libc_nano.a(libc_a-signalr.o)
                0x0000000008007400                _getpid_r
 .text._sbrk_r  0x0000000008007404       0x20 D:/BBB/stm32/STM32CubeIDE_1.13.2/STM32CubeIDE/plugins/com.st.stm32cube.ide.mcu.externaltools.gnu-tools-for-stm32.11.3.rel1.win32_1.1.1.202309131626/tools/bin/../lib/gcc/arm-none-eabi/11.3.1/../../../../arm-none-eabi/lib/thumb/v7e-m+fp/hard\libc_nano.a(libc_a-sbrkr.o)
                0x0000000008007404                _sbrk_r
 .text._write_r
                0x0000000008007424       0x24 D:/BBB/stm32/STM32CubeIDE_1.13.2/STM32CubeIDE/plugins/com.st.stm32cube.ide.mcu.externaltools.gnu-tools-for-stm32.11.3.rel1.win32_1.1.1.202309131626/tools/bin/../lib/gcc/arm-none-eabi/11.3.1/../../../../arm-none-eabi/lib/thumb/v7e-m+fp/hard\libc_nano.a(libc_a-writer.o)
                0x0000000008007424                _write_r
 .text.__errno  0x0000000008007448        0xc D:/BBB/stm32/STM32CubeIDE_1.13.2/STM32CubeIDE/plugins/com.st.stm32cube.ide.mcu.externaltools.gnu-tools-for-stm32.11.3.rel1.win32_1.1.1.202309131626/tools/bin/../lib/gcc/arm-none-eabi/11.3.1/../../../../arm-none-eabi/lib/thumb/v7e-m+fp/hard\libc_nano.a(libc_a-errno.o)
                0x0000000008007448                __errno
 .text.__libc_init_array
                0x0000000008007454       0x48 D:/BBB/stm32/STM32CubeIDE_1.13.2/STM32CubeIDE/plugins/com.st.stm32cube.ide.mcu.externaltools.gnu-tools-for-stm32.11.3.rel1.win32_1.1.1.202309131626/tools/bin/../lib/gcc/arm-none-eabi/11.3.1/../../../../arm-none-eabi/lib/thumb/v7e-m+fp/hard\libc_nano.a(libc_a-init.o)
                0x0000000008007454                __libc_init_array
 .text.__retarget_lock_init_recursive
                0x000000000800749c        0x2 D:/BBB/stm32/STM32CubeIDE_1.13.2/STM32CubeIDE/plugins/com.st.stm32cube.ide.mcu.externaltools.gnu-tools-for-stm32.11.3.rel1.win32_1.1.1.202309131626/tools/bin/../lib/gcc/arm-none-eabi/11.3.1/../../../../arm-none-eabi/lib/thumb/v7e-m+fp/hard\libc_nano.a(libc_a-lock.o)
                0x000000000800749c                __retarget_lock_init_recursive
 .text.__retarget_lock_acquire_recursive
                0x000000000800749e        0x2 D:/BBB/stm32/STM32CubeIDE_1.13.2/STM32CubeIDE/plugins/com.st.stm32cube.ide.mcu.externaltools.gnu-tools-for-stm32.11.3.rel1.win32_1.1.1.202309131626/tools/bin/../lib/gcc/arm-none-eabi/11.3.1/../../../../arm-none-eabi/lib/thumb/v7e-m+fp/hard\libc_nano.a(libc_a-lock.o)
                0x000000000800749e                __retarget_lock_acquire_recursive
 .text.__retarget_lock_release_recursive
                0x00000000080074a0        0x2 D:/BBB/stm32/STM32CubeIDE_1.13.2/STM32CubeIDE/plugins/com.st.stm32cube.ide.mcu.externaltools.gnu-tools-for-stm32.11.3.rel1.win32_1.1.1.202309131626/tools/bin/../lib/gcc/arm-none-eabi/11.3.1/../../../../arm-none-eabi/lib/thumb/v7e-m+fp/hard\libc_nano.a(libc_a-lock.o)
                0x00000000080074a0                __retarget_lock_release_recursive
 .text.strcpy   0x00000000080074a2       0x10 D:/BBB/stm32/STM32CubeIDE_1.13.2/STM32CubeIDE/plugins/com.st.stm32cube.ide.mcu.externaltools.gnu-tools-for-stm32.11.3.rel1.win32_1.1.1.202309131626/tools/bin/../lib/gcc/arm-none-eabi/11.3.1/../../../../arm-none-eabi/lib/thumb/v7e-m+fp/hard\libc_nano.a(libc_a-strcpy.o)
                0x00000000080074a2                strcpy
 .text.memcpy   0x00000000080074b2       0x1c D:/BBB/stm32/STM32CubeIDE_1.13.2/STM32CubeIDE/plugins/com.st.stm32cube.ide.mcu.externaltools.gnu-tools-for-stm32.11.3.rel1.win32_1.1.1.202309131626/tools/bin/../lib/gcc/arm-none-eabi/11.3.1/../../../../arm-none-eabi/lib/thumb/v7e-m+fp/hard\libc_nano.a(libc_a-memcpy-stub.o)
                0x00000000080074b2                memcpy
 *fill*         0x00000000080074ce        0x2 
 .text.__assert_func
                0x00000000080074d0       0x3c D:/BBB/stm32/STM32CubeIDE_1.13.2/STM32CubeIDE/plugins/com.st.stm32cube.ide.mcu.externaltools.gnu-tools-for-stm32.11.3.rel1.win32_1.1.1.202309131626/tools/bin/../lib/gcc/arm-none-eabi/11.3.1/../../../../arm-none-eabi/lib/thumb/v7e-m+fp/hard\libc_nano.a(libc_a-assert.o)
                0x00000000080074d0                __assert_func
 .text._free_r  0x000000000800750c       0x98 D:/BBB/stm32/STM32CubeIDE_1.13.2/STM32CubeIDE/plugins/com.st.stm32cube.ide.mcu.externaltools.gnu-tools-for-stm32.11.3.rel1.win32_1.1.1.202309131626/tools/bin/../lib/gcc/arm-none-eabi/11.3.1/../../../../arm-none-eabi/lib/thumb/v7e-m+fp/hard\libc_nano.a(libc_a-freer.o)
                0x000000000800750c                _free_r
 .text.__sflush_r
                0x00000000080075a4      0x10c D:/BBB/stm32/STM32CubeIDE_1.13.2/STM32CubeIDE/plugins/com.st.stm32cube.ide.mcu.externaltools.gnu-tools-for-stm32.11.3.rel1.win32_1.1.1.202309131626/tools/bin/../lib/gcc/arm-none-eabi/11.3.1/../../../../arm-none-eabi/lib/thumb/v7e-m+fp/hard\libc_nano.a(libc_a-fflush.o)
                0x00000000080075a4                __sflush_r
 .text._fflush_r
                0x00000000080076b0       0x50 D:/BBB/stm32/STM32CubeIDE_1.13.2/STM32CubeIDE/plugins/com.st.stm32cube.ide.mcu.externaltools.gnu-tools-for-stm32.11.3.rel1.win32_1.1.1.202309131626/tools/bin/../lib/gcc/arm-none-eabi/11.3.1/../../../../arm-none-eabi/lib/thumb/v7e-m+fp/hard\libc_nano.a(libc_a-fflush.o)
                0x00000000080076b0                _fflush_r
 .text.fprintf  0x0000000008007700       0x24 D:/BBB/stm32/STM32CubeIDE_1.13.2/STM32CubeIDE/plugins/com.st.stm32cube.ide.mcu.externaltools.gnu-tools-for-stm32.11.3.rel1.win32_1.1.1.202309131626/tools/bin/../lib/gcc/arm-none-eabi/11.3.1/../../../../arm-none-eabi/lib/thumb/v7e-m+fp/hard\libc_nano.a(libc_a-fprintf.o)
                0x0000000008007700                fiprintf
                0x0000000008007700                fprintf
 .text.abort    0x0000000008007724        0xe D:/BBB/stm32/STM32CubeIDE_1.13.2/STM32CubeIDE/plugins/com.st.stm32cube.ide.mcu.externaltools.gnu-tools-for-stm32.11.3.rel1.win32_1.1.1.202309131626/tools/bin/../lib/gcc/arm-none-eabi/11.3.1/../../../../arm-none-eabi/lib/thumb/v7e-m+fp/hard\libc_nano.a(libc_a-abort.o)
                0x0000000008007724                abort
 .text.__sfputc_r
                0x0000000008007732       0x2e D:/BBB/stm32/STM32CubeIDE_1.13.2/STM32CubeIDE/plugins/com.st.stm32cube.ide.mcu.externaltools.gnu-tools-for-stm32.11.3.rel1.win32_1.1.1.202309131626/tools/bin/../lib/gcc/arm-none-eabi/11.3.1/../../../../arm-none-eabi/lib/thumb/v7e-m+fp/hard\libc_nano.a(libc_a-nano-vfprintf.o)
 .text.__sfputs_r
                0x0000000008007760       0x24 D:/BBB/stm32/STM32CubeIDE_1.13.2/STM32CubeIDE/plugins/com.st.stm32cube.ide.mcu.externaltools.gnu-tools-for-stm32.11.3.rel1.win32_1.1.1.202309131626/tools/bin/../lib/gcc/arm-none-eabi/11.3.1/../../../../arm-none-eabi/lib/thumb/v7e-m+fp/hard\libc_nano.a(libc_a-nano-vfprintf.o)
                0x0000000008007760                __sfputs_r
 .text._vfprintf_r
                0x0000000008007784      0x234 D:/BBB/stm32/STM32CubeIDE_1.13.2/STM32CubeIDE/plugins/com.st.stm32cube.ide.mcu.externaltools.gnu-tools-for-stm32.11.3.rel1.win32_1.1.1.202309131626/tools/bin/../lib/gcc/arm-none-eabi/11.3.1/../../../../arm-none-eabi/lib/thumb/v7e-m+fp/hard\libc_nano.a(libc_a-nano-vfprintf.o)
                0x0000000008007784                _vfprintf_r
                0x0000000008007784                _vfiprintf_r
 .text._printf_common
                0x00000000080079b8       0xda D:/BBB/stm32/STM32CubeIDE_1.13.2/STM32CubeIDE/plugins/com.st.stm32cube.ide.mcu.externaltools.gnu-tools-for-stm32.11.3.rel1.win32_1.1.1.202309131626/tools/bin/../lib/gcc/arm-none-eabi/11.3.1/../../../../arm-none-eabi/lib/thumb/v7e-m+fp/hard\libc_nano.a(libc_a-nano-vfprintf_i.o)
                0x00000000080079b8                _printf_common
 *fill*         0x0000000008007a92        0x2 
 .text._printf_i
                0x0000000008007a94      0x244 D:/BBB/stm32/STM32CubeIDE_1.13.2/STM32CubeIDE/plugins/com.st.stm32cube.ide.mcu.externaltools.gnu-tools-for-stm32.11.3.rel1.win32_1.1.1.202309131626/tools/bin/../lib/gcc/arm-none-eabi/11.3.1/../../../../arm-none-eabi/lib/thumb/v7e-m+fp/hard\libc_nano.a(libc_a-nano-vfprintf_i.o)
                0x0000000008007a94                _printf_i
 .text.__swbuf_r
                0x0000000008007cd8       0x7a D:/BBB/stm32/STM32CubeIDE_1.13.2/STM32CubeIDE/plugins/com.st.stm32cube.ide.mcu.externaltools.gnu-tools-for-stm32.11.3.rel1.win32_1.1.1.202309131626/tools/bin/../lib/gcc/arm-none-eabi/11.3.1/../../../../arm-none-eabi/lib/thumb/v7e-m+fp/hard\libc_nano.a(libc_a-wbuf.o)
                0x0000000008007cd8                __swbuf_r
 *fill*         0x0000000008007d52        0x2 
 .text.__swsetup_r
                0x0000000008007d54       0xb0 D:/BBB/stm32/STM32CubeIDE_1.13.2/STM32CubeIDE/plugins/com.st.stm32cube.ide.mcu.externaltools.gnu-tools-for-stm32.11.3.rel1.win32_1.1.1.202309131626/tools/bin/../lib/gcc/arm-none-eabi/11.3.1/../../../../arm-none-eabi/lib/thumb/v7e-m+fp/hard\libc_nano.a(libc_a-wsetup.o)
                0x0000000008007d54                __swsetup_r
 .text.__swhatbuf_r
                0x0000000008007e04       0x4c D:/BBB/stm32/STM32CubeIDE_1.13.2/STM32CubeIDE/plugins/com.st.stm32cube.ide.mcu.externaltools.gnu-tools-for-stm32.11.3.rel1.win32_1.1.1.202309131626/tools/bin/../lib/gcc/arm-none-eabi/11.3.1/../../../../arm-none-eabi/lib/thumb/v7e-m+fp/hard\libc_nano.a(libc_a-makebuf.o)
                0x0000000008007e04                __swhatbuf_r
 .text.__smakebuf_r
                0x0000000008007e50       0x78 D:/BBB/stm32/STM32CubeIDE_1.13.2/STM32CubeIDE/plugins/com.st.stm32cube.ide.mcu.externaltools.gnu-tools-for-stm32.11.3.rel1.win32_1.1.1.202309131626/tools/bin/../lib/gcc/arm-none-eabi/11.3.1/../../../../arm-none-eabi/lib/thumb/v7e-m+fp/hard\libc_nano.a(libc_a-makebuf.o)
                0x0000000008007e50                __smakebuf_r
 .text._fstat_r
                0x0000000008007ec8       0x24 D:/BBB/stm32/STM32CubeIDE_1.13.2/STM32CubeIDE/plugins/com.st.stm32cube.ide.mcu.externaltools.gnu-tools-for-stm32.11.3.rel1.win32_1.1.1.202309131626/tools/bin/../lib/gcc/arm-none-eabi/11.3.1/../../../../arm-none-eabi/lib/thumb/v7e-m+fp/hard\libc_nano.a(libc_a-fstatr.o)
                0x0000000008007ec8                _fstat_r
 .text._isatty_r
                0x0000000008007eec       0x20 D:/BBB/stm32/STM32CubeIDE_1.13.2/STM32CubeIDE/plugins/com.st.stm32cube.ide.mcu.externaltools.gnu-tools-for-stm32.11.3.rel1.win32_1.1.1.202309131626/tools/bin/../lib/gcc/arm-none-eabi/11.3.1/../../../../arm-none-eabi/lib/thumb/v7e-m+fp/hard\libc_nano.a(libc_a-isattyr.o)
                0x0000000008007eec                _isatty_r
 .text.asinf    0x0000000008007f0c       0x58 D:/BBB/stm32/STM32CubeIDE_1.13.2/STM32CubeIDE/plugins/com.st.stm32cube.ide.mcu.externaltools.gnu-tools-for-stm32.11.3.rel1.win32_1.1.1.202309131626/tools/bin/../lib/gcc/arm-none-eabi/11.3.1/../../../../arm-none-eabi/lib/thumb/v7e-m+fp/hard\libm.a(libm_a-wf_asin.o)
                0x0000000008007f0c                asinf
 .text.atan2f   0x0000000008007f64        0x4 D:/BBB/stm32/STM32CubeIDE_1.13.2/STM32CubeIDE/plugins/com.st.stm32cube.ide.mcu.externaltools.gnu-tools-for-stm32.11.3.rel1.win32_1.1.1.202309131626/tools/bin/../lib/gcc/arm-none-eabi/11.3.1/../../../../arm-none-eabi/lib/thumb/v7e-m+fp/hard\libm.a(libm_a-wf_atan2.o)
                0x0000000008007f64                atan2f
 .text.fabsf    0x0000000008007f68        0xe D:/BBB/stm32/STM32CubeIDE_1.13.2/STM32CubeIDE/plugins/com.st.stm32cube.ide.mcu.externaltools.gnu-tools-for-stm32.11.3.rel1.win32_1.1.1.202309131626/tools/bin/../lib/gcc/arm-none-eabi/11.3.1/../../../../arm-none-eabi/lib/thumb/v7e-m+fp/hard\libm.a(libm_a-sf_fabs.o)
                0x0000000008007f68                fabsf
 *fill*         0x0000000008007f76        0x2 
 .text.nanf     0x0000000008007f78        0xc D:/BBB/stm32/STM32CubeIDE_1.13.2/STM32CubeIDE/plugins/com.st.stm32cube.ide.mcu.externaltools.gnu-tools-for-stm32.11.3.rel1.win32_1.1.1.202309131626/tools/bin/../lib/gcc/arm-none-eabi/11.3.1/../../../../arm-none-eabi/lib/thumb/v7e-m+fp/hard\libm.a(libm_a-sf_nan.o)
                0x0000000008007f78                nanf
 .text.__ieee754_asinf
                0x0000000008007f84      0x1cc D:/BBB/stm32/STM32CubeIDE_1.13.2/STM32CubeIDE/plugins/com.st.stm32cube.ide.mcu.externaltools.gnu-tools-for-stm32.11.3.rel1.win32_1.1.1.202309131626/tools/bin/../lib/gcc/arm-none-eabi/11.3.1/../../../../arm-none-eabi/lib/thumb/v7e-m+fp/hard\libm.a(libm_a-ef_asin.o)
                0x0000000008007f84                __ieee754_asinf
 .text.__ieee754_atan2f
                0x0000000008008150      0x140 D:/BBB/stm32/STM32CubeIDE_1.13.2/STM32CubeIDE/plugins/com.st.stm32cube.ide.mcu.externaltools.gnu-tools-for-stm32.11.3.rel1.win32_1.1.1.202309131626/tools/bin/../lib/gcc/arm-none-eabi/11.3.1/../../../../arm-none-eabi/lib/thumb/v7e-m+fp/hard\libm.a(libm_a-ef_atan2.o)
                0x0000000008008150                __ieee754_atan2f
 .text.atanf    0x0000000008008290      0x1a8 D:/BBB/stm32/STM32CubeIDE_1.13.2/STM32CubeIDE/plugins/com.st.stm32cube.ide.mcu.externaltools.gnu-tools-for-stm32.11.3.rel1.win32_1.1.1.202309131626/tools/bin/../lib/gcc/arm-none-eabi/11.3.1/../../../../arm-none-eabi/lib/thumb/v7e-m+fp/hard\libm.a(libm_a-sf_atan.o)
                0x0000000008008290                atanf
 .text.__ieee754_sqrtf
                0x0000000008008438        0x6 D:/BBB/stm32/STM32CubeIDE_1.13.2/STM32CubeIDE/plugins/com.st.stm32cube.ide.mcu.externaltools.gnu-tools-for-stm32.11.3.rel1.win32_1.1.1.202309131626/tools/bin/../lib/gcc/arm-none-eabi/11.3.1/../../../../arm-none-eabi/lib/thumb/v7e-m+fp/hard\libm.a(libm_a-ef_sqrt.o)
                0x0000000008008438                __ieee754_sqrtf
 *(.glue_7)
 .glue_7        0x000000000800843e        0x0 linker stubs
 *(.glue_7t)
 .glue_7t       0x000000000800843e        0x0 linker stubs
 *(.eh_frame)
 *fill*         0x000000000800843e        0x2 
 .eh_frame      0x0000000008008440        0x0 D:/BBB/stm32/STM32CubeIDE_1.13.2/STM32CubeIDE/plugins/com.st.stm32cube.ide.mcu.externaltools.gnu-tools-for-stm32.11.3.rel1.win32_1.1.1.202309131626/tools/bin/../lib/gcc/arm-none-eabi/11.3.1/thumb/v7e-m+fp/hard/crtbegin.o
 *(.init)
 .init          0x0000000008008440        0x4 D:/BBB/stm32/STM32CubeIDE_1.13.2/STM32CubeIDE/plugins/com.st.stm32cube.ide.mcu.externaltools.gnu-tools-for-stm32.11.3.rel1.win32_1.1.1.202309131626/tools/bin/../lib/gcc/arm-none-eabi/11.3.1/thumb/v7e-m+fp/hard/crti.o
                0x0000000008008440                _init
 .init          0x0000000008008444        0x8 D:/BBB/stm32/STM32CubeIDE_1.13.2/STM32CubeIDE/plugins/com.st.stm32cube.ide.mcu.externaltools.gnu-tools-for-stm32.11.3.rel1.win32_1.1.1.202309131626/tools/bin/../lib/gcc/arm-none-eabi/11.3.1/thumb/v7e-m+fp/hard/crtn.o
 *(.fini)
 .fini          0x000000000800844c        0x4 D:/BBB/stm32/STM32CubeIDE_1.13.2/STM32CubeIDE/plugins/com.st.stm32cube.ide.mcu.externaltools.gnu-tools-for-stm32.11.3.rel1.win32_1.1.1.202309131626/tools/bin/../lib/gcc/arm-none-eabi/11.3.1/thumb/v7e-m+fp/hard/crti.o
                0x000000000800844c                _fini
 .fini          0x0000000008008450        0x8 D:/BBB/stm32/STM32CubeIDE_1.13.2/STM32CubeIDE/plugins/com.st.stm32cube.ide.mcu.externaltools.gnu-tools-for-stm32.11.3.rel1.win32_1.1.1.202309131626/tools/bin/../lib/gcc/arm-none-eabi/11.3.1/thumb/v7e-m+fp/hard/crtn.o
                0x0000000008008458                . = ALIGN (0x4)
                0x0000000008008458                _etext = .

.vfp11_veneer   0x0000000008008458        0x0
 .vfp11_veneer  0x0000000008008458        0x0 linker stubs

.v4_bx          0x0000000008008458        0x0
 .v4_bx         0x0000000008008458        0x0 linker stubs

.iplt           0x0000000008008458        0x0
 .iplt          0x0000000008008458        0x0 D:/BBB/stm32/STM32CubeIDE_1.13.2/STM32CubeIDE/plugins/com.st.stm32cube.ide.mcu.externaltools.gnu-tools-for-stm32.11.3.rel1.win32_1.1.1.202309131626/tools/bin/../lib/gcc/arm-none-eabi/11.3.1/thumb/v7e-m+fp/hard/crtbegin.o

.rodata         0x0000000008008458      0x32c
                0x0000000008008458                . = ALIGN (0x4)
 *(.rodata)
 .rodata        0x0000000008008458       0x34 ./Core/Src/bmp2.o
 .rodata        0x000000000800848c       0x68 ./Core/Src/gps.o
 *(.rodata*)
 .rodata.SENSOR_SAMPLING_TIME
                0x00000000080084f4        0x4 ./Core/Src/ahrs.o
                0x00000000080084f4                SENSOR_SAMPLING_TIME
 .rodata.bridge_fc_rx_callback.str1.1
                0x00000000080084f8       0x24 ./Core/Src/bridge.o
 .rodata.NMEA_COMMA
                0x000000000800851c        0x1 ./Core/Src/gps.o
                0x000000000800851c                NMEA_COMMA
 .rodata.NMEA_CRLF
                0x000000000800851d        0x3 ./Core/Src/gps.o
                0x000000000800851d                NMEA_CRLF
 .rodata.NMEA_GPGGA
                0x0000000008008520        0x6 ./Core/Src/gps.o
                0x0000000008008520                NMEA_GPGGA
 .rodata.NMEA_GPGGL
                0x0000000008008526        0x6 ./Core/Src/gps.o
                0x0000000008008526                NMEA_GPGGL
 .rodata.NMEA_GPGSA
                0x000000000800852c        0x6 ./Core/Src/gps.o
                0x000000000800852c                NMEA_GPGSA
 .rodata.NMEA_GPGSV
                0x0000000008008532        0x6 ./Core/Src/gps.o
                0x0000000008008532                NMEA_GPGSV
 .rodata.NMEA_GPRMC
                0x0000000008008538        0x6 ./Core/Src/gps.o
                0x0000000008008538                NMEA_GPRMC
 .rodata.NMEA_GPTXT
                0x000000000800853e        0x6 ./Core/Src/gps.o
                0x000000000800853e                NMEA_GPTXT
 .rodata.NMEA_GPVTG
                0x0000000008008544        0x6 ./Core/Src/gps.o
                0x0000000008008544                NMEA_GPVTG
 .rodata.AHBPrescTable
                0x000000000800854a       0x10 ./Core/Src/system_stm32f4xx.o
                0x000000000800854a                AHBPrescTable
 .rodata.APBPrescTable
                0x000000000800855a        0x8 ./Core/Src/system_stm32f4xx.o
                0x000000000800855a                APBPrescTable
 *fill*         0x0000000008008562        0x2 
 .rodata.COE_DPS_TO_RADPS
                0x0000000008008564        0x4 ./Core/Static_Src/ahrs_common.o
                0x0000000008008564                COE_DPS_TO_RADPS
 .rodata.semicolon
                0x0000000008008568        0x1 ./Core/Static_Src/bridge_common.o
                0x0000000008008568                semicolon
 .rodata.memory_order_drone
                0x0000000008008569        0x1 ./Core/Static_Src/init.o
 .rodata._ctype_
                0x000000000800856a      0x101 D:/BBB/stm32/STM32CubeIDE_1.13.2/STM32CubeIDE/plugins/com.st.stm32cube.ide.mcu.externaltools.gnu-tools-for-stm32.11.3.rel1.win32_1.1.1.202309131626/tools/bin/../lib/gcc/arm-none-eabi/11.3.1/../../../../arm-none-eabi/lib/thumb/v7e-m+fp/hard\libc_nano.a(libc_a-ctype_.o)
                0x000000000800856a                _ctype_
 .rodata.strtok.str1.1
                0x000000000800866b       0x71 D:/BBB/stm32/STM32CubeIDE_1.13.2/STM32CubeIDE/plugins/com.st.stm32cube.ide.mcu.externaltools.gnu-tools-for-stm32.11.3.rel1.win32_1.1.1.202309131626/tools/bin/../lib/gcc/arm-none-eabi/11.3.1/../../../../arm-none-eabi/lib/thumb/v7e-m+fp/hard\libc_nano.a(libc_a-strtok.o)
 .rodata.__assert_func.str1.1
                0x00000000080086dc       0x3c D:/BBB/stm32/STM32CubeIDE_1.13.2/STM32CubeIDE/plugins/com.st.stm32cube.ide.mcu.externaltools.gnu-tools-for-stm32.11.3.rel1.win32_1.1.1.202309131626/tools/bin/../lib/gcc/arm-none-eabi/11.3.1/../../../../arm-none-eabi/lib/thumb/v7e-m+fp/hard\libc_nano.a(libc_a-assert.o)
                                         0x3d (size before relaxing)
 .rodata._vfprintf_r.str1.1
                0x0000000008008718       0x11 D:/BBB/stm32/STM32CubeIDE_1.13.2/STM32CubeIDE/plugins/com.st.stm32cube.ide.mcu.externaltools.gnu-tools-for-stm32.11.3.rel1.win32_1.1.1.202309131626/tools/bin/../lib/gcc/arm-none-eabi/11.3.1/../../../../arm-none-eabi/lib/thumb/v7e-m+fp/hard\libc_nano.a(libc_a-nano-vfprintf.o)
 .rodata._printf_i.str1.1
                0x0000000008008729       0x22 D:/BBB/stm32/STM32CubeIDE_1.13.2/STM32CubeIDE/plugins/com.st.stm32cube.ide.mcu.externaltools.gnu-tools-for-stm32.11.3.rel1.win32_1.1.1.202309131626/tools/bin/../lib/gcc/arm-none-eabi/11.3.1/../../../../arm-none-eabi/lib/thumb/v7e-m+fp/hard\libc_nano.a(libc_a-nano-vfprintf_i.o)
 .rodata.asinf.str1.1
                0x000000000800874b        0x1 D:/BBB/stm32/STM32CubeIDE_1.13.2/STM32CubeIDE/plugins/com.st.stm32cube.ide.mcu.externaltools.gnu-tools-for-stm32.11.3.rel1.win32_1.1.1.202309131626/tools/bin/../lib/gcc/arm-none-eabi/11.3.1/../../../../arm-none-eabi/lib/thumb/v7e-m+fp/hard\libm.a(libm_a-wf_asin.o)
 *fill*         0x000000000800874b        0x1 
 .rodata.CSWTCH.8
                0x000000000800874c        0xc D:/BBB/stm32/STM32CubeIDE_1.13.2/STM32CubeIDE/plugins/com.st.stm32cube.ide.mcu.externaltools.gnu-tools-for-stm32.11.3.rel1.win32_1.1.1.202309131626/tools/bin/../lib/gcc/arm-none-eabi/11.3.1/../../../../arm-none-eabi/lib/thumb/v7e-m+fp/hard\libm.a(libm_a-ef_atan2.o)
 .rodata.CSWTCH.9
                0x0000000008008758        0xc D:/BBB/stm32/STM32CubeIDE_1.13.2/STM32CubeIDE/plugins/com.st.stm32cube.ide.mcu.externaltools.gnu-tools-for-stm32.11.3.rel1.win32_1.1.1.202309131626/tools/bin/../lib/gcc/arm-none-eabi/11.3.1/../../../../arm-none-eabi/lib/thumb/v7e-m+fp/hard\libm.a(libm_a-ef_atan2.o)
 .rodata.atanhi
                0x0000000008008764       0x10 D:/BBB/stm32/STM32CubeIDE_1.13.2/STM32CubeIDE/plugins/com.st.stm32cube.ide.mcu.externaltools.gnu-tools-for-stm32.11.3.rel1.win32_1.1.1.202309131626/tools/bin/../lib/gcc/arm-none-eabi/11.3.1/../../../../arm-none-eabi/lib/thumb/v7e-m+fp/hard\libm.a(libm_a-sf_atan.o)
 .rodata.atanlo
                0x0000000008008774       0x10 D:/BBB/stm32/STM32CubeIDE_1.13.2/STM32CubeIDE/plugins/com.st.stm32cube.ide.mcu.externaltools.gnu-tools-for-stm32.11.3.rel1.win32_1.1.1.202309131626/tools/bin/../lib/gcc/arm-none-eabi/11.3.1/../../../../arm-none-eabi/lib/thumb/v7e-m+fp/hard\libm.a(libm_a-sf_atan.o)
                0x0000000008008784                . = ALIGN (0x4)

.ARM.extab      0x0000000008008784        0x0
                0x0000000008008784                . = ALIGN (0x4)
 *(.ARM.extab* .gnu.linkonce.armextab.*)
                0x0000000008008784                . = ALIGN (0x4)

.ARM            0x0000000008008784        0x8
                0x0000000008008784                . = ALIGN (0x4)
                0x0000000008008784                __exidx_start = .
 *(.ARM.exidx*)
 .ARM.exidx     0x0000000008008784        0x8 D:/BBB/stm32/STM32CubeIDE_1.13.2/STM32CubeIDE/plugins/com.st.stm32cube.ide.mcu.externaltools.gnu-tools-for-stm32.11.3.rel1.win32_1.1.1.202309131626/tools/bin/../lib/gcc/arm-none-eabi/11.3.1/thumb/v7e-m+fp/hard\libgcc.a(_udivmoddi4.o)
                0x000000000800878c                __exidx_end = .
                0x000000000800878c                . = ALIGN (0x4)

.rel.dyn        0x000000000800878c        0x0
 .rel.iplt      0x000000000800878c        0x0 D:/BBB/stm32/STM32CubeIDE_1.13.2/STM32CubeIDE/plugins/com.st.stm32cube.ide.mcu.externaltools.gnu-tools-for-stm32.11.3.rel1.win32_1.1.1.202309131626/tools/bin/../lib/gcc/arm-none-eabi/11.3.1/thumb/v7e-m+fp/hard/crtbegin.o

.preinit_array  0x000000000800878c        0x0
                0x000000000800878c                . = ALIGN (0x4)
                0x000000000800878c                PROVIDE (__preinit_array_start = .)
 *(.preinit_array*)
                0x000000000800878c                PROVIDE (__preinit_array_end = .)
                0x000000000800878c                . = ALIGN (0x4)

.init_array     0x000000000800878c        0x4
                0x000000000800878c                . = ALIGN (0x4)
                0x000000000800878c                PROVIDE (__init_array_start = .)
 *(SORT_BY_NAME(.init_array.*))
 *(.init_array*)
 .init_array    0x000000000800878c        0x4 D:/BBB/stm32/STM32CubeIDE_1.13.2/STM32CubeIDE/plugins/com.st.stm32cube.ide.mcu.externaltools.gnu-tools-for-stm32.11.3.rel1.win32_1.1.1.202309131626/tools/bin/../lib/gcc/arm-none-eabi/11.3.1/thumb/v7e-m+fp/hard/crtbegin.o
                0x0000000008008790                PROVIDE (__init_array_end = .)
                0x0000000008008790                . = ALIGN (0x4)

.fini_array     0x0000000008008790        0x4
                0x0000000008008790                . = ALIGN (0x4)
                [!provide]                        PROVIDE (__fini_array_start = .)
 *(SORT_BY_NAME(.fini_array.*))
 *(.fini_array*)
 .fini_array    0x0000000008008790        0x4 D:/BBB/stm32/STM32CubeIDE_1.13.2/STM32CubeIDE/plugins/com.st.stm32cube.ide.mcu.externaltools.gnu-tools-for-stm32.11.3.rel1.win32_1.1.1.202309131626/tools/bin/../lib/gcc/arm-none-eabi/11.3.1/thumb/v7e-m+fp/hard/crtbegin.o
                [!provide]                        PROVIDE (__fini_array_end = .)
                0x0000000008008794                . = ALIGN (0x4)
                0x0000000008008794                _sidata = LOADADDR (.data)

.data           0x0000000020000000      0x24c load address 0x0000000008008794
                0x0000000020000000                . = ALIGN (0x4)
                0x0000000020000000                _sdata = .
 *(.data)
 *(.data*)
 .data.fc_bridge
                0x0000000020000000       0x28 ./Core/Src/bridge.o
 .data.NEO7M    0x0000000020000028      0x1b4 ./Core/Src/gps.o
 .data.SystemCoreClock
                0x00000000200001dc        0x4 ./Core/Src/system_stm32f4xx.o
                0x00000000200001dc                SystemCoreClock
 .data.beta     0x00000000200001e0        0x4 ./Core/Static_Src/ahrs_common.o
                0x00000000200001e0                beta
 .data.q0       0x00000000200001e4        0x4 ./Core/Static_Src/ahrs_common.o
                0x00000000200001e4                q0
 .data.uwTickFreq
                0x00000000200001e8        0x1 ./Drivers/STM32F4xx_HAL_Driver/Src/stm32f4xx_hal.o
                0x00000000200001e8                uwTickFreq
 *fill*         0x00000000200001e9        0x3 
 .data.uwTickPrio
                0x00000000200001ec        0x4 ./Drivers/STM32F4xx_HAL_Driver/Src/stm32f4xx_hal.o
                0x00000000200001ec                uwTickPrio
 .data.__sglue  0x00000000200001f0        0xc D:/BBB/stm32/STM32CubeIDE_1.13.2/STM32CubeIDE/plugins/com.st.stm32cube.ide.mcu.externaltools.gnu-tools-for-stm32.11.3.rel1.win32_1.1.1.202309131626/tools/bin/../lib/gcc/arm-none-eabi/11.3.1/../../../../arm-none-eabi/lib/thumb/v7e-m+fp/hard\libc_nano.a(libc_a-findfp.o)
                0x00000000200001f0                __sglue
 .data._impure_data
                0x00000000200001fc       0x4c D:/BBB/stm32/STM32CubeIDE_1.13.2/STM32CubeIDE/plugins/com.st.stm32cube.ide.mcu.externaltools.gnu-tools-for-stm32.11.3.rel1.win32_1.1.1.202309131626/tools/bin/../lib/gcc/arm-none-eabi/11.3.1/../../../../arm-none-eabi/lib/thumb/v7e-m+fp/hard\libc_nano.a(libc_a-impure.o)
                0x00000000200001fc                _impure_data
 .data._impure_ptr
                0x0000000020000248        0x4 D:/BBB/stm32/STM32CubeIDE_1.13.2/STM32CubeIDE/plugins/com.st.stm32cube.ide.mcu.externaltools.gnu-tools-for-stm32.11.3.rel1.win32_1.1.1.202309131626/tools/bin/../lib/gcc/arm-none-eabi/11.3.1/../../../../arm-none-eabi/lib/thumb/v7e-m+fp/hard\libc_nano.a(libc_a-impure.o)
                0x0000000020000248                _impure_ptr
 *(.RamFunc)
 *(.RamFunc*)
                0x000000002000024c                . = ALIGN (0x4)
                0x000000002000024c                _edata = .

.igot.plt       0x000000002000024c        0x0 load address 0x00000000080089e0
 .igot.plt      0x000000002000024c        0x0 D:/BBB/stm32/STM32CubeIDE_1.13.2/STM32CubeIDE/plugins/com.st.stm32cube.ide.mcu.externaltools.gnu-tools-for-stm32.11.3.rel1.win32_1.1.1.202309131626/tools/bin/../lib/gcc/arm-none-eabi/11.3.1/thumb/v7e-m+fp/hard/crtbegin.o
                0x000000002000024c                . = ALIGN (0x4)

.bss            0x0000000020000250      0xd8c load address 0x00000000080089e0
                0x0000000020000250                _sbss = .
                0x0000000020000250                __bss_start__ = _sbss
 *(.bss)
 .bss           0x0000000020000250       0x1c D:/BBB/stm32/STM32CubeIDE_1.13.2/STM32CubeIDE/plugins/com.st.stm32cube.ide.mcu.externaltools.gnu-tools-for-stm32.11.3.rel1.win32_1.1.1.202309131626/tools/bin/../lib/gcc/arm-none-eabi/11.3.1/thumb/v7e-m+fp/hard/crtbegin.o
 *(.bss*)
 .bss.gTHR      0x000000002000026c        0x2 ./Core/Src/ahrs.o
                0x000000002000026c                gTHR
 *fill*         0x000000002000026e        0x2 
 .bss.bmp       0x0000000020000270       0x60 ./Core/Src/bmp280.o
 .bss.bmp_i2c   0x00000000200002d0        0x4 ./Core/Src/bmp280.o
                0x00000000200002d0                bmp_i2c
 .bss.dev_addr  0x00000000200002d4        0x1 ./Core/Src/bmp280.o
 *fill*         0x00000000200002d5        0x3 
 .bss.fc_port   0x00000000200002d8       0x18 ./Core/Src/bridge.o
                0x00000000200002d8                fc_port
 .bss.counter   0x00000000200002f0        0x2 ./Core/Src/buzzer.o
 *fill*         0x00000000200002f2        0x2 
 .bss.pwm_channel
                0x00000000200002f4        0x4 ./Core/Src/buzzer.o
                0x00000000200002f4                pwm_channel
 .bss.pwm_tim   0x00000000200002f8        0x4 ./Core/Src/buzzer.o
                0x00000000200002f8                pwm_tim
 .bss.imuCalibration
                0x00000000200002fc       0x36 ./Core/Src/calibration.o
                0x00000000200002fc                imuCalibration
 .bss.accel     0x0000000020000332        0x6 ./Core/Src/flight_control.o
                0x0000000020000332                accel
 .bss.ahrsState
                0x0000000020000338       0x1c ./Core/Src/flight_control.o
                0x0000000020000338                ahrsState
 .bss.gyro      0x0000000020000354        0x6 ./Core/Src/flight_control.o
                0x0000000020000354                gyro
 .bss.mag       0x000000002000035a        0x6 ./Core/Src/flight_control.o
                0x000000002000035a                mag
 .bss.gps_uart  0x0000000020000360        0x4 ./Core/Src/gps.o
                0x0000000020000360                gps_uart
 *fill*         0x0000000020000364        0x4 
 .bss.nmea_data
                0x0000000020000368       0x80 ./Core/Src/gps.o
                0x0000000020000368                nmea_data
 .bss.ubx_data  0x00000000200003e8       0x1c ./Core/Src/gps.o
                0x00000000200003e8                ubx_data
 .bss.hi2c1     0x0000000020000404       0x54 ./Core/Src/i2c.o
                0x0000000020000404                hi2c1
 .bss.hi2c2     0x0000000020000458       0x54 ./Core/Src/i2c.o
                0x0000000020000458                hi2c2
 .bss.hi2c3     0x00000000200004ac       0x54 ./Core/Src/i2c.o
                0x00000000200004ac                hi2c3
 .bss.bmi_ref   0x0000000020000500       0x2c ./Core/Src/imu.o
                0x0000000020000500                bmi_ref
 .bss.bmm_ref   0x000000002000052c       0x2c ./Core/Src/imu.o
                0x000000002000052c                bmm_ref
 .bss.bmm_settings
                0x0000000020000558       0x11 ./Core/Src/imu.o
                0x0000000020000558                bmm_settings
 *fill*         0x0000000020000569        0x3 
 .bss.imu       0x000000002000056c      0x138 ./Core/Src/imu.o
 .bss.imu_i2c   0x00000000200006a4        0x4 ./Core/Src/imu.o
                0x00000000200006a4                imu_i2c
 .bss.imu_timer