../Core/Src/bridge.c:14:26:transmit	16	static
../Core/Src/bridge.c:20:26:receive	8	static
../Core/Src/bridge.c:25:20:bridge_signal_transmit_handler	24	static
../Core/Src/bridge.c:34:20:bridge_signal_receive_handler	24	static
../Core/Src/bridge.c:44:13:flight_bridge_queue_control	40	static
../Core/Src/bridge.c:54:13:bridge_fc_rx_callback	24	static
../Core/Src/bridge.c:73:19:bridge_init	24	static
../Core/Src/bridge.c:87:19:bridge_drone_arm	16	static
../Core/Src/bridge.c:97:19:bridge_transmit	24	static
