../Core/Src/motor.c:33:20:M_L1_signal_handler	16	static
../Core/Src/motor.c:36:20:M_L2_signal_handler	16	static
../Core/Src/motor.c:39:20:M_EDF_L1_signal_handler	16	static
../Core/Src/motor.c:42:20:M_R1_signal_handler	16	static
../Core/Src/motor.c:45:20:M_R2_signal_handler	16	static
../Core/Src/motor.c:48:20:M_EDF_R1_signal_handler	16	static
../Core/Src/motor.c:52:13:motors_pre_init	8	static
../Core/Src/motor.c:70:20:store_dma_dshot	32	static
../Core/Src/motor.c:74:20:motor_store_started	32	static
../Core/Src/motor.c:78:13:fill_buffer_dshot	24	static
../Core/Src/motor.c:86:17:dshot_frame	24	static
../Core/Src/motor.c:93:19:motor_init_all	16	static
../Core/Src/motor.c:128:19:motor_init_pwm	32	static
../Core/Src/motor.c:143:19:motor_init_dma_dshot	32	static
../Core/Src/motor.c:159:6:motor_start_all	16	static
../Core/Src/motor.c:168:13:get_start_throttle	16	static
../Core/Src/motor.c:179:6:motor_dshot	16	static
../Core/Src/motor.c:186:6:motor_pwm	16	static
../Core/Src/motor.c:210:13:get_started_motor	24	static
../Core/Src/motor.c:214:13:get_dma_dshot_motor	24	static
../Core/Src/motor.c:218:26:motor_deinit	16	static
../Core/Src/motor.c:226:17:get_M_L1	4	static
../Core/Src/motor.c:229:17:get_M_L2	4	static
../Core/Src/motor.c:232:17:get_M_EDF_L1	4	static
../Core/Src/motor.c:235:17:get_M_R1	4	static
../Core/Src/motor.c:238:17:get_M_R2	4	static
../Core/Src/motor.c:241:17:get_M_EDF_R1	4	static
