../Core/Src/servo.c:24:13:servo_signal_handler	16	static
../Core/Src/servo.c:29:13:servo_swap	16	static
../Core/Src/servo.c:37:13:servo_store_dma	32	static
../Core/Src/servo.c:41:13:servo_store_cruise	32	static
../Core/Src/servo.c:45:16:servo_calculate_angle	16	static
../Core/Src/servo.c:59:13:servo_lock_cruise_vehicle	8	static
../Core/Src/servo.c:65:13:servo_lock_vtol_vehicle	8	static
../Core/Src/servo.c:71:13:servo_dma_error_callback	16	static
../Core/Src/servo.c:75:13:servo_dma_finishing_callback	16	static
../Core/Src/servo.c:92:26:servo_start_dma	8	static
../Core/Src/servo.c:109:13:servo_get_dma	16	static
../Core/Src/servo.c:113:13:servo_get_cruise	16	static
../Core/Src/servo.c:118:19:servo_init_vtol	16	static
../Core/Src/servo.c:128:19:servo_deinit	8	static
../Core/Src/servo.c:132:19:servo_cruise_vehicle	16	static
../Core/Src/servo.c:145:19:servo_vtol_vehicle	8	static
../Core/Src/servo.c:153:17:get_servo	4	static
