Archive member included to satisfy reference by file (symbol)

D:/BBB/stm32/STM32CubeIDE_1.13.2/STM32CubeIDE/plugins/com.st.stm32cube.ide.mcu.externaltools.gnu-tools-for-stm32.11.3.rel1.win32_1.1.1.202309131626/tools/bin/../lib/gcc/arm-none-eabi/11.3.1/../../../../arm-none-eabi/lib/thumb/v7e-m+fp/hard\libc_nano.a(libc_a-exit.o)
                              D:/BBB/stm32/STM32CubeIDE_1.13.2/STM32CubeIDE/plugins/com.st.stm32cube.ide.mcu.externaltools.gnu-tools-for-stm32.11.3.rel1.win32_1.1.1.202309131626/tools/bin/../lib/gcc/arm-none-eabi/11.3.1/../../../../arm-none-eabi/lib/thumb/v7e-m+fp/hard/crt0.o (exit)
D:/BBB/stm32/STM32CubeIDE_1.13.2/STM32CubeIDE/plugins/com.st.stm32cube.ide.mcu.externaltools.gnu-tools-for-stm32.11.3.rel1.win32_1.1.1.202309131626/tools/bin/../lib/gcc/arm-none-eabi/11.3.1/../../../../arm-none-eabi/lib/thumb/v7e-m+fp/hard\libc_nano.a(libc_a-malloc.o)
                              ./Core/Static_Src/bridge_common.o (malloc)
D:/BBB/stm32/STM32CubeIDE_1.13.2/STM32CubeIDE/plugins/com.st.stm32cube.ide.mcu.externaltools.gnu-tools-for-stm32.11.3.rel1.win32_1.1.1.202309131626/tools/bin/../lib/gcc/arm-none-eabi/11.3.1/../../../../arm-none-eabi/lib/thumb/v7e-m+fp/hard\libc_nano.a(libc_a-mallocr.o)
                              D:/BBB/stm32/STM32CubeIDE_1.13.2/STM32CubeIDE/plugins/com.st.stm32cube.ide.mcu.externaltools.gnu-tools-for-stm32.11.3.rel1.win32_1.1.1.202309131626/tools/bin/../lib/gcc/arm-none-eabi/11.3.1/../../../../arm-none-eabi/lib/thumb/v7e-m+fp/hard\libc_nano.a(libc_a-malloc.o) (_malloc_r)
D:/BBB/stm32/STM32CubeIDE_1.13.2/STM32CubeIDE/plugins/com.st.stm32cube.ide.mcu.externaltools.gnu-tools-for-stm32.11.3.rel1.win32_1.1.1.202309131626/tools/bin/../lib/gcc/arm-none-eabi/11.3.1/../../../../arm-none-eabi/lib/thumb/v7e-m+fp/hard\libc_nano.a(libc_a-mlock.o)
                              D:/BBB/stm32/STM32CubeIDE_1.13.2/STM32CubeIDE/plugins/com.st.stm32cube.ide.mcu.externaltools.gnu-tools-for-stm32.11.3.rel1.win32_1.1.1.202309131626/tools/bin/../lib/gcc/arm-none-eabi/11.3.1/../../../../arm-none-eabi/lib/thumb/v7e-m+fp/hard\libc_nano.a(libc_a-mallocr.o) (__malloc_lock)
D:/BBB/stm32/STM32CubeIDE_1.13.2/STM32CubeIDE/plugins/com.st.stm32cube.ide.mcu.externaltools.gnu-tools-for-stm32.11.3.rel1.win32_1.1.1.202309131626/tools/bin/../lib/gcc/arm-none-eabi/11.3.1/../../../../arm-none-eabi/lib/thumb/v7e-m+fp/hard\libc_nano.a(libc_a-ctype_.o)
                              ./Core/Static_Src/bridge_common.o (_ctype_)
D:/BBB/stm32/STM32CubeIDE_1.13.2/STM32CubeIDE/plugins/com.st.stm32cube.ide.mcu.externaltools.gnu-tools-for-stm32.11.3.rel1.win32_1.1.1.202309131626/tools/bin/../lib/gcc/arm-none-eabi/11.3.1/../../../../arm-none-eabi/lib/thumb/v7e-m+fp/hard\libc_nano.a(libc_a-findfp.o)
                              D:/BBB/stm32/STM32CubeIDE_1.13.2/STM32CubeIDE/plugins/com.st.stm32cube.ide.mcu.externaltools.gnu-tools-for-stm32.11.3.rel1.win32_1.1.1.202309131626/tools/bin/../lib/gcc/arm-none-eabi/11.3.1/../../../../arm-none-eabi/lib/thumb/v7e-m+fp/hard\libc_nano.a(libc_a-exit.o) (__stdio_exit_handler)
D:/BBB/stm32/STM32CubeIDE_1.13.2/STM32CubeIDE/plugins/com.st.stm32cube.ide.mcu.externaltools.gnu-tools-for-stm32.11.3.rel1.win32_1.1.1.202309131626/tools/bin/../lib/gcc/arm-none-eabi/11.3.1/../../../../arm-none-eabi/lib/thumb/v7e-m+fp/hard\libc_nano.a(libc_a-fwalk.o)
                              D:/BBB/stm32/STM32CubeIDE_1.13.2/STM32CubeIDE/plugins/com.st.stm32cube.ide.mcu.externaltools.gnu-tools-for-stm32.11.3.rel1.win32_1.1.1.202309131626/tools/bin/../lib/gcc/arm-none-eabi/11.3.1/../../../../arm-none-eabi/lib/thumb/v7e-m+fp/hard\libc_nano.a(libc_a-findfp.o) (_fwalk_sglue)
D:/BBB/stm32/STM32CubeIDE_1.13.2/STM32CubeIDE/plugins/com.st.stm32cube.ide.mcu.externaltools.gnu-tools-for-stm32.11.3.rel1.win32_1.1.1.202309131626/tools/bin/../lib/gcc/arm-none-eabi/11.3.1/../../../../arm-none-eabi/lib/thumb/v7e-m+fp/hard\libc_nano.a(libc_a-stdio.o)
                              D:/BBB/stm32/STM32CubeIDE_1.13.2/STM32CubeIDE/plugins/com.st.stm32cube.ide.mcu.externaltools.gnu-tools-for-stm32.11.3.rel1.win32_1.1.1.202309131626/tools/bin/../lib/gcc/arm-none-eabi/11.3.1/../../../../arm-none-eabi/lib/thumb/v7e-m+fp/hard\libc_nano.a(libc_a-findfp.o) (__sread)
D:/BBB/stm32/STM32CubeIDE_1.13.2/STM32CubeIDE/plugins/com.st.stm32cube.ide.mcu.externaltools.gnu-tools-for-stm32.11.3.rel1.win32_1.1.1.202309131626/tools/bin/../lib/gcc/arm-none-eabi/11.3.1/../../../../arm-none-eabi/lib/thumb/v7e-m+fp/hard\libc_nano.a(libc_a-memset.o)
                              D:/BBB/stm32/STM32CubeIDE_1.13.2/STM32CubeIDE/plugins/com.st.stm32cube.ide.mcu.externaltools.gnu-tools-for-stm32.11.3.rel1.win32_1.1.1.202309131626/tools/bin/../lib/gcc/arm-none-eabi/11.3.1/../../../../arm-none-eabi/lib/thumb/v7e-m+fp/hard/crt0.o (memset)
[...]
Memory Configuration

Name             Origin             Length             Attributes
RAM              0x0000000020000000 0x0000000000020000 xrw
FLASH            0x0000000008000000 0x0000000000040000 xr
*default*        0x0000000000000000 0xffffffffffffffff

Linker script and memory map

LOAD D:/BBB/stm32/STM32CubeIDE_1.13.2/STM32CubeIDE/plugins/com.st.stm32cube.ide.mcu.externaltools.gnu-tools-for-stm32.11.3.rel1.win32_1.1.1.202309131626/tools/bin/../lib/gcc/arm-none-eabi/11.3.1/thumb/v7e-m+fp/hard/crti.o
LOAD D:/BBB/stm32/STM32CubeIDE_1.13.2/STM32CubeIDE/plugins/com.st.stm32cube.ide.mcu.externaltools.gnu-tools-for-stm32.11.3.rel1.win32_1.1.1.202309131626/tools/bin/../lib/gcc/arm-none-eabi/11.3.1/thumb/v7e-m+fp/hard/crtbegin.o
LOAD D:/BBB/stm32/STM32CubeIDE_1.13.2/STM32CubeIDE/plugins/com.st.stm32cube.ide.mcu.externaltools.gnu-tools-for-stm32.11.3.rel1.win32_1.1.1.202309131626/tools/bin/../lib/gcc/arm-none-eabi/11.3.1/../../../../arm-none-eabi/lib/thumb/v7e-m+fp/hard/crt0.o
LOAD ./Core/Src/ahrs.o
LOAD ./Core/Src/bridge.o
LOAD ./Core/Src/calibration.o
LOAD ./Core/Src/dma.o
LOAD ./Core/Src/flight_control.o
LOAD ./Core/Src/gpio.o
LOAD ./Core/Src/i2c.o
LOAD ./Core/Src/imu.o
LOAD ./Core/Src/main.o
LOAD ./Core/Src/motor.o
LOAD ./Core/Src/remote_control.o
LOAD ./Core/Src/servo.o
LOAD ./Core/Src/stm32f4xx_hal_msp.o
LOAD ./Core/Src/stm32f4xx_it.o
LOAD ./Core/Src/system_stm32f4xx.o
LOAD ./Core/Src/tim.o
LOAD ./Core/Src/usart.o
LOAD ./Core/Startup/startup_stm32f411ccux.o
LOAD ./Core/Static_Src/ahrs_common.o
LOAD ./Core/Static_Src/basic_math.o
LOAD ./Core/Static_Src/bmi160.o
LOAD ./Core/Static_Src/bridge_common.o
LOAD ./Core/Static_Src/drone.o
LOAD ./Core/Static_Src/init.o
LOAD ./Core/Static_Src/quaternion.o
LOAD ./Core/Static_Src/queue.o
LOAD ./Core/Static_Src/syscalls.o
LOAD ./Core/Static_Src/sysmem.o
LOAD ./Drivers/STM32F4xx_HAL_Driver/Src/stm32f4xx_hal.o
LOAD ./Drivers/STM32F4xx_HAL_Driver/Src/stm32f4xx_hal_cortex.o
LOAD ./Drivers/STM32F4xx_HAL_Driver/Src/stm32f4xx_hal_dma.o
LOAD ./Drivers/STM32F4xx_HAL_Driver/Src/stm32f4xx_hal_dma_ex.o
LOAD ./Drivers/STM32F4xx_HAL_Driver/Src/stm32f4xx_hal_exti.o
LOAD ./Drivers/STM32F4xx_HAL_Driver/Src/stm32f4xx_hal_flash.o
LOAD ./Drivers/STM32F4xx_HAL_Driver/Src/stm32f4xx_hal_flash_ex.o
LOAD ./Drivers/STM32F4xx_HAL_Driver/Src/stm32f4xx_hal_flash_ramfunc.o
LOAD ./Drivers/STM32F4xx_HAL_Driver/Src/stm32f4xx_hal_gpio.o
LOAD ./Drivers/STM32F4xx_HAL_Driver/Src/stm32f4xx_hal_i2c.o
LOAD ./Drivers/STM32F4xx_HAL_Driver/Src/stm32f4xx_hal_i2c_ex.o
LOAD ./Drivers/STM32F4xx_HAL_Driver/Src/stm32f4xx_hal_pwr.o
LOAD ./Drivers/STM32F4xx_HAL_Driver/Src/stm32f4xx_hal_pwr_ex.o
LOAD ./Drivers/STM32F4xx_HAL_Driver/Src/stm32f4xx_hal_rcc.o
LOAD ./Drivers/STM32F4xx_HAL_Driver/Src/stm32f4xx_hal_rcc_ex.o
LOAD ./Drivers/STM32F4xx_HAL_Driver/Src/stm32f4xx_hal_tim.o
LOAD ./Drivers/STM32F4xx_HAL_Driver/Src/stm32f4xx_hal_tim_ex.o
LOAD ./Drivers/STM32F4xx_HAL_Driver/Src/stm32f4xx_hal_uart.o
START GROUP
LOAD D:/BBB/stm32/STM32CubeIDE_1.13.2/STM32CubeIDE/plugins/com.st.stm32cube.ide.mcu.externaltools.gnu-tools-for-stm32.11.3.rel1.win32_1.1.1.202309131626/tools/bin/../lib/gcc/arm-none-eabi/11.3.1/../../../../arm-none-eabi/lib/thumb/v7e-m+fp/hard\libc_nano.a
LOAD D:/BBB/stm32/STM32CubeIDE_1.13.2/STM32CubeIDE/plugins/com.st.stm32cube.ide.mcu.externaltools.gnu-tools-for-stm32.11.3.rel1.win32_1.1.1.202309131626/tools/bin/../lib/gcc/arm-none-eabi/11.3.1/../../../../arm-none-eabi/lib/thumb/v7e-m+fp/hard\libm.a
END GROUP
START GROUP
LOAD D:/BBB/stm32/STM32CubeIDE_1.13.2/STM32CubeIDE/plugins/com.st.stm32cube.ide.mcu.externaltools.gnu-tools-for-stm32.11.3.rel1.win32_1.1.1.202309131626/tools/bin/../lib/gcc/arm-none-eabi/11.3.1/thumb/v7e-m+fp/hard\libgcc.a
LOAD D:/BBB/stm32/STM32CubeIDE_1.13.2/STM32CubeIDE/plugins/com.st.stm32cube.ide.mcu.externaltools.gnu-tools-for-stm32.11.3.rel1.win32_1.1.1.202309131626/tools/bin/../lib/gcc/arm-none-eabi/11.3.1/../../../../arm-none-eabi/lib/thumb/v7e-m+fp/hard\libc_nano.a
END GROUP
START GROUP
LOAD D:/BBB/stm32/STM32CubeIDE_1.13.2/STM32CubeIDE/plugins/com.st.stm32cube.ide.mcu.externaltools.gnu-tools-for-stm32.11.3.rel1.win32_1.1.1.202309131626/tools/bin/../lib/gcc/arm-none-eabi/11.3.1/thumb/v7e-m+fp/hard\libgcc.a
LOAD D:/BBB/stm32/STM32CubeIDE_1.13.2/STM32CubeIDE/plugins/com.st.stm32cube.ide.mcu.externaltools.gnu-tools-for-stm32.11.3.rel1.win32_1.1.1.202309131626/tools/bin/../lib/gcc/arm-none-eabi/11.3.1/../../../../arm-none-eabi/lib/thumb/v7e-m+fp/hard\libc_nano.a
LOAD D:/BBB/stm32/STM32CubeIDE_1.13.2/STM32CubeIDE/plugins/com.st.stm32cube.ide.mcu.externaltools.gnu-tools-for-stm32.11.3.rel1.win32_1.1.1.202309131626/tools/bin/../lib/gcc/arm-none-eabi/11.3.1/../../../../arm-none-eabi/lib/thumb/v7e-m+fp/hard\libnosys.a
END GROUP
START GROUP
LOAD D:/BBB/stm32/STM32CubeIDE_1.13.2/STM32CubeIDE/plugins/com.st.stm32cube.ide.mcu.externaltools.gnu-tools-for-stm32.11.3.rel1.win32_1.1.1.202309131626/tools/bin/../lib/gcc/arm-none-eabi/11.3.1/thumb/v7e-m+fp/hard\libgcc.a
LOAD D:/BBB/stm32/STM32CubeIDE_1.13.2/STM32CubeIDE/plugins/com.st.stm32cube.ide.mcu.externaltools.gnu-tools-for-stm32.11.3.rel1.win32_1.1.1.202309131626/tools/bin/../lib/gcc/arm-none-eabi/11.3.1/../../../../arm-none-eabi/lib/thumb/v7e-m+fp/hard\libc_nano.a
LOAD D:/BBB/stm32/STM32CubeIDE_1.13.2/STM32CubeIDE/plugins/com.st.stm32cube.ide.mcu.externaltools.gnu-tools-for-stm32.11.3.rel1.win32_1.1.1.202309131626/tools/bin/../lib/gcc/arm-none-eabi/11.3.1/../../../../arm-none-eabi/lib/thumb/v7e-m+fp/hard\libnosys.a
END GROUP
LOAD D:/BBB/stm32/STM32CubeIDE_1.13.2/STM32CubeIDE/plugins/com.st.stm32cube.ide.mcu.externaltools.gnu-tools-for-stm32.11.3.rel1.win32_1.1.1.202309131626/tools/bin/../lib/gcc/arm-none-eabi/11.3.1/thumb/v7e-m+fp/hard/crtend.o
LOAD D:/BBB/stm32/STM32CubeIDE_1.13.2/STM32CubeIDE/plugins/com.st.stm32cube.ide.mcu.externaltools.gnu-tools-for-stm32.11.3.rel1.win32_1.1.1.202309131626/tools/bin/../lib/gcc/arm-none-eabi/11.3.1/thumb/v7e-m+fp/hard/crtn.o
                0x0000000020020000                _estack = (ORIGIN (RAM) + LENGTH (RAM))
                0x0000000000000200                _Min_Heap_Size = 0x200
                0x0000000000000400                _Min_Stack_Size = 0x400

.isr_vector     0x0000000008000000      0x198
                0x0000000008000000                . = ALIGN (0x4)
 *(.isr_vector)
 .isr_vector    0x0000000008000000      0x198 ./Core/Startup/startup_stm32f411ccux.o
                0x0000000008000000                g_pfnVectors
                0x0000000008000198                . = ALIGN (0x4)

.text           0x0000000008000198     0x7944
                0x0000000008000198                . = ALIGN (0x4)
 *(.text)
 .text          0x0000000008000198       0x40 D:/BBB/stm32/STM32CubeIDE_1.13.2/STM32CubeIDE/plugins/com.st.stm32cube.ide.mcu.externaltools.gnu-tools-for-stm32.11.3.rel1.win32_1.1.1.202309131626/tools/bin/../lib/gcc/arm-none-eabi/11.3.1/thumb/v7e-m+fp/hard/crtbegin.o
 .text          0x00000000080001d8       0x10 D:/BBB/stm32/STM32CubeIDE_1.13.2/STM32CubeIDE/plugins/com.st.stm32cube.ide.mcu.externaltools.gnu-tools-for-stm32.11.3.rel1.win32_1.1.1.202309131626/tools/bin/../lib/gcc/arm-none-eabi/11.3.1/../../../../arm-none-eabi/lib/thumb/v7e-m+fp/hard\libc_nano.a(libc_a-strlen.o)
                0x00000000080001d8                strlen
 .text          0x00000000080001e8       0x30 D:/BBB/stm32/STM32CubeIDE_1.13.2/STM32CubeIDE/plugins/com.st.stm32cube.ide.mcu.externaltools.gnu-tools-for-stm32.11.3.rel1.win32_1.1.1.202309131626/tools/bin/../lib/gcc/arm-none-eabi/11.3.1/thumb/v7e-m+fp/hard\libgcc.a(_aeabi_uldivmod.o)
                0x00000000080001e8                __aeabi_uldivmod
 .text          0x0000000008000218      0x2c8 D:/BBB/stm32/STM32CubeIDE_1.13.2/STM32CubeIDE/plugins/com.st.stm32cube.ide.mcu.externaltools.gnu-tools-for-stm32.11.3.rel1.win32_1.1.1.202309131626/tools/bin/../lib/gcc/arm-none-eabi/11.3.1/thumb/v7e-m+fp/hard\libgcc.a(_udivmoddi4.o)
                0x0000000008000218                __udivmoddi4
 .text          0x00000000080004e0        0x4 D:/BBB/stm32/STM32CubeIDE_1.13.2/STM32CubeIDE/plugins/com.st.stm32cube.ide.mcu.externaltools.gnu-tools-for-stm32.11.3.rel1.win32_1.1.1.202309131626/tools/bin/../lib/gcc/arm-none-eabi/11.3.1/thumb/v7e-m+fp/hard\libgcc.a(_dvmd_tls.o)
                0x00000000080004e0                __aeabi_idiv0
                0x00000000080004e0                __aeabi_ldiv0
 *(.text*)
 .text.transmit
                0x00000000080004e4       0x34 ./Core/Src/bridge.o
 .text.receive  0x0000000008000518       0x20 ./Core/Src/bridge.o
 .text.bridge_signal_transmit_handler
                0x0000000008000538       0x60 ./Core/Src/bridge.o
 .text.bridge_signal_receive_handler
                0x0000000008000598       0x60 ./Core/Src/bridge.o
 .text.bridge_rc_motor_rx_callback
                0x00000000080005f8       0x80 ./Core/Src/bridge.o
 .text.bridge_init
                0x0000000008000678       0x74 ./Core/Src/bridge.o
                0x0000000008000678                bridge_init
 .text.MX_DMA_Init
                0x00000000080006ec       0x40 ./Core/Src/dma.o
                0x00000000080006ec                MX_DMA_Init
 .text.flight_recovery
                0x000000000800072c        0xe ./Core/Src/flight_control.o
                0x000000000800072c                flight_recovery
 *fill*         0x000000000800073a        0x2 
 .text.MX_GPIO_Init
                0x000000000800073c       0x50 ./Core/Src/gpio.o
                0x000000000800073c                MX_GPIO_Init
 .text.MX_I2C1_Init
                0x000000000800078c       0x5c ./Core/Src/i2c.o
                0x000000000800078c                MX_I2C1_Init
 .text.HAL_I2C_MspInit
                0x00000000080007e8       0x90 ./Core/Src/i2c.o
                0x00000000080007e8                HAL_I2C_MspInit
 .text.imu_init
                0x0000000008000878       0xe0 ./Core/Src/imu.o
                0x0000000008000878                imu_init
 .text.imu_i2c_read
                0x0000000008000958       0x7c ./Core/Src/imu.o
                0x0000000008000958                imu_i2c_read
 .text.imu_i2c_write
                0x00000000080009d4       0xc4 ./Core/Src/imu.o
                0x00000000080009d4                imu_i2c_write
 .text.imu_delay_ms
                0x0000000008000a98       0x16 ./Core/Src/imu.o
                0x0000000008000a98                imu_delay_ms
 *fill*         0x0000000008000aae        0x2 
 .text.get_imu  0x0000000008000ab0       0x14 ./Core/Src/imu.o
                0x0000000008000ab0                get_imu
 .text.main     0x0000000008000ac4       0x90 ./Core/Src/main.o
                0x0000000008000ac4                main
 .text.SystemClock_Config
                0x0000000008000b54       0xd0 ./Core/Src/main.o
                0x0000000008000b54                SystemClock_Config
 .text.Error_Handler
                0x0000000008000c24        0xa ./Core/Src/main.o
                0x0000000008000c24                Error_Handler
 .text.rc_control_defaults
                0x0000000008000c2e       0x4a ./Core/Src/remote_control.o
 .text.rc_calculate
                0x0000000008000c78      0x134 ./Core/Src/remote_control.o
                0x0000000008000c78                rc_calculate
 .text.rc_throttle_gear_speed_callback
                0x0000000008000dac       0x7c ./Core/Src/remote_control.o
                0x0000000008000dac                rc_throttle_gear_speed_callback
 .text.rc_pitch_callback
                0x0000000008000e28       0x2c ./Core/Src/remote_control.o
                0x0000000008000e28                rc_pitch_callback
 .text.rc_roll_callback
                0x0000000008000e54       0x2c ./Core/Src/remote_control.o
                0x0000000008000e54                rc_roll_callback
 .text.rc_yaw_callback
                0x0000000008000e80       0x2c ./Core/Src/remote_control.o
                0x0000000008000e80                rc_yaw_callback
 .text.rc_init_all
                0x0000000008000eac      0x1b0 ./Core/Src/remote_control.o
                0x0000000008000eac                rc_init_all
 .text.HAL_MspInit
                0x000000000800105c       0x50 ./Core/Src/stm32f4xx_hal_msp.o
                0x000000000800105c                HAL_MspInit
 .text.NMI_Handler
                0x00000000080010ac        0x6 ./Core/Src/stm32f4xx_it.o
                0x00000000080010ac                NMI_Handler
 .text.HardFault_Handler
                0x00000000080010b2        0x6 ./Core/Src/stm32f4xx_it.o
                0x00000000080010b2                HardFault_Handler
 .text.MemManage_Handler
                0x00000000080010b8        0x6 ./Core/Src/stm32f4xx_it.o
                0x00000000080010b8                MemManage_Handler
 .text.BusFault_Handler
                0x00000000080010be        0x6 ./Core/Src/stm32f4xx_it.o
                0x00000000080010be                BusFault_Handler
 .text.UsageFault_Handler
                0x00000000080010c4        0x6 ./Core/Src/stm32f4xx_it.o
                0x00000000080010c4                UsageFault_Handler
 .text.SVC_Handler
                0x00000000080010ca        0xe ./Core/Src/stm32f4xx_it.o
                0x00000000080010ca                SVC_Handler
 .text.DebugMon_Handler
                0x00000000080010d8        0xe ./Core/Src/stm32f4xx_it.o
                0x00000000080010d8                DebugMon_Handler
 .text.PendSV_Handler
                0x00000000080010e6        0xe ./Core/Src/stm32f4xx_it.o
                0x00000000080010e6                PendSV_Handler
 .text.SysTick_Handler
                0x00000000080010f4        0xc ./Core/Src/stm32f4xx_it.o
                0x00000000080010f4                SysTick_Handler
 .text.DMA1_Stream4_IRQHandler
                0x0000000008001100       0x14 ./Core/Src/stm32f4xx_it.o
                0x0000000008001100                DMA1_Stream4_IRQHandler
 .text.TIM1_BRK_TIM9_IRQHandler
                0x0000000008001114       0x1c ./Core/Src/stm32f4xx_it.o
                0x0000000008001114                TIM1_BRK_TIM9_IRQHandler
 .text.TIM1_UP_TIM10_IRQHandler
                0x0000000008001130       0x1c ./Core/Src/stm32f4xx_it.o
                0x0000000008001130                TIM1_UP_TIM10_IRQHandler
 .text.TIM1_TRG_COM_TIM11_IRQHandler
                0x000000000800114c       0x1c ./Core/Src/stm32f4xx_it.o
                0x000000000800114c                TIM1_TRG_COM_TIM11_IRQHandler
 .text.TIM2_IRQHandler
                0x0000000008001168       0x14 ./Core/Src/stm32f4xx_it.o
                0x0000000008001168                TIM2_IRQHandler
 .text.USART1_IRQHandler
                0x000000000800117c       0x14 ./Core/Src/stm32f4xx_it.o
                0x000000000800117c                USART1_IRQHandler
 .text.SystemInit
                0x0000000008001190       0x24 ./Core/Src/system_stm32f4xx.o
                0x0000000008001190                SystemInit
 .text.MX_TIM1_Init
                0x00000000080011b4      0x150 ./Core/Src/tim.o
                0x00000000080011b4                MX_TIM1_Init
 .text.MX_TIM2_Init
                0x0000000008001304       0xd0 ./Core/Src/tim.o
                0x0000000008001304                MX_TIM2_Init
 .text.MX_TIM3_Init
                0x00000000080013d4       0xb8 ./Core/Src/tim.o
                0x00000000080013d4                MX_TIM3_Init
 .text.MX_TIM5_Init
                0x000000000800148c       0xc8 ./Core/Src/tim.o
                0x000000000800148c                MX_TIM5_Init
 .text.MX_TIM9_Init
                0x0000000008001554       0x80 ./Core/Src/tim.o
                0x0000000008001554                MX_TIM9_Init
 .text.MX_TIM10_Init
                0x00000000080015d4       0x90 ./Core/Src/tim.o
                0x00000000080015d4                MX_TIM10_Init
 .text.MX_TIM11_Init
                0x0000000008001664       0x90 ./Core/Src/tim.o
                0x0000000008001664                MX_TIM11_Init
 .text.HAL_TIM_PWM_MspInit
                0x00000000080016f4      0x150 ./Core/Src/tim.o
                0x00000000080016f4                HAL_TIM_PWM_MspInit
 .text.HAL_TIM_IC_MspInit
                0x0000000008001844      0x154 ./Core/Src/tim.o
                0x0000000008001844                HAL_TIM_IC_MspInit
 .text.HAL_TIM_Base_MspInit
                0x0000000008001998      0x11c ./Core/Src/tim.o
                0x0000000008001998                HAL_TIM_Base_MspInit
 .text.HAL_TIM_MspPostInit
                0x0000000008001ab4      0x10c ./Core/Src/tim.o
                0x0000000008001ab4                HAL_TIM_MspPostInit
 .text.MX_USART1_UART_Init
                0x0000000008001bc0       0x54 ./Core/Src/usart.o
                0x0000000008001bc0                MX_USART1_UART_Init
 .text.HAL_UART_MspInit
                0x0000000008001c14       0xe0 ./Core/Src/usart.o
                0x0000000008001c14                HAL_UART_MspInit
 .text.Reset_Handler
                0x0000000008001cf4       0x50 ./Core/Startup/startup_stm32f411ccux.o
                0x0000000008001cf4                Reset_Handler
 .text.Default_Handler
                0x0000000008001d44        0x2 ./Core/Startup/startup_stm32f411ccux.o
                0x0000000008001d44                RTC_Alarm_IRQHandler
                0x0000000008001d44                EXTI2_IRQHandler
                0x0000000008001d44                SPI4_IRQHandler
                0x0000000008001d44                TIM1_CC_IRQHandler
                0x0000000008001d44                DMA2_Stream5_IRQHandler
                0x0000000008001d44                DMA1_Stream5_IRQHandler
                0x0000000008001d44                PVD_IRQHandler
                0x0000000008001d44                SDIO_IRQHandler
                0x0000000008001d44                TAMP_STAMP_IRQHandler
                0x0000000008001d44                EXTI3_IRQHandler
                0x0000000008001d44                I2C3_ER_IRQHandler
                0x0000000008001d44                EXTI0_IRQHandler
                0x0000000008001d44                I2C2_EV_IRQHandler
                0x0000000008001d44                DMA1_Stream2_IRQHandler
                0x0000000008001d44                FPU_IRQHandler
                0x0000000008001d44                DMA2_Stream2_IRQHandler
                0x0000000008001d44                SPI1_IRQHandler
                0x0000000008001d44                DMA2_Stream3_IRQHandler
                0x0000000008001d44                USART6_IRQHandler
                0x0000000008001d44                DMA2_Stream0_IRQHandler
                0x0000000008001d44                TIM4_IRQHandler
                0x0000000008001d44                I2C1_EV_IRQHandler
                0x0000000008001d44                DMA1_Stream6_IRQHandler
                0x0000000008001d44                DMA1_Stream1_IRQHandler
                0x0000000008001d44                TIM3_IRQHandler
                0x0000000008001d44                RCC_IRQHandler
                0x0000000008001d44                Default_Handler
                0x0000000008001d44                EXTI15_10_IRQHandler
                0x0000000008001d44                ADC_IRQHandler
                0x0000000008001d44                DMA1_Stream7_IRQHandler
                0x0000000008001d44                SPI5_IRQHandler
                0x0000000008001d44                TIM5_IRQHandler
                0x0000000008001d44                DMA2_Stream7_IRQHandler
                0x0000000008001d44                I2C3_EV_IRQHandler
                0x0000000008001d44                EXTI9_5_IRQHandler
                0x0000000008001d44                RTC_WKUP_IRQHandler
                0x0000000008001d44                SPI2_IRQHandler
                0x0000000008001d44                DMA1_Stream0_IRQHandler
                0x0000000008001d44                EXTI4_IRQHandler
                0x0000000008001d44                WWDG_IRQHandler
                0x0000000008001d44                OTG_FS_WKUP_IRQHandler
                0x0000000008001d44                EXTI1_IRQHandler
                0x0000000008001d44                USART2_IRQHandler
                0x0000000008001d44                I2C2_ER_IRQHandler
                0x0000000008001d44                DMA2_Stream1_IRQHandler
                0x0000000008001d44                FLASH_IRQHandler
                0x0000000008001d44                DMA2_Stream4_IRQHandler
                0x0000000008001d44                OTG_FS_IRQHandler
                0x0000000008001d44                SPI3_IRQHandler
                0x0000000008001d44                I2C1_ER_IRQHandler
                0x0000000008001d44                DMA2_Stream6_IRQHandler
                0x0000000008001d44                DMA1_Stream3_IRQHandler
 .text.bmi160_get_regs
                0x0000000008001d46       0x66 ./Core/Static_Src/bmi160.o
                0x0000000008001d46                bmi160_get_regs
 .text.bmi160_set_regs
                0x0000000008001dac       0xc6 ./Core/Static_Src/bmi160.o
                0x0000000008001dac                bmi160_set_regs
 .text.bmi160_init
                0x0000000008001e72       0x9c ./Core/Static_Src/bmi160.o
                0x0000000008001e72                bmi160_init
 .text.bmi160_soft_reset
                0x0000000008001f0e       0x76 ./Core/Static_Src/bmi160.o
                0x0000000008001f0e                bmi160_soft_reset
 .text.bmi160_set_sens_conf
                0x0000000008001f84       0x6c ./Core/Static_Src/bmi160.o
                0x0000000008001f84                bmi160_set_sens_conf
 .text.bmi160_set_power_mode
                0x0000000008001ff0       0x48 ./Core/Static_Src/bmi160.o
                0x0000000008001ff0                bmi160_set_power_mode
 .text.null_ptr_check
                0x0000000008002038       0x40 ./Core/Static_Src/bmi160.o
 .text.default_param_settg
                0x0000000008002078       0x54 ./Core/Static_Src/bmi160.o
 .text.set_accel_conf
                0x00000000080020cc       0x7e ./Core/Static_Src/bmi160.o
 .text.check_accel_config
                0x000000000800214a       0x66 ./Core/Static_Src/bmi160.o
 .text.process_accel_odr
                0x00000000080021b0       0x68 ./Core/Static_Src/bmi160.o
 .text.process_accel_bw
                0x0000000008002218       0x6a ./Core/Static_Src/bmi160.o
 .text.process_accel_range
                0x0000000008002282       0x68 ./Core/Static_Src/bmi160.o
 .text.check_invalid_settg
                0x00000000080022ea       0x6a ./Core/Static_Src/bmi160.o
 .text.set_gyro_conf
                0x0000000008002354       0x7e ./Core/Static_Src/bmi160.o
 .text.check_gyro_config
                0x00000000080023d2       0x66 ./Core/Static_Src/bmi160.o
 .text.process_gyro_odr
                0x0000000008002438       0x68 ./Core/Static_Src/bmi160.o
 .text.process_gyro_bw
                0x00000000080024a0       0x5e ./Core/Static_Src/bmi160.o
 .text.process_gyro_range
                0x00000000080024fe       0x68 ./Core/Static_Src/bmi160.o
 .text.set_accel_pwr
                0x0000000008002566       0x84 ./Core/Static_Src/bmi160.o
 .text.process_under_sampling
                0x00000000080025ea       0xaa ./Core/Static_Src/bmi160.o
 .text.set_gyro_pwr
                0x0000000008002694       0x88 ./Core/Static_Src/bmi160.o
 .text.bridge_validate_data
                0x000000000800271c       0x30 ./Core/Static_Src/bridge_common.o
                0x000000000800271c                bridge_validate_data
 .text.bridge_format_string
                0x000000000800274c       0xa4 ./Core/Static_Src/bridge_common.o
                0x000000000800274c                bridge_format_string
 .text.bridge_get_transmit_sigint
                0x00000000080027f0       0x12 ./Core/Static_Src/bridge_common.o
                0x00000000080027f0                bridge_get_transmit_sigint
 .text.bridge_get_receive_sigint
                0x0000000008002802       0x12 ./Core/Static_Src/bridge_common.o
                0x0000000008002802                bridge_get_receive_sigint
 .text.get_throttle_queue_rc
                0x0000000008002814       0x14 ./Core/Static_Src/drone.o
                0x0000000008002814                get_throttle_queue_rc
 .text.get_pitch_queue_rc
                0x0000000008002828       0x14 ./Core/Static_Src/drone.o
                0x0000000008002828                get_pitch_queue_rc
 .text.get_roll_queue_rc
                0x000000000800283c       0x14 ./Core/Static_Src/drone.o
                0x000000000800283c                get_roll_queue_rc
 .text.get_yaw_queue_rc
                0x0000000008002850       0x14 ./Core/Static_Src/drone.o
                0x0000000008002850                get_yaw_queue_rc
 .text.get_gear_queue_rc
                0x0000000008002864       0x14 ./Core/Static_Src/drone.o
                0x0000000008002864                get_gear_queue_rc
 .text.get_speed_queue_rc
                0x0000000008002878       0x14 ./Core/Static_Src/drone.o
                0x0000000008002878                get_speed_queue_rc
 .text.get_memory_order
                0x000000000800288c       0x14 ./Core/Static_Src/init.o
                0x000000000800288c                get_memory_order
 .text.pre_init
                0x00000000080028a0       0x2c ./Core/Static_Src/init.o
                0x00000000080028a0                pre_init
 .text.queue_store_data
                0x00000000080028cc       0x36 ./Core/Static_Src/queue.o
 .text.queue_full
                0x0000000008002902       0x36 ./Core/Static_Src/queue.o
 .text.queue_enqueue
                0x0000000008002938       0x44 ./Core/Static_Src/queue.o
                0x0000000008002938                queue_enqueue
 .text._getpid  0x000000000800297c       0x10 ./Core/Static_Src/syscalls.o
                0x000000000800297c                _getpid
 .text._kill    0x000000000800298c       0x20 ./Core/Static_Src/syscalls.o
                0x000000000800298c                _kill
 .text._sbrk    0x00000000080029ac       0x6c ./Core/Static_Src/sysmem.o
                0x00000000080029ac                _sbrk
 .text.HAL_Init
                0x0000000008002a18       0x44 ./Drivers/STM32F4xx_HAL_Driver/Src/stm32f4xx_hal.o
                0x0000000008002a18                HAL_Init
 .text.HAL_InitTick
                0x0000000008002a5c       0x60 ./Drivers/STM32F4xx_HAL_Driver/Src/stm32f4xx_hal.o
                0x0000000008002a5c                HAL_InitTick
 .text.HAL_IncTick
                0x0000000008002abc       0x28 ./Drivers/STM32F4xx_HAL_Driver/Src/stm32f4xx_hal.o
                0x0000000008002abc                HAL_IncTick
 .text.HAL_GetTick
                0x0000000008002ae4       0x18 ./Drivers/STM32F4xx_HAL_Driver/Src/stm32f4xx_hal.o
                0x0000000008002ae4                HAL_GetTick
 .text.HAL_Delay
                0x0000000008002afc       0x48 ./Drivers/STM32F4xx_HAL_Driver/Src/stm32f4xx_hal.o
                0x0000000008002afc                HAL_Delay
 .text.__NVIC_SetPriorityGrouping
                0x0000000008002b44       0x48 ./Drivers/STM32F4xx_HAL_Driver/Src/stm32f4xx_hal_cortex.o
 .text.__NVIC_GetPriorityGrouping
                0x0000000008002b8c       0x1c ./Drivers/STM32F4xx_HAL_Driver/Src/stm32f4xx_hal_cortex.o
 .text.__NVIC_EnableIRQ
                0x0000000008002ba8       0x3c ./Drivers/STM32F4xx_HAL_Driver/Src/stm32f4xx_hal_cortex.o
 .text.__NVIC_SetPriority
                0x0000000008002be4       0x54 ./Drivers/STM32F4xx_HAL_Driver/Src/stm32f4xx_hal_cortex.o
 .text.NVIC_EncodePriority
                0x0000000008002c38       0x66 ./Drivers/STM32F4xx_HAL_Driver/Src/stm32f4xx_hal_cortex.o
 *fill*         0x0000000008002c9e        0x2 
 .text.SysTick_Config
                0x0000000008002ca0       0x44 ./Drivers/STM32F4xx_HAL_Driver/Src/stm32f4xx_hal_cortex.o
 .text.HAL_NVIC_SetPriorityGrouping
                0x0000000008002ce4       0x16 ./Drivers/STM32F4xx_HAL_Driver/Src/stm32f4xx_hal_cortex.o
                0x0000000008002ce4                HAL_NVIC_SetPriorityGrouping
 .text.HAL_NVIC_SetPriority
                0x0000000008002cfa       0x38 ./Drivers/STM32F4xx_HAL_Driver/Src/stm32f4xx_hal_cortex.o
                0x0000000008002cfa                HAL_NVIC_SetPriority
 .text.HAL_NVIC_EnableIRQ
                0x0000000008002d32       0x1c ./Drivers/STM32F4xx_HAL_Driver/Src/stm32f4xx_hal_cortex.o
                0x0000000008002d32                HAL_NVIC_EnableIRQ
 .text.HAL_SYSTICK_Config
                0x0000000008002d4e       0x18 ./Drivers/STM32F4xx_HAL_Driver/Src/stm32f4xx_hal_cortex.o
                0x0000000008002d4e                HAL_SYSTICK_Config
 *fill*         0x0000000008002d66        0x2 
 .text.HAL_DMA_Init
                0x0000000008002d68      0x15c ./Drivers/STM32F4xx_HAL_Driver/Src/stm32f4xx_hal_dma.o
                0x0000000008002d68                HAL_DMA_Init
 .text.HAL_DMA_Abort
                0x0000000008002ec4       0xe0 ./Drivers/STM32F4xx_HAL_Driver/Src/stm32f4xx_hal_dma.o
                0x0000000008002ec4                HAL_DMA_Abort
 .text.HAL_DMA_Abort_IT
                0x0000000008002fa4       0x44 ./Drivers/STM32F4xx_HAL_Driver/Src/stm32f4xx_hal_dma.o
                0x0000000008002fa4                HAL_DMA_Abort_IT
 .text.HAL_DMA_IRQHandler
                0x0000000008002fe8      0x314 ./Drivers/STM32F4xx_HAL_Driver/Src/stm32f4xx_hal_dma.o
                0x0000000008002fe8                HAL_DMA_IRQHandler
 .text.DMA_CalcBaseAndBitshift
                0x00000000080032fc       0x6c ./Drivers/STM32F4xx_HAL_Driver/Src/stm32f4xx_hal_dma.o
 .text.DMA_CheckFifoParam
                0x0000000008003368       0xf8 ./Drivers/STM32F4xx_HAL_Driver/Src/stm32f4xx_hal_dma.o
 .text.HAL_GPIO_Init
                0x0000000008003460      0x308 ./Drivers/STM32F4xx_HAL_Driver/Src/stm32f4xx_hal_gpio.o
                0x0000000008003460                HAL_GPIO_Init
 .text.HAL_GPIO_ReadPin
                0x0000000008003768       0x30 ./Drivers/STM32F4xx_HAL_Driver/Src/stm32f4xx_hal_gpio.o
                0x0000000008003768                HAL_GPIO_ReadPin
 .text.HAL_I2C_Init
                0x0000000008003798      0x288 ./Drivers/STM32F4xx_HAL_Driver/Src/stm32f4xx_hal_i2c.o
                0x0000000008003798                HAL_I2C_Init
 .text.HAL_I2C_Master_Transmit
                0x0000000008003a20      0x1fc ./Drivers/STM32F4xx_HAL_Driver/Src/stm32f4xx_hal_i2c.o
                0x0000000008003a20                HAL_I2C_Master_Transmit
 .text.HAL_I2C_Master_Receive
                0x0000000008003c1c      0x44c ./Drivers/STM32F4xx_HAL_Driver/Src/stm32f4xx_hal_i2c.o
                0x0000000008003c1c                HAL_I2C_Master_Receive
 .text.I2C_MasterRequestWrite
                0x0000000008004068      0x104 ./Drivers/STM32F4xx_HAL_Driver/Src/stm32f4xx_hal_i2c.o
 .text.I2C_MasterRequestRead
                0x000000000800416c      0x19c ./Drivers/STM32F4xx_HAL_Driver/Src/stm32f4xx_hal_i2c.o
 .text.I2C_WaitOnFlagUntilTimeout
                0x0000000008004308       0xae ./Drivers/STM32F4xx_HAL_Driver/Src/stm32f4xx_hal_i2c.o
 .text.I2C_WaitOnMasterAddressFlagUntilTimeout
                0x00000000080043b6       0xfe ./Drivers/STM32F4xx_HAL_Driver/Src/stm32f4xx_hal_i2c.o
 .text.I2C_WaitOnTXEFlagUntilTimeout
                0x00000000080044b4       0x82 ./Drivers/STM32F4xx_HAL_Driver/Src/stm32f4xx_hal_i2c.o
 .text.I2C_WaitOnBTFFlagUntilTimeout
                0x0000000008004536       0x82 ./Drivers/STM32F4xx_HAL_Driver/Src/stm32f4xx_hal_i2c.o
 .text.I2C_WaitOnRXNEFlagUntilTimeout
                0x00000000080045b8       0xac ./Drivers/STM32F4xx_HAL_Driver/Src/stm32f4xx_hal_i2c.o
 .text.I2C_IsAcknowledgeFailed
                0x0000000008004664       0x5e ./Drivers/STM32F4xx_HAL_Driver/Src/stm32f4xx_hal_i2c.o
 *fill*         0x00000000080046c2        0x2 
 .text.HAL_RCC_OscConfig
                0x00000000080046c4      0x4f0 ./Drivers/STM32F4xx_HAL_Driver/Src/stm32f4xx_hal_rcc.o
                0x00000000080046c4                HAL_RCC_OscConfig
 .text.HAL_RCC_ClockConfig
                0x0000000008004bb4      0x1cc ./Drivers/STM32F4xx_HAL_Driver/Src/stm32f4xx_hal_rcc.o
                0x0000000008004bb4                HAL_RCC_ClockConfig
 .text.HAL_RCC_GetSysClockFreq
                0x0000000008004d80      0x18c ./Drivers/STM32F4xx_HAL_Driver/Src/stm32f4xx_hal_rcc.o
                0x0000000008004d80                HAL_RCC_GetSysClockFreq
 .text.HAL_RCC_GetHCLKFreq
                0x0000000008004f0c       0x18 ./Drivers/STM32F4xx_HAL_Driver/Src/stm32f4xx_hal_rcc.o
                0x0000000008004f0c                HAL_RCC_GetHCLKFreq
 .text.HAL_RCC_GetPCLK1Freq
                0x0000000008004f24       0x28 ./Drivers/STM32F4xx_HAL_Driver/Src/stm32f4xx_hal_rcc.o
                0x0000000008004f24                HAL_RCC_GetPCLK1Freq
 .text.HAL_RCC_GetPCLK2Freq
                0x0000000008004f4c       0x28 ./Drivers/STM32F4xx_HAL_Driver/Src/stm32f4xx_hal_rcc.o
                0x0000000008004f4c                HAL_RCC_GetPCLK2Freq
 .text.HAL_TIM_Base_Init
                0x0000000008004f74       0xb8 ./Drivers/STM32F4xx_HAL_Driver/Src/stm32f4xx_hal_tim.o
                0x0000000008004f74                HAL_TIM_Base_Init
 .text.HAL_TIM_PWM_Init
                0x000000000800502c       0xb8 ./Drivers/STM32F4xx_HAL_Driver/Src/stm32f4xx_hal_tim.o
                0x000000000800502c                HAL_TIM_PWM_Init
 .text.HAL_TIM_IC_Init
                0x00000000080050e4       0xb8 ./Drivers/STM32F4xx_HAL_Driver/Src/stm32f4xx_hal_tim.o
                0x00000000080050e4                HAL_TIM_IC_Init
 .text.HAL_TIM_IC_Start_IT
                0x000000000800519c      0x234 ./Drivers/STM32F4xx_HAL_Driver/Src/stm32f4xx_hal_tim.o
                0x000000000800519c                HAL_TIM_IC_Start_IT
 .text.HAL_TIM_IRQHandler
                0x00000000080053d0      0x250 ./Drivers/STM32F4xx_HAL_Driver/Src/stm32f4xx_hal_tim.o
                0x00000000080053d0                HAL_TIM_IRQHandler
 .text.HAL_TIM_IC_ConfigChannel
                0x0000000008005620      0x138 ./Drivers/STM32F4xx_HAL_Driver/Src/stm32f4xx_hal_tim.o
                0x0000000008005620                HAL_TIM_IC_ConfigChannel
 .text.HAL_TIM_PWM_ConfigChannel
                0x0000000008005758      0x184 ./Drivers/STM32F4xx_HAL_Driver/Src/stm32f4xx_hal_tim.o
                0x0000000008005758                HAL_TIM_PWM_ConfigChannel
 .text.HAL_TIM_PeriodElapsedCallback
                0x00000000080058dc       0x14 ./Drivers/STM32F4xx_HAL_Driver/Src/stm32f4xx_hal_tim.o
                0x00000000080058dc                HAL_TIM_PeriodElapsedCallback
 .text.HAL_TIM_PeriodElapsedHalfCpltCallback
                0x00000000080058f0       0x14 ./Drivers/STM32F4xx_HAL_Driver/Src/stm32f4xx_hal_tim.o
                0x00000000080058f0                HAL_TIM_PeriodElapsedHalfCpltCallback
 .text.HAL_TIM_OC_DelayElapsedCallback
                0x0000000008005904       0x14 ./Drivers/STM32F4xx_HAL_Driver/Src/stm32f4xx_hal_tim.o
                0x0000000008005904                HAL_TIM_OC_DelayElapsedCallback
 .text.HAL_TIM_IC_CaptureCallback
                0x0000000008005918       0x14 ./Drivers/STM32F4xx_HAL_Driver/Src/stm32f4xx_hal_tim.o
                0x0000000008005918                HAL_TIM_IC_CaptureCallback
 .text.HAL_TIM_IC_CaptureHalfCpltCallback
                0x000000000800592c       0x14 ./Drivers/STM32F4xx_HAL_Driver/Src/stm32f4xx_hal_tim.o
                0x000000000800592c                HAL_TIM_IC_CaptureHalfCpltCallback
 .text.HAL_TIM_PWM_PulseFinishedCallback
                0x0000000008005940       0x14 ./Drivers/STM32F4xx_HAL_Driver/Src/stm32f4xx_hal_tim.o
                0x0000000008005940                HAL_TIM_PWM_PulseFinishedCallback
 .text.HAL_TIM_PWM_PulseFinishedHalfCpltCallback
                0x0000000008005954       0x14 ./Drivers/STM32F4xx_HAL_Driver/Src/stm32f4xx_hal_tim.o
                0x0000000008005954                HAL_TIM_PWM_PulseFinishedHalfCpltCallback
 .text.HAL_TIM_TriggerCallback
                0x0000000008005968       0x14 ./Drivers/STM32F4xx_HAL_Driver/Src/stm32f4xx_hal_tim.o
                0x0000000008005968                HAL_TIM_TriggerCallback
 .text.HAL_TIM_TriggerHalfCpltCallback
                0x000000000800597c       0x14 ./Drivers/STM32F4xx_HAL_Driver/Src/stm32f4xx_hal_tim.o
                0x000000000800597c                HAL_TIM_TriggerHalfCpltCallback
 .text.HAL_TIM_ErrorCallback
                0x0000000008005990       0x14 ./Drivers/STM32F4xx_HAL_Driver/Src/stm32f4xx_hal_tim.o
                0x0000000008005990                HAL_TIM_ErrorCallback
 .text.HAL_TIM_RegisterCallback
                0x00000000080059a4      0x294 ./Drivers/STM32F4xx_HAL_Driver/Src/stm32f4xx_hal_tim.o
                0x00000000080059a4                HAL_TIM_RegisterCallback
 .text.TIM_Base_SetConfig
                0x0000000008005c38      0x100 ./Drivers/STM32F4xx_HAL_Driver/Src/stm32f4xx_hal_tim.o
                0x0000000008005c38                TIM_Base_SetConfig
 .text.TIM_OC1_SetConfig
                0x0000000008005d38       0xcc ./Drivers/STM32F4xx_HAL_Driver/Src/stm32f4xx_hal_tim.o
 .text.TIM_OC2_SetConfig
                0x0000000008005e04       0xd8 ./Drivers/STM32F4xx_HAL_Driver/Src/stm32f4xx_hal_tim.o
                0x0000000008005e04                TIM_OC2_SetConfig
 .text.TIM_OC3_SetConfig
                0x0000000008005edc       0xd4 ./Drivers/STM32F4xx_HAL_Driver/Src/stm32f4xx_hal_tim.o
 .text.TIM_OC4_SetConfig
                0x0000000008005fb0       0xa0 ./Drivers/STM32F4xx_HAL_Driver/Src/stm32f4xx_hal_tim.o
 .text.TIM_TI1_SetConfig
                0x0000000008006050       0xd0 ./Drivers/STM32F4xx_HAL_Driver/Src/stm32f4xx_hal_tim.o
                0x0000000008006050                TIM_TI1_SetConfig
 .text.TIM_TI2_SetConfig
                0x0000000008006120       0x7a ./Drivers/STM32F4xx_HAL_Driver/Src/stm32f4xx_hal_tim.o
 .text.TIM_TI3_SetConfig
                0x000000000800619a       0x78 ./Drivers/STM32F4xx_HAL_Driver/Src/stm32f4xx_hal_tim.o
 .text.TIM_TI4_SetConfig
                0x0000000008006212       0x7a ./Drivers/STM32F4xx_HAL_Driver/Src/stm32f4xx_hal_tim.o
 .text.TIM_CCxChannelCmd
                0x000000000800628c       0x4a ./Drivers/STM32F4xx_HAL_Driver/Src/stm32f4xx_hal_tim.o
                0x000000000800628c                TIM_CCxChannelCmd
 *fill*         0x00000000080062d6        0x2 
 .text.TIM_ResetCallback
                0x00000000080062d8       0xb0 ./Drivers/STM32F4xx_HAL_Driver/Src/stm32f4xx_hal_tim.o
                0x00000000080062d8                TIM_ResetCallback
 .text.HAL_TIMEx_MasterConfigSynchronization
                0x0000000008006388       0xdc ./Drivers/STM32F4xx_HAL_Driver/Src/stm32f4xx_hal_tim_ex.o
                0x0000000008006388                HAL_TIMEx_MasterConfigSynchronization
 .text.HAL_TIMEx_ConfigBreakDeadTime
                0x0000000008006464       0xa4 ./Drivers/STM32F4xx_HAL_Driver/Src/stm32f4xx_hal_tim_ex.o
                0x0000000008006464                HAL_TIMEx_ConfigBreakDeadTime
 .text.HAL_TIMEx_CommutCallback
                0x0000000008006508       0x14 ./Drivers/STM32F4xx_HAL_Driver/Src/stm32f4xx_hal_tim_ex.o
                0x0000000008006508                HAL_TIMEx_CommutCallback
 .text.HAL_TIMEx_CommutHalfCpltCallback
                0x000000000800651c       0x14 ./Drivers/STM32F4xx_HAL_Driver/Src/stm32f4xx_hal_tim_ex.o
                0x000000000800651c                HAL_TIMEx_CommutHalfCpltCallback
 .text.HAL_TIMEx_BreakCallback
                0x0000000008006530       0x14 ./Drivers/STM32F4xx_HAL_Driver/Src/stm32f4xx_hal_tim_ex.o
                0x0000000008006530                HAL_TIMEx_BreakCallback
 .text.HAL_UART_Init
                0x0000000008006544       0xb4 ./Drivers/STM32F4xx_HAL_Driver/Src/stm32f4xx_hal_uart.o
                0x0000000008006544                HAL_UART_Init
 .text.HAL_UART_RegisterCallback
                0x00000000080065f8      0x150 ./Drivers/STM32F4xx_HAL_Driver/Src/stm32f4xx_hal_uart.o
                0x00000000080065f8                HAL_UART_RegisterCallback
 .text.HAL_UART_Transmit_IT
                0x0000000008006748       0x8a ./Drivers/STM32F4xx_HAL_Driver/Src/stm32f4xx_hal_uart.o
                0x0000000008006748                HAL_UART_Transmit_IT
 .text.HAL_UART_Receive_IT
                0x00000000080067d2       0x60 ./Drivers/STM32F4xx_HAL_Driver/Src/stm32f4xx_hal_uart.o
                0x00000000080067d2                HAL_UART_Receive_IT
 *fill*         0x0000000008006832        0x2 
 .text.HAL_UART_IRQHandler
                0x0000000008006834      0x524 ./Drivers/STM32F4xx_HAL_Driver/Src/stm32f4xx_hal_uart.o
                0x0000000008006834                HAL_UART_IRQHandler
 .text.HAL_UART_TxCpltCallback
                0x0000000008006d58       0x14 ./Drivers/STM32F4xx_HAL_Driver/Src/stm32f4xx_hal_uart.o
                0x0000000008006d58                HAL_UART_TxCpltCallback
 .text.HAL_UART_TxHalfCpltCallback
                0x0000000008006d6c       0x14 ./Drivers/STM32F4xx_HAL_Driver/Src/stm32f4xx_hal_uart.o
                0x0000000008006d6c                HAL_UART_TxHalfCpltCallback
 .text.HAL_UART_RxCpltCallback
                0x0000000008006d80       0x14 ./Drivers/STM32F4xx_HAL_Driver/Src/stm32f4xx_hal_uart.o
                0x0000000008006d80                HAL_UART_RxCpltCallback
 .text.HAL_UART_RxHalfCpltCallback
                0x0000000008006d94       0x14 ./Drivers/STM32F4xx_HAL_Driver/Src/stm32f4xx_hal_uart.o
                0x0000000008006d94                HAL_UART_RxHalfCpltCallback
 .text.HAL_UART_ErrorCallback
                0x0000000008006da8       0x14 ./Drivers/STM32F4xx_HAL_Driver/Src/stm32f4xx_hal_uart.o
                0x0000000008006da8                HAL_UART_ErrorCallback
 .text.HAL_UART_AbortCpltCallback
                0x0000000008006dbc       0x14 ./Drivers/STM32F4xx_HAL_Driver/Src/stm32f4xx_hal_uart.o
                0x0000000008006dbc                HAL_UART_AbortCpltCallback
 .text.HAL_UART_AbortTransmitCpltCallback
                0x0000000008006dd0       0x14 ./Drivers/STM32F4xx_HAL_Driver/Src/stm32f4xx_hal_uart.o
                0x0000000008006dd0                HAL_UART_AbortTransmitCpltCallback
 .text.HAL_UART_AbortReceiveCpltCallback
                0x0000000008006de4       0x14 ./Drivers/STM32F4xx_HAL_Driver/Src/stm32f4xx_hal_uart.o
                0x0000000008006de4                HAL_UART_AbortReceiveCpltCallback
 .text.HAL_UARTEx_RxEventCallback
                0x0000000008006df8       0x18 ./Drivers/STM32F4xx_HAL_Driver/Src/stm32f4xx_hal_uart.o
                0x0000000008006df8                HAL_UARTEx_RxEventCallback
 .text.UART_InitCallbacksToDefault
                0x0000000008006e10       0x70 ./Drivers/STM32F4xx_HAL_Driver/Src/stm32f4xx_hal_uart.o
                0x0000000008006e10                UART_InitCallbacksToDefault
 .text.UART_Start_Receive_IT
                0x0000000008006e80       0x7c ./Drivers/STM32F4xx_HAL_Driver/Src/stm32f4xx_hal_uart.o
                0x0000000008006e80                UART_Start_Receive_IT
 .text.UART_EndRxTransfer
                0x0000000008006efc       0xc6 ./Drivers/STM32F4xx_HAL_Driver/Src/stm32f4xx_hal_uart.o
 .text.UART_DMAAbortOnError
                0x0000000008006fc2       0x2a ./Drivers/STM32F4xx_HAL_Driver/Src/stm32f4xx_hal_uart.o
 .text.UART_Transmit_IT
                0x0000000008006fec       0xa0 ./Drivers/STM32F4xx_HAL_Driver/Src/stm32f4xx_hal_uart.o
 .text.UART_EndTransmit_IT
                0x000000000800708c       0x32 ./Drivers/STM32F4xx_HAL_Driver/Src/stm32f4xx_hal_uart.o
 .text.UART_Receive_IT
                0x00000000080070be      0x17a ./Drivers/STM32F4xx_HAL_Driver/Src/stm32f4xx_hal_uart.o
 .text.UART_SetConfig
                0x0000000008007238      0x4e8 ./Drivers/STM32F4xx_HAL_Driver/Src/stm32f4xx_hal_uart.o
 .text.malloc   0x0000000008007720       0x10 D:/BBB/stm32/STM32CubeIDE_1.13.2/STM32CubeIDE/plugins/com.st.stm32cube.ide.mcu.externaltools.gnu-tools-for-stm32.11.3.rel1.win32_1.1.1.202309131626/tools/bin/../lib/gcc/arm-none-eabi/11.3.1/../../../../arm-none-eabi/lib/thumb/v7e-m+fp/hard\libc_nano.a(libc_a-malloc.o)
                0x0000000008007720                malloc
 .text.free     0x0000000008007730       0x10 D:/BBB/stm32/STM32CubeIDE_1.13.2/STM32CubeIDE/plugins/com.st.stm32cube.ide.mcu.externaltools.gnu-tools-for-stm32.11.3.rel1.win32_1.1.1.202309131626/tools/bin/../lib/gcc/arm-none-eabi/11.3.1/../../../../arm-none-eabi/lib/thumb/v7e-m+fp/hard\libc_nano.a(libc_a-malloc.o)
                0x0000000008007730                free
 .text.sbrk_aligned
                0x0000000008007740       0x40 D:/BBB/stm32/STM32CubeIDE_1.13.2/STM32CubeIDE/plugins/com.st.stm32cube.ide.mcu.externaltools.gnu-tools-for-stm32.11.3.rel1.win32_1.1.1.202309131626/tools/bin/../lib/gcc/arm-none-eabi/11.3.1/../../../../arm-none-eabi/lib/thumb/v7e-m+fp/hard\libc_nano.a(libc_a-mallocr.o)
 .text._malloc_r
                0x0000000008007780      0x100 D:/BBB/stm32/STM32CubeIDE_1.13.2/STM32CubeIDE/plugins/com.st.stm32cube.ide.mcu.externaltools.gnu-tools-for-stm32.11.3.rel1.win32_1.1.1.202309131626/tools/bin/../lib/gcc/arm-none-eabi/11.3.1/../../../../arm-none-eabi/lib/thumb/v7e-m+fp/hard\libc_nano.a(libc_a-mallocr.o)
                0x0000000008007780                _malloc_r
 .text.__malloc_lock
                0x0000000008007880        0xc D:/BBB/stm32/STM32CubeIDE_1.13.2/STM32CubeIDE/plugins/com.st.stm32cube.ide.mcu.externaltools.gnu-tools-for-stm32.11.3.rel1.win32_1.1.1.202309131626/tools/bin/../lib/gcc/arm-none-eabi/11.3.1/../../../../arm-none-eabi/lib/thumb/v7e-m+fp/hard\libc_nano.a(libc_a-mlock.o)
                0x0000000008007880                __malloc_lock
 .text.__malloc_unlock
                0x000000000800788c        0xc D:/BBB/stm32/STM32CubeIDE_1.13.2/STM32CubeIDE/plugins/com.st.stm32cube.ide.mcu.externaltools.gnu-tools-for-stm32.11.3.rel1.win32_1.1.1.202309131626/tools/bin/../lib/gcc/arm-none-eabi/11.3.1/../../../../arm-none-eabi/lib/thumb/v7e-m+fp/hard\libc_nano.a(libc_a-mlock.o)
                0x000000000800788c                __malloc_unlock
 .text.memset   0x0000000008007898       0x10 D:/BBB/stm32/STM32CubeIDE_1.13.2/STM32CubeIDE/plugins/com.st.stm32cube.ide.mcu.externaltools.gnu-tools-for-stm32.11.3.rel1.win32_1.1.1.202309131626/tools/bin/../lib/gcc/arm-none-eabi/11.3.1/../../../../arm-none-eabi/lib/thumb/v7e-m+fp/hard\libc_nano.a(libc_a-memset.o)
                0x0000000008007898                memset
 .text._init_signal_r
                0x00000000080078a8       0x28 D:/BBB/stm32/STM32CubeIDE_1.13.2/STM32CubeIDE/plugins/com.st.stm32cube.ide.mcu.externaltools.gnu-tools-for-stm32.11.3.rel1.win32_1.1.1.202309131626/tools/bin/../lib/gcc/arm-none-eabi/11.3.1/../../../../arm-none-eabi/lib/thumb/v7e-m+fp/hard\libc_nano.a(libc_a-signal.o)
                0x00000000080078a8                _init_signal_r
 .text._signal_r
                0x00000000080078d0       0x30 D:/BBB/stm32/STM32CubeIDE_1.13.2/STM32CubeIDE/plugins/com.st.stm32cube.ide.mcu.externaltools.gnu-tools-for-stm32.11.3.rel1.win32_1.1.1.202309131626/tools/bin/../lib/gcc/arm-none-eabi/11.3.1/../../../../arm-none-eabi/lib/thumb/v7e-m+fp/hard\libc_nano.a(libc_a-signal.o)
                0x00000000080078d0                _signal_r
 .text._raise_r
                0x0000000008007900       0x50 D:/BBB/stm32/STM32CubeIDE_1.13.2/STM32CubeIDE/plugins/com.st.stm32cube.ide.mcu.externaltools.gnu-tools-for-stm32.11.3.rel1.win32_1.1.1.202309131626/tools/bin/../lib/gcc/arm-none-eabi/11.3.1/../../../../arm-none-eabi/lib/thumb/v7e-m+fp/hard\libc_nano.a(libc_a-signal.o)
                0x0000000008007900                _raise_r
 .text.raise    0x0000000008007950       0x10 D:/BBB/stm32/STM32CubeIDE_1.13.2/STM32CubeIDE/plugins/com.st.stm32cube.ide.mcu.externaltools.gnu-tools-for-stm32.11.3.rel1.win32_1.1.1.202309131626/tools/bin/../lib/gcc/arm-none-eabi/11.3.1/../../../../arm-none-eabi/lib/thumb/v7e-m+fp/hard\libc_nano.a(libc_a-signal.o)
                0x0000000008007950                raise
 .text.signal   0x0000000008007960       0x10 D:/BBB/stm32/STM32CubeIDE_1.13.2/STM32CubeIDE/plugins/com.st.stm32cube.ide.mcu.externaltools.gnu-tools-for-stm32.11.3.rel1.win32_1.1.1.202309131626/tools/bin/../lib/gcc/arm-none-eabi/11.3.1/../../../../arm-none-eabi/lib/thumb/v7e-m+fp/hard\libc_nano.a(libc_a-signal.o)
                0x0000000008007960                signal
 .text._kill_r  0x0000000008007970       0x24 D:/BBB/stm32/STM32CubeIDE_1.13.2/STM32CubeIDE/plugins/com.st.stm32cube.ide.mcu.externaltools.gnu-tools-for-stm32.11.3.rel1.win32_1.1.1.202309131626/tools/bin/../lib/gcc/arm-none-eabi/11.3.1/../../../../arm-none-eabi/lib/thumb/v7e-m+fp/hard\libc_nano.a(libc_a-signalr.o)
                0x0000000008007970                _kill_r
 .text._getpid_r
                0x0000000008007994        0x4 D:/BBB/stm32/STM32CubeIDE_1.13.2/STM32CubeIDE/plugins/com.st.stm32cube.ide.mcu.externaltools.gnu-tools-for-stm32.11.3.rel1.win32_1.1.1.202309131626/tools/bin/../lib/gcc/arm-none-eabi/11.3.1/../../../../arm-none-eabi/lib/thumb/v7e-m+fp/hard\libc_nano.a(libc_a-signalr.o)
                0x0000000008007994                _getpid_r
 .text._sbrk_r  0x0000000008007998       0x20 D:/BBB/stm32/STM32CubeIDE_1.13.2/STM32CubeIDE/plugins/com.st.stm32cube.ide.mcu.externaltools.gnu-tools-for-stm32.11.3.rel1.win32_1.1.1.202309131626/tools/bin/../lib/gcc/arm-none-eabi/11.3.1/../../../../arm-none-eabi/lib/thumb/v7e-m+fp/hard\libc_nano.a(libc_a-sbrkr.o)
                0x0000000008007998                _sbrk_r
 .text.__errno  0x00000000080079b8        0xc D:/BBB/stm32/STM32CubeIDE_1.13.2/STM32CubeIDE/plugins/com.st.stm32cube.ide.mcu.externaltools.gnu-tools-for-stm32.11.3.rel1.win32_1.1.1.202309131626/tools/bin/../lib/gcc/arm-none-eabi/11.3.1/../../../../arm-none-eabi/lib/thumb/v7e-m+fp/hard\libc_nano.a(libc_a-errno.o)
                0x00000000080079b8                __errno
 .text.__libc_init_array
                0x00000000080079c4       0x48 D:/BBB/stm32/STM32CubeIDE_1.13.2/STM32CubeIDE/plugins/com.st.stm32cube.ide.mcu.externaltools.gnu-tools-for-stm32.11.3.rel1.win32_1.1.1.202309131626/tools/bin/../lib/gcc/arm-none-eabi/11.3.1/../../../../arm-none-eabi/lib/thumb/v7e-m+fp/hard\libc_nano.a(libc_a-init.o)
                0x00000000080079c4                __libc_init_array
 .text.__retarget_lock_acquire_recursive
                0x0000000008007a0c        0x2 D:/BBB/stm32/STM32CubeIDE_1.13.2/STM32CubeIDE/plugins/com.st.stm32cube.ide.mcu.externaltools.gnu-tools-for-stm32.11.3.rel1.win32_1.1.1.202309131626/tools/bin/../lib/gcc/arm-none-eabi/11.3.1/../../../../arm-none-eabi/lib/thumb/v7e-m+fp/hard\libc_nano.a(libc_a-lock.o)
                0x0000000008007a0c                __retarget_lock_acquire_recursive
 .text.__retarget_lock_release_recursive
                0x0000000008007a0e        0x2 D:/BBB/stm32/STM32CubeIDE_1.13.2/STM32CubeIDE/plugins/com.st.stm32cube.ide.mcu.externaltools.gnu-tools-for-stm32.11.3.rel1.win32_1.1.1.202309131626/tools/bin/../lib/gcc/arm-none-eabi/11.3.1/../../../../arm-none-eabi/lib/thumb/v7e-m+fp/hard\libc_nano.a(libc_a-lock.o)
                0x0000000008007a0e                __retarget_lock_release_recursive
 .text.memcpy   0x0000000008007a10       0x1c D:/BBB/stm32/STM32CubeIDE_1.13.2/STM32CubeIDE/plugins/com.st.stm32cube.ide.mcu.externaltools.gnu-tools-for-stm32.11.3.rel1.win32_1.1.1.202309131626/tools/bin/../lib/gcc/arm-none-eabi/11.3.1/../../../../arm-none-eabi/lib/thumb/v7e-m+fp/hard\libc_nano.a(libc_a-memcpy-stub.o)
                0x0000000008007a10                memcpy
 .text._free_r  0x0000000008007a2c       0x98 D:/BBB/stm32/STM32CubeIDE_1.13.2/STM32CubeIDE/plugins/com.st.stm32cube.ide.mcu.externaltools.gnu-tools-for-stm32.11.3.rel1.win32_1.1.1.202309131626/tools/bin/../lib/gcc/arm-none-eabi/11.3.1/../../../../arm-none-eabi/lib/thumb/v7e-m+fp/hard\libc_nano.a(libc_a-freer.o)
                0x0000000008007a2c                _free_r
 *(.glue_7)
 .glue_7        0x0000000008007ac4        0x0 linker stubs
 *(.glue_7t)
 .glue_7t       0x0000000008007ac4        0x0 linker stubs
 *(.eh_frame)
 .eh_frame      0x0000000008007ac4        0x0 D:/BBB/stm32/STM32CubeIDE_1.13.2/STM32CubeIDE/plugins/com.st.stm32cube.ide.mcu.externaltools.gnu-tools-for-stm32.11.3.rel1.win32_1.1.1.202309131626/tools/bin/../lib/gcc/arm-none-eabi/11.3.1/thumb/v7e-m+fp/hard/crtbegin.o
 *(.init)
 .init          0x0000000008007ac4        0x4 D:/BBB/stm32/STM32CubeIDE_1.13.2/STM32CubeIDE/plugins/com.st.stm32cube.ide.mcu.externaltools.gnu-tools-for-stm32.11.3.rel1.win32_1.1.1.202309131626/tools/bin/../lib/gcc/arm-none-eabi/11.3.1/thumb/v7e-m+fp/hard/crti.o
                0x0000000008007ac4                _init
 .init          0x0000000008007ac8        0x8 D:/BBB/stm32/STM32CubeIDE_1.13.2/STM32CubeIDE/plugins/com.st.stm32cube.ide.mcu.externaltools.gnu-tools-for-stm32.11.3.rel1.win32_1.1.1.202309131626/tools/bin/../lib/gcc/arm-none-eabi/11.3.1/thumb/v7e-m+fp/hard/crtn.o
 *(.fini)
 .fini          0x0000000008007ad0        0x4 D:/BBB/stm32/STM32CubeIDE_1.13.2/STM32CubeIDE/plugins/com.st.stm32cube.ide.mcu.externaltools.gnu-tools-for-stm32.11.3.rel1.win32_1.1.1.202309131626/tools/bin/../lib/gcc/arm-none-eabi/11.3.1/thumb/v7e-m+fp/hard/crti.o
                0x0000000008007ad0                _fini
 .fini          0x0000000008007ad4        0x8 D:/BBB/stm32/STM32CubeIDE_1.13.2/STM32CubeIDE/plugins/com.st.stm32cube.ide.mcu.externaltools.gnu-tools-for-stm32.11.3.rel1.win32_1.1.1.202309131626/tools/bin/../lib/gcc/arm-none-eabi/11.3.1/thumb/v7e-m+fp/hard/crtn.o
                0x0000000008007adc                . = ALIGN (0x4)
                0x0000000008007adc                _etext = .

.vfp11_veneer   0x0000000008007adc        0x0
 .vfp11_veneer  0x0000000008007adc        0x0 linker stubs

.v4_bx          0x0000000008007adc        0x0
 .v4_bx         0x0000000008007adc        0x0 linker stubs

.iplt           0x0000000008007adc        0x0
 .iplt          0x0000000008007adc        0x0 D:/BBB/stm32/STM32CubeIDE_1.13.2/STM32CubeIDE/plugins/com.st.stm32cube.ide.mcu.externaltools.gnu-tools-for-stm32.11.3.rel1.win32_1.1.1.202309131626/tools/bin/../lib/gcc/arm-none-eabi/11.3.1/thumb/v7e-m+fp/hard/crtbegin.o

.rodata         0x0000000008007adc      0x128
                0x0000000008007adc                . = ALIGN (0x4)
 *(.rodata)
 *(.rodata*)
 .rodata.AHBPrescTable
                0x0000000008007adc       0x10 ./Core/Src/system_stm32f4xx.o
                0x0000000008007adc                AHBPrescTable
 .rodata.APBPrescTable
                0x0000000008007aec        0x8 ./Core/Src/system_stm32f4xx.o
                0x0000000008007aec                APBPrescTable
 .rodata.memory_order_drone
                0x0000000008007af4        0x1 ./Core/Static_Src/init.o
 *fill*         0x0000000008007af5        0x3 
 .rodata.flagBitshiftOffset.0
                0x0000000008007af8        0x8 ./Drivers/STM32F4xx_HAL_Driver/Src/stm32f4xx_hal_dma.o
 .rodata._ctype_
                0x0000000008007b00      0x101 D:/BBB/stm32/STM32CubeIDE_1.13.2/STM32CubeIDE/plugins/com.st.stm32cube.ide.mcu.externaltools.gnu-tools-for-stm32.11.3.rel1.win32_1.1.1.202309131626/tools/bin/../lib/gcc/arm-none-eabi/11.3.1/../../../../arm-none-eabi/lib/thumb/v7e-m+fp/hard\libc_nano.a(libc_a-ctype_.o)
                0x0000000008007b00                _ctype_
                0x0000000008007c04                . = ALIGN (0x4)
 *fill*         0x0000000008007c01        0x3 

.ARM.extab      0x0000000008007c04        0x0
                0x0000000008007c04                . = ALIGN (0x4)
 *(.ARM.extab* .gnu.linkonce.armextab.*)
                0x0000000008007c04                . = ALIGN (0x4)

.ARM            0x0000000008007c04        0x8
                0x0000000008007c04                . = ALIGN (0x4)
                0x0000000008007c04                __exidx_start = .
 *(.ARM.exidx*)
 .ARM.exidx     0x0000000008007c04        0x8 D:/BBB/stm32/STM32CubeIDE_1.13.2/STM32CubeIDE/plugins/com.st.stm32cube.ide.mcu.externaltools.gnu-tools-for-stm32.11.3.rel1.win32_1.1.1.202309131626/tools/bin/../lib/gcc/arm-none-eabi/11.3.1/thumb/v7e-m+fp/hard\libgcc.a(_udivmoddi4.o)
                0x0000000008007c0c                __exidx_end = .
                0x0000000008007c0c                . = ALIGN (0x4)

.rel.dyn        0x0000000008007c0c        0x0
 .rel.iplt      0x0000000008007c0c        0x0 D:/BBB/stm32/STM32CubeIDE_1.13.2/STM32CubeIDE/plugins/com.st.stm32cube.ide.mcu.externaltools.gnu-tools-for-stm32.11.3.rel1.win32_1.1.1.202309131626/tools/bin/../lib/gcc/arm-none-eabi/11.3.1/thumb/v7e-m+fp/hard/crtbegin.o

.preinit_array  0x0000000008007c0c        0x0
                0x0000000008007c0c                . = ALIGN (0x4)
                0x0000000008007c0c                PROVIDE (__preinit_array_start = .)
 *(.preinit_array*)
                0x0000000008007c0c                PROVIDE (__preinit_array_end = .)
                0x0000000008007c0c                . = ALIGN (0x4)

.init_array     0x0000000008007c0c        0x4
                0x0000000008007c0c                . = ALIGN (0x4)
                0x0000000008007c0c                PROVIDE (__init_array_start = .)
 *(SORT_BY_NAME(.init_array.*))
 *(.init_array*)
 .init_array    0x0000000008007c0c        0x4 D:/BBB/stm32/STM32CubeIDE_1.13.2/STM32CubeIDE/plugins/com.st.stm32cube.ide.mcu.externaltools.gnu-tools-for-stm32.11.3.rel1.win32_1.1.1.202309131626/tools/bin/../lib/gcc/arm-none-eabi/11.3.1/thumb/v7e-m+fp/hard/crtbegin.o
                0x0000000008007c10                PROVIDE (__init_array_end = .)
                0x0000000008007c10                . = ALIGN (0x4)

.fini_array     0x0000000008007c10        0x4
                0x0000000008007c10                . = ALIGN (0x4)
                [!provide]                        PROVIDE (__fini_array_start = .)
 *(SORT_BY_NAME(.fini_array.*))
 *(.fini_array*)
 .fini_array    0x0000000008007c10        0x4 D:/BBB/stm32/STM32CubeIDE_1.13.2/STM32CubeIDE/plugins/com.st.stm32cube.ide.mcu.externaltools.gnu-tools-for-stm32.11.3.rel1.win32_1.1.1.202309131626/tools/bin/../lib/gcc/arm-none-eabi/11.3.1/thumb/v7e-m+fp/hard/crtbegin.o
                [!provide]                        PROVIDE (__fini_array_end = .)
                0x0000000008007c14                . = ALIGN (0x4)
                0x0000000008007c14                _sidata = LOADADDR (.data)

.data           0x0000000020000000       0x8c load address 0x0000000008007c14
                0x0000000020000000                . = ALIGN (0x4)
                0x0000000020000000                _sdata = .
 *(.data)
 *(.data*)
 .data.fc_bridge
                0x0000000020000000       0x30 ./Core/Src/bridge.o
 .data.SystemCoreClock
                0x0000000020000030        0x4 ./Core/Src/system_stm32f4xx.o
                0x0000000020000030                SystemCoreClock
 .data.uwTickPrio
                0x0000000020000034        0x4 ./Drivers/STM32F4xx_HAL_Driver/Src/stm32f4xx_hal.o
                0x0000000020000034                uwTickPrio
 .data.uwTickFreq
                0x0000000020000038        0x1 ./Drivers/STM32F4xx_HAL_Driver/Src/stm32f4xx_hal.o
                0x0000000020000038                uwTickFreq
 *fill*         0x0000000020000039        0x3 
 .data._impure_data
                0x000000002000003c       0x4c D:/BBB/stm32/STM32CubeIDE_1.13.2/STM32CubeIDE/plugins/com.st.stm32cube.ide.mcu.externaltools.gnu-tools-for-stm32.11.3.rel1.win32_1.1.1.202309131626/tools/bin/../lib/gcc/arm-none-eabi/11.3.1/../../../../arm-none-eabi/lib/thumb/v7e-m+fp/hard\libc_nano.a(libc_a-impure.o)
                0x000000002000003c                _impure_data
 .data._impure_ptr
                0x0000000020000088        0x4 D:/BBB/stm32/STM32CubeIDE_1.13.2/STM32CubeIDE/plugins/com.st.stm32cube.ide.mcu.externaltools.gnu-tools-for-stm32.11.3.rel1.win32_1.1.1.202309131626/tools/bin/../lib/gcc/arm-none-eabi/11.3.1/../../../../arm-none-eabi/lib/thumb/v7e-m+fp/hard\libc_nano.a(libc_a-impure.o)
                0x0000000020000088                _impure_ptr
 *(.RamFunc)
 *(.RamFunc*)
                0x000000002000008c                . = ALIGN (0x4)
                0x000000002000008c                _edata = .

.igot.plt       0x000000002000008c        0x0 load address 0x0000000008007ca0
 .igot.plt      0x000000002000008c        0x0 D:/BBB/stm32/STM32CubeIDE_1.13.2/STM32CubeIDE/plugins/com.st.stm32cube.ide.mcu.externaltools.gnu-tools-for-stm32.11.3.rel1.win32_1.1.1.202309131626/tools/bin/../lib/gcc/arm-none-eabi/11.3.1/thumb/v7e-m+fp/hard/crtbegin.o
                0x000000002000008c                . = ALIGN (0x4)

.bss            0x000000002000008c      0xfcc load address 0x0000000008007ca0
                0x000000002000008c                _sbss = .
                0x000000002000008c                __bss_start__ = _sbss
 *(.bss)
 .bss           0x000000002000008c       0x1c D:/BBB/stm32/STM32CubeIDE_1.13.2/STM32CubeIDE/plugins/com.st.stm32cube.ide.mcu.externaltools.gnu-tools-for-stm32.11.3.rel1.win32_1.1.1.202309131626/tools/bin/../lib/gcc/arm-none-eabi/11.3.1/thumb/v7e-m+fp/hard/crtbegin.o
 *(.bss*)
 .bss.fc_port   0x00000000200000a8       0x18 ./Core/Src/bridge.o
                0x00000000200000a8                fc_port
 .bss.hi2c1     0x00000000200000c0       0x54 ./Core/Src/i2c.o
                0x00000000200000c0                hi2c1
 .bss.bmi_ref   0x0000000020000114       0x2c ./Core/Src/imu.o
                0x0000000020000114                bmi_ref
 .bss.imu_i2c   0x0000000020000140        0x4 ./Core/Src/imu.o
                0x0000000020000140                imu_i2c
 .bss.imu       0x0000000020000144       0xf8 ./Core/Src/imu.o
 .bss.controls_rc
                0x000000002000023c       0xf0 ./Core/Src/remote_control.o
 .bss.htim1     0x000000002000032c       0xb4 ./Core/Src/tim.o
                0x000000002000032c                htim1
 .bss.htim2     0x00000000200003e0       0xb4 ./Core/Src/tim.o
                0x00000000200003e0                htim2
 .bss.htim3     0x0000000020000494       0xb4 ./Core/Src/tim.o
                0x0000000020000494                htim3
 .bss.htim5     0x0000000020000548       0xb4 ./Core/Src/tim.o
                0x0000000020000548                htim5
 .bss.htim9     0x00000000200005fc       0xb4 ./Core/Src/tim.o
                0x00000000200005fc                htim9
 .bss.htim10    0x00000000200006b0       0xb4 ./Core/Src/tim.o
                0x00000000200006b0                htim10
 .bss.htim11    0x0000000020000764       0xb4 ./Core/Src/tim.o
                0x0000000020000764                htim11
 .bss.hdma_tim3_ch1_trig
                0x0000000020000818       0x60 ./Core/Src/tim.o
                0x0000000020000818                hdma_tim3_ch1_trig
 .bss.huart1    0x0000000020000878       0x74 ./Core/Src/usart.o
                0x0000000020000878                huart1
 .bss.queues_rc
                0x00000000200008ec      0x618 ./Core/Static_Src/drone.o
 .bss.initialized
                0x0000000020000f04        0x1 ./Core/Static_Src/init.o
 *fill*         0x0000000020000f05        0x3 
 .bss.__sbrk_heap_end
                0x0000000020000f08        0x4 ./Core/Static_Src/sysmem.o
 .bss.uwTick    0x0000000020000f0c        0x4 ./Drivers/STM32F4xx_HAL_Driver/Src/stm32f4xx_hal.o
                0x0000000020000f0c                uwTick
 .bss.__malloc_free_list
                0x0000000020000f10        0x4 D:/BBB/stm32/STM32CubeIDE_1.13.2/STM32CubeIDE/plugins/com.st.stm32cube.ide.mcu.externaltools.gnu-tools-for-stm32.11.3.rel1.win32_1.1.1.202309131626/tools/bin/../lib/gcc/arm-none-eabi/11.3.1/../../../../arm-none-eabi/lib/thumb/v7e-m+fp/hard\libc_nano.a(libc_a-mallocr.o)
                0x0000000020000f10                __malloc_free_list
 .bss.__malloc_sbrk_start
                0x0000000020000f14        0x4 D:/BBB/stm32/STM32CubeIDE_1.13.2/STM32CubeIDE/plugins/com.st.stm32cube.ide.mcu.externaltools.gnu-tools-for-stm32.11.3.rel1.win32_1.1.1.202309131626/tools/bin/../lib/gcc/arm-none-eabi/11.3.1/../../../../arm-none-eabi/lib/thumb/v7e-m+fp/hard\libc_nano.a(libc_a-mallocr.o)
                0x0000000020000f14                __malloc_sbrk_start
 .bss.__sf      0x0000000020000f18      0x138 D:/BBB/stm32/STM32CubeIDE_1.13.2/STM32CubeIDE/plugins/com.st.stm32cube.ide.mcu.externaltools.gnu-tools-for-stm32.11.3.rel1.win32_1.1.1.202309131626/tools/bin/../lib/gcc/arm-none-eabi/11.3.1/../../../../arm-none-eabi/lib/thumb/v7e-m+fp/hard\libc_nano.a(libc_a-findfp.o)
                0x0000000020000f18                __sf
 .bss.errno     0x0000000020001050        0x4 D:/BBB/stm32/STM32CubeIDE_1.13.2/STM32CubeIDE/plugins/com.st.stm32cube.ide.mcu.externaltools.gnu-tools-for-stm32.11.3.rel1.win32_1.1.1.202309131626/tools/bin/../lib/gcc/arm-none-eabi/11.3.1/../../../../arm-none-eabi/lib/thumb/v7e-m+fp/hard\libc_nano.a(libc_a-reent.o)
                0x0000000020001050                errno
 .bss.__lock___malloc_recursive_mutex
                0x0000000020001054        0x1 D:/BBB/stm32/STM32CubeIDE_1.13.2/STM32CubeIDE/plugins/com.st.stm32cube.ide.mcu.externaltools.gnu-tools-for-stm32.11.3.rel1.win32_1.1.1.202309131626/tools/bin/../lib/gcc/arm-none-eabi/11.3.1/../../../../arm-none-eabi/lib/thumb/v7e-m+fp/hard\libc_nano.a(libc_a-lock.o)
                0x0000000020001054                __lock___malloc_recursive_mutex
 *(COMMON)
                0x0000000020001058                . = ALIGN (0x4)
 *fill*         0x0000000020001055        0x3 
                0x0000000020001058                _ebss = .
                0x0000000020001058                __bss_end__ = _ebss

._user_heap_stack
                0x0000000020001058      0x600 load address 0x0000000008007ca0
                0x0000000020001058                . = ALIGN (0x8)
                [!provide]                        PROVIDE (end = .)
                0x0000000020001058                PROVIDE (_end = .)
                0x0000000020001258                . = (. + _Min_Heap_Size)
 *fill*         0x0000000020001058      0x200 
                0x0000000020001658                . = (. + _Min_Stack_Size)
 *fill*         0x0000000020001258      0x400 
                0x0000000020001658                . = ALIGN (0x8)

/DISCARD/
 libc.a(*)
 libm.a(*)
 libgcc.a(*)

.ARM.attributes
                0x0000000000000000       0x30
 *(.ARM.attributes)
 .ARM.attributes
                0x0000000000000000       0x1e D:/BBB/stm32/STM32CubeIDE_1.13.2/STM32CubeIDE/plugins/com.st.stm32cube.ide.mcu.externaltools.gnu-tools-for-stm32.11.3.rel1.win32_1.1.1.202309131626/tools/bin/../lib/gcc/arm-none-eabi/11.3.1/thumb/v7e-m+fp/hard/crti.o
 .ARM.attributes
                0x000000000000001e       0x34 D:/BBB/stm32/STM32CubeIDE_1.13.2/STM32CubeIDE/plugins/com.st.stm32cube.ide.mcu.externaltools.gnu-tools-for-stm32.11.3.rel1.win32_1.1.1.202309131626/tools/bin/../lib/gcc/arm-none-eabi/11.3.1/thumb/v7e-m+fp/hard/crtbegin.o
 .ARM.attributes
                0x0000000000000052       0x34 ./Core/Src/bridge.o
 .ARM.attributes
                0x0000000000000086       0x34 ./Core/Src/dma.o
 .ARM.attributes
                0x00000000000000ba       0x34 ./Core/Src/flight_control.o
 .ARM.attributes
                0x00000000000000ee       0x34 ./Core/Src/gpio.o
 .ARM.attributes
                0x0000000000000122       0x34 ./Core/Src/i2c.o
 .ARM.attributes
                0x0000000000000156       0x34 ./Core/Src/imu.o
 .ARM.attributes
                0x000000000000018a       0x34 ./Core/Src/main.o
 .ARM.attributes
                0x00000000000001be       0x34 ./Core/Src/remote_control.o
 .ARM.attributes
                0x00000000000001f2       0x34 ./Core/Src/stm32f4xx_hal_msp.o
 .ARM.attributes
                0x0000000000000226       0x34 ./Core/Src/stm32f4xx_it.o
 .ARM.attributes
                0x000000000000025a       0x34 ./Core/Src/system_stm32f4xx.o
 .ARM.attributes
                0x000000000000028e       0x34 ./Core/Src/tim.o
 .ARM.attributes
                0x00000000000002c2       0x34 ./Core/Src/usart.o
 .ARM.attributes
                0x00000000000002f6       0x21 ./Core/Startup/startup_stm32f411ccux.o
 .ARM.attributes
                0x0000000000000317       0x34 ./Core/Static_Src/bmi160.o
 .ARM.attributes
                0x000000000000034b       0x34 ./Core/Static_Src/bridge_common.o
 .ARM.attributes
                0x000000000000037f       0x34 ./Core/Static_Src/drone.o
 .ARM.attributes
                0x00000000000003b3       0x34 ./Core/Static_Src/init.o
 .ARM.attributes
                0x00000000000003e7       0x34 ./Core/Static_Src/queue.o
 .ARM.attributes
                0x000000000000041b       0x34 ./Core/Static_Src/syscalls.o
 .ARM.attributes
                0x000000000000044f       0x34 ./Core/Static_Src/sysmem.o
 .ARM.attributes
                0x0000000000000483       0x34 ./Drivers/STM32F4xx_HAL_Driver/Src/stm32f4xx_hal.o
 .ARM.attributes
                0x00000000000004b7       0x34 ./Drivers/STM32F4xx_HAL_Driver/Src/stm32f4xx_hal_cortex.o
 .ARM.attributes
                0x00000000000004eb       0x34 ./Drivers/STM32F4xx_HAL_Driver/Src/stm32f4xx_hal_dma.o
 .ARM.attributes
                0x000000000000051f       0x34 ./Drivers/STM32F4xx_HAL_Driver/Src/stm32f4xx_hal_gpio.o
 .ARM.attributes
                0x0000000000000553       0x34 ./Drivers/STM32F4xx_HAL_Driver/Src/stm32f4xx_hal_i2c.o
 .ARM.attributes
                0x0000000000000587       0x34 ./Drivers/STM32F4xx_HAL_Driver/Src/stm32f4xx_hal_rcc.o
 .ARM.attributes
                0x00000000000005bb       0x34 ./Drivers/STM32F4xx_HAL_Driver/Src/stm32f4xx_hal_tim.o
 .ARM.attributes
                0x00000000000005ef       0x34 ./Drivers/STM32F4xx_HAL_Driver/Src/stm32f4xx_hal_tim_ex.o
 .ARM.attributes
                0x0000000000000623       0x34 ./Drivers/STM32F4xx_HAL_Driver/Src/stm32f4xx_hal_uart.o
 .ARM.attributes
                0x0000000000000657       0x34 D:/BBB/stm32/STM32CubeIDE_1.13.2/STM32CubeIDE/plugins/com.st.stm32cube.ide.mcu.externaltools.gnu-tools-for-stm32.11.3.rel1.win32_1.1.1.202309131626/tools/bin/../lib/gcc/arm-none-eabi/11.3.1/../../../../arm-none-eabi/lib/thumb/v7e-m+fp/hard\libc_nano.a(libc_a-malloc.o)
 .ARM.attributes
                0x000000000000068b       0x34 D:/BBB/stm32/STM32CubeIDE_1.13.2/STM32CubeIDE/plugins/com.st.stm32cube.ide.mcu.externaltools.gnu-tools-for-stm32.11.3.rel1.win32_1.1.1.202309131626/tools/bin/../lib/gcc/arm-none-eabi/11.3.1/../../../../arm-none-eabi/lib/thumb/v7e-m+fp/hard\libc_nano.a(libc_a-mallocr.o)
 .ARM.attributes
                0x00000000000006bf       0x34 D:/BBB/stm32/STM32CubeIDE_1.13.2/STM32CubeIDE/plugins/com.st.stm32cube.ide.mcu.externaltools.gnu-tools-for-stm32.11.3.rel1.win32_1.1.1.202309131626/tools/bin/../lib/gcc/arm-none-eabi/11.3.1/../../../../arm-none-eabi/lib/thumb/v7e-m+fp/hard\libc_nano.a(libc_a-mlock.o)
 .ARM.attributes
                0x00000000000006f3       0x34 D:/BBB/stm32/STM32CubeIDE_1.13.2/STM32CubeIDE/plugins/com.st.stm32cube.ide.mcu.externaltools.gnu-tools-for-stm32.11.3.rel1.win32_1.1.1.202309131626/tools/bin/../lib/gcc/arm-none-eabi/11.3.1/../../../../arm-none-eabi/lib/thumb/v7e-m+fp/hard\libc_nano.a(libc_a-ctype_.o)
 .ARM.attributes
                0x0000000000000727       0x34 D:/BBB/stm32/STM32CubeIDE_1.13.2/STM32CubeIDE/plugins/com.st.stm32cube.ide.mcu.externaltools.gnu-tools-for-stm32.11.3.rel1.win32_1.1.1.202309131626/tools/bin/../lib/gcc/arm-none-eabi/11.3.1/../../../../arm-none-eabi/lib/thumb/v7e-m+fp/hard\libc_nano.a(libc_a-findfp.o)
 .ARM.attributes
                0x000000000000075b       0x34 D:/BBB/stm32/STM32CubeIDE_1.13.2/STM32CubeIDE/plugins/com.st.stm32cube.ide.mcu.externaltools.gnu-tools-for-stm32.11.3.rel1.win32_1.1.1.202309131626/tools/bin/../lib/gcc/arm-none-eabi/11.3.1/../../../../arm-none-eabi/lib/thumb/v7e-m+fp/hard\libc_nano.a(libc_a-memset.o)
 .ARM.attributes
                0x000000000000078f       0x34 D:/BBB/stm32/STM32CubeIDE_1.13.2/STM32CubeIDE/plugins/com.st.stm32cube.ide.mcu.externaltools.gnu-tools-for-stm32.11.3.rel1.win32_1.1.1.202309131626/tools/bin/../lib/gcc/arm-none-eabi/11.3.1/../../../../arm-none-eabi/lib/thumb/v7e-m+fp/hard\libc_nano.a(libc_a-signal.o)
 .ARM.attributes
                0x00000000000007c3       0x34 D:/BBB/stm32/STM32CubeIDE_1.13.2/STM32CubeIDE/plugins/com.st.stm32cube.ide.mcu.externaltools.gnu-tools-for-stm32.11.3.rel1.win32_1.1.1.202309131626/tools/bin/../lib/gcc/arm-none-eabi/11.3.1/../../../../arm-none-eabi/lib/thumb/v7e-m+fp/hard\libc_nano.a(libc_a-reent.o)
 .ARM.attributes
                0x00000000000007f7       0x34 D:/BBB/stm32/STM32CubeIDE_1.13.2/STM32CubeIDE/plugins/com.st.stm32cube.ide.mcu.externaltools.gnu-tools-for-stm32.11.3.rel1.win32_1.1.1.202309131626/tools/bin/../lib/gcc/arm-none-eabi/11.3.1/../../../../arm-none-eabi/lib/thumb/v7e-m+fp/hard\libc_nano.a(libc_a-impure.o)
 .ARM.attributes
                0x000000000000082b       0x34 D:/BBB/stm32/STM32CubeIDE_1.13.2/STM32CubeIDE/plugins/com.st.stm32cube.ide.mcu.externaltools.gnu-tools-for-stm32.11.3.rel1.win32_1.1.1.202309131626/tools/bin/../lib/gcc/arm-none-eabi/11.3.1/../../../../arm-none-eabi/lib/thumb/v7e-m+fp/hard\libc_nano.a(libc_a-signalr.o)
 .ARM.attributes
                0x000000000000085f       0x34 D:/BBB/stm32/STM32CubeIDE_1.13.2/STM32CubeIDE/plugins/com.st.stm32cube.ide.mcu.externaltools.gnu-tools-for-stm32.11.3.rel1.win32_1.1.1.202309131626/tools/bin/../lib/gcc/arm-none-eabi/11.3.1/../../../../arm-none-eabi/lib/thumb/v7e-m+fp/hard\libc_nano.a(libc_a-sbrkr.o)
 .ARM.attributes
                0x0000000000000893       0x34 D:/BBB/stm32/STM32CubeIDE_1.13.2/STM32CubeIDE/plugins/com.st.stm32cube.ide.mcu.externaltools.gnu-tools-for-stm32.11.3.rel1.win32_1.1.1.202309131626/tools/bin/../lib/gcc/arm-none-eabi/11.3.1/../../../../arm-none-eabi/lib/thumb/v7e-m+fp/hard\libc_nano.a(libc_a-errno.o)
 .ARM.attributes
                0x00000000000008c7       0x34 D:/BBB/stm32/STM32CubeIDE_1.13.2/STM32CubeIDE/plugins/com.st.stm32cube.ide.mcu.externaltools.gnu-tools-for-stm32.11.3.rel1.win32_1.1.1.202309131626/tools/bin/../lib/gcc/arm-none-eabi/11.3.1/../../../../arm-none-eabi/lib/thumb/v7e-m+fp/hard\libc_nano.a(libc_a-init.o)
 .ARM.attributes
                0x00000000000008fb       0x34 D:/BBB/stm32/STM32CubeIDE_1.13.2/STM32CubeIDE/plugins/com.st.stm32cube.ide.mcu.externaltools.gnu-tools-for-stm32.11.3.rel1.win32_1.1.1.202309131626/tools/bin/../lib/gcc/arm-none-eabi/11.3.1/../../../../arm-none-eabi/lib/thumb/v7e-m+fp/hard\libc_nano.a(libc_a-lock.o)
 .ARM.attributes
                0x000000000000092f       0x34 D:/BBB/stm32/STM32CubeIDE_1.13.2/STM32CubeIDE/plugins/com.st.stm32cube.ide.mcu.externaltools.gnu-tools-for-stm32.11.3.rel1.win32_1.1.1.202309131626/tools/bin/../lib/gcc/arm-none-eabi/11.3.1/../../../../arm-none-eabi/lib/thumb/v7e-m+fp/hard\libc_nano.a(libc_a-memcpy-stub.o)
 .ARM.attributes
                0x0000000000000963       0x17 D:/BBB/stm32/STM32CubeIDE_1.13.2/STM32CubeIDE/plugins/com.st.stm32cube.ide.mcu.externaltools.gnu-tools-for-stm32.11.3.rel1.win32_1.1.1.202309131626/tools/bin/../lib/gcc/arm-none-eabi/11.3.1/../../../../arm-none-eabi/lib/thumb/v7e-m+fp/hard\libc_nano.a(libc_a-strlen.o)
 .ARM.attributes
                0x000000000000097a       0x34 D:/BBB/stm32/STM32CubeIDE_1.13.2/STM32CubeIDE/plugins/com.st.stm32cube.ide.mcu.externaltools.gnu-tools-for-stm32.11.3.rel1.win32_1.1.1.202309131626/tools/bin/../lib/gcc/arm-none-eabi/11.3.1/../../../../arm-none-eabi/lib/thumb/v7e-m+fp/hard\libc_nano.a(libc_a-freer.o)
 .ARM.attributes
                0x00000000000009ae       0x1e D:/BBB/stm32/STM32CubeIDE_1.13.2/STM32CubeIDE/plugins/com.st.stm32cube.ide.mcu.externaltools.gnu-tools-for-stm32.11.3.rel1.win32_1.1.1.202309131626/tools/bin/../lib/gcc/arm-none-eabi/11.3.1/thumb/v7e-m+fp/hard\libgcc.a(_aeabi_uldivmod.o)
 .ARM.attributes
                0x00000000000009cc       0x34 D:/BBB/stm32/STM32CubeIDE_1.13.2/STM32CubeIDE/plugins/com.st.stm32cube.ide.mcu.externaltools.gnu-tools-for-stm32.11.3.rel1.win32_1.1.1.202309131626/tools/bin/../lib/gcc/arm-none-eabi/11.3.1/thumb/v7e-m+fp/hard\libgcc.a(_udivmoddi4.o)
 .ARM.attributes
                0x0000000000000a00       0x1e D:/BBB/stm32/STM32CubeIDE_1.13.2/STM32CubeIDE/plugins/com.st.stm32cube.ide.mcu.externaltools.gnu-tools-for-stm32.11.3.rel1.win32_1.1.1.202309131626/tools/bin/../lib/gcc/arm-none-eabi/11.3.1/thumb/v7e-m+fp/hard\libgcc.a(_dvmd_tls.o)
 .ARM.attributes
                0x0000000000000a1e       0x1e D:/BBB/stm32/STM32CubeIDE_1.13.2/STM32CubeIDE/plugins/com.st.stm32cube.ide.mcu.externaltools.gnu-tools-for-stm32.11.3.rel1.win32_1.1.1.202309131626/tools/bin/../lib/gcc/arm-none-eabi/11.3.1/thumb/v7e-m+fp/hard/crtn.o
OUTPUT(F411_FC_MOTORS_RC.elf elf32-littlearm)
LOAD linker stubs
LOAD D:/BBB/stm32/STM32CubeIDE_1.13.2/STM32CubeIDE/plugins/com.st.stm32cube.ide.mcu.externaltools.gnu-tools-for-stm32.11.3.rel1.win32_1.1.1.202309131626/tools/bin/../lib/gcc/arm-none-eabi/11.3.1/../../../../arm-none-eabi/lib/thumb/v7e-m+fp/hard\libc.a
LOAD D:/BBB/stm32/STM32CubeIDE_1.13.2/STM32CubeIDE/plugins/com.st.stm32cube.ide.mcu.externaltools.gnu-tools-for-stm32.11.3.rel1.win32_1.1.1.202309131626/tools/bin/../lib/gcc/arm-none-eabi/11.3.1/../../../../arm-none-eabi/lib/thumb/v7e-m+fp/hard\libm.a
LOAD D:/BBB/stm32/STM32CubeIDE_1.13.2/STM32CubeIDE/plugins/com.st.stm32cube.ide.mcu.externaltools.gnu-tools-for-stm32.11.3.rel1.win32_1.1.1.202309131626/tools/bin/../lib/gcc/arm-none-eabi/11.3.1/thumb/v7e-m+fp/hard\libgcc.a

.comment        0x0000000000000000       0x43
 .comment       0x0000000000000000       0x43 D:/BBB/stm32/STM32CubeIDE_1.13.2/STM32CubeIDE/plugins/com.st.stm32cube.ide.mcu.externaltools.gnu-tools-for-stm32.11.3.rel1.win32_1.1.1.202309131626/tools/bin/../lib/gcc/arm-none-eabi/11.3.1/thumb/v7e-m+fp/hard/crtbegin.o
                                         0x44 (size before relaxing)
 .comment       0x0000000000000043       0x44 ./Core/Src/bridge.o
 .comment       0x0000000000000043       0x44 ./Core/Src/dma.o
 .comment       0x0000000000000043       0x44 ./Core/Src/flight_control.o
 .comment       0x0000000000000043       0x44 ./Core/Src/gpio.o
 .comment       0x0000000000000043       0x44 ./Core/Src/i2c.o
 .comment       0x0000000000000043       0x44 ./Core/Src/imu.o
 .comment       0x0000000000000043       0x44 ./Core/Src/main.o
 .comment       0x0000000000000043       0x44 ./Core/Src/remote_control.o
 .comment       0x0000000000000043       0x44 ./Core/Src/stm32f4xx_hal_msp.o
 .comment       0x0000000000000043       0x44 ./Core/Src/stm32f4xx_it.o
 .comment       0x0000000000000043       0x44 ./Core/Src/system_stm32f4xx.o
 .comment       0x0000000000000043       0x44 ./Core/Src/tim.o
 .comment       0x0000000000000043       0x44 ./Core/Src/usart.o
 .comment       0x0000000000000043       0x44 ./Core/Static_Src/bmi160.o
 .comment       0x0000000000000043       0x44 ./Core/Static_Src/bridge_common.o
 .comment       0x0000000000000043       0x44 ./Core/Static_Src/drone.o
 .comment       0x0000000000000043       0x44 ./Core/Static_Src/init.o
 .comment       0x0000000000000043       0x44 ./Core/Static_Src/queue.o
 .comment       0x0000000000000043       0x44 ./Core/Static_Src/syscalls.o
 .comment       0x0000000000000043       0x44 ./Core/Static_Src/sysmem.o
 .comment       0x0000000000000043       0x44 ./Drivers/STM32F4xx_HAL_Driver/Src/stm32f4xx_hal.o
 .comment       0x0000000000000043       0x44 ./Drivers/STM32F4xx_HAL_Driver/Src/stm32f4xx_hal_cortex.o
 .comment       0x0000000000000043       0x44 ./Drivers/STM32F4xx_HAL_Driver/Src/stm32f4xx_hal_dma.o
 .comment       0x0000000000000043       0x44 ./Drivers/STM32F4xx_HAL_Driver/Src/stm32f4xx_hal_gpio.o
 .comment       0x0000000000000043       0x44 ./Drivers/STM32F4xx_HAL_Driver/Src/stm32f4xx_hal_i2c.o
 .comment       0x0000000000000043       0x44 ./Drivers/STM32F4xx_HAL_Driver/Src/stm32f4xx_hal_rcc.o
 .comment       0x0000000000000043       0x44 ./Drivers/STM32F4xx_HAL_Driver/Src/stm32f4xx_hal_tim.o
 .comment       0x0000000000000043       0x44 ./Drivers/STM32F4xx_HAL_Driver/Src/stm32f4xx_hal_tim_ex.o
 .comment       0x0000000000000043       0x44 ./Drivers/STM32F4xx_HAL_Driver/Src/stm32f4xx_hal_uart.o

.debug_info     0x0000000000000000    0x1a740
 .debug_info    0x0000000000000000     0x1295 ./Core/Src/bridge.o
 .debug_info    0x0000000000001295      0x445 ./Core/Src/dma.o
 .debug_info    0x00000000000016da      0x667 ./Core/Src/flight_control.o
 .debug_info    0x0000000000001d41      0x291 ./Core/Src/gpio.o
 .debug_info    0x0000000000001fd2      0x9a5 ./Core/Src/i2c.o
 .debug_info    0x0000000000002977      0xc70 ./Core/Src/imu.o
 .debug_info    0x00000000000035e7     0x120d ./Core/Src/main.o
 .debug_info    0x00000000000047f4      0xe14 ./Core/Src/remote_control.o
 .debug_info    0x0000000000005608      0x291 ./Core/Src/stm32f4xx_hal_msp.o
 .debug_info    0x0000000000005899      0xc4c ./Core/Src/stm32f4xx_it.o
 .debug_info    0x00000000000064e5      0x53e ./Core/Src/system_stm32f4xx.o
 .debug_info    0x0000000000006a23     0x1434 ./Core/Src/tim.o
 .debug_info    0x0000000000007e57      0xbf2 ./Core/Src/usart.o
 .debug_info    0x0000000000008a49       0x23 ./Core/Startup/startup_stm32f411ccux.o
 .debug_info    0x0000000000008a6c     0x40b0 ./Core/Static_Src/bmi160.o
 .debug_info    0x000000000000cb1c      0x26c ./Core/Static_Src/bridge_common.o
 .debug_info    0x000000000000cd88      0x58c ./Core/Static_Src/drone.o
 .debug_info    0x000000000000d314      0x170 ./Core/Static_Src/init.o
 .debug_info    0x000000000000d484      0x347 ./Core/Static_Src/queue.o
 .debug_info    0x000000000000d7cb      0x6a3 ./Core/Static_Src/syscalls.o
 .debug_info    0x000000000000de6e      0x168 ./Core/Static_Src/sysmem.o
 .debug_info    0x000000000000dfd6      0x8c4 ./Drivers/STM32F4xx_HAL_Driver/Src/stm32f4xx_hal.o
 .debug_info    0x000000000000e89a      0xcb6 ./Drivers/STM32F4xx_HAL_Driver/Src/stm32f4xx_hal_cortex.o
 .debug_info    0x000000000000f550      0x8e6 ./Drivers/STM32F4xx_HAL_Driver/Src/stm32f4xx_hal_dma.o
 .debug_info    0x000000000000fe36      0x6f9 ./Drivers/STM32F4xx_HAL_Driver/Src/stm32f4xx_hal_gpio.o
 .debug_info    0x000000000001052f     0x23f2 ./Drivers/STM32F4xx_HAL_Driver/Src/stm32f4xx_hal_i2c.o
 .debug_info    0x0000000000012921      0x8f2 ./Drivers/STM32F4xx_HAL_Driver/Src/stm32f4xx_hal_rcc.o
 .debug_info    0x0000000000013213     0x2cab ./Drivers/STM32F4xx_HAL_Driver/Src/stm32f4xx_hal_tim.o
 .debug_info    0x0000000000015ebe     0x162a ./Drivers/STM32F4xx_HAL_Driver/Src/stm32f4xx_hal_tim_ex.o
 .debug_info    0x00000000000174e8     0x3258 ./Drivers/STM32F4xx_HAL_Driver/Src/stm32f4xx_hal_uart.o

.debug_abbrev   0x0000000000000000     0x3a34
 .debug_abbrev  0x0000000000000000      0x2b4 ./Core/Src/bridge.o
 .debug_abbrev  0x00000000000002b4      0x10e ./Core/Src/dma.o
 .debug_abbrev  0x00000000000003c2      0x20f ./Core/Src/flight_control.o
 .debug_abbrev  0x00000000000005d1       0xd8 ./Core/Src/gpio.o
 .debug_abbrev  0x00000000000006a9      0x1f0 ./Core/Src/i2c.o
 .debug_abbrev  0x0000000000000899      0x2a6 ./Core/Src/imu.o
 .debug_abbrev  0x0000000000000b3f      0x291 ./Core/Src/main.o
 .debug_abbrev  0x0000000000000dd0      0x262 ./Core/Src/remote_control.o
 .debug_abbrev  0x0000000000001032       0xd8 ./Core/Src/stm32f4xx_hal_msp.o
 .debug_abbrev  0x000000000000110a      0x1db ./Core/Src/stm32f4xx_it.o
 .debug_abbrev  0x00000000000012e5      0x11a ./Core/Src/system_stm32f4xx.o
 .debug_abbrev  0x00000000000013ff      0x27a ./Core/Src/tim.o
 .debug_abbrev  0x0000000000001679      0x217 ./Core/Src/usart.o
 .debug_abbrev  0x0000000000001890       0x12 ./Core/Startup/startup_stm32f411ccux.o
 .debug_abbrev  0x00000000000018a2      0x253 ./Core/Static_Src/bmi160.o
 .debug_abbrev  0x0000000000001af5      0x168 ./Core/Static_Src/bridge_common.o
 .debug_abbrev  0x0000000000001c5d      0x1be ./Core/Static_Src/drone.o
 .debug_abbrev  0x0000000000001e1b       0xdb ./Core/Static_Src/init.o
 .debug_abbrev  0x0000000000001ef6      0x191 ./Core/Static_Src/queue.o
 .debug_abbrev  0x0000000000002087      0x1b6 ./Core/Static_Src/syscalls.o
 .debug_abbrev  0x000000000000223d       0xbc ./Core/Static_Src/sysmem.o
 .debug_abbrev  0x00000000000022f9      0x24b ./Drivers/STM32F4xx_HAL_Driver/Src/stm32f4xx_hal.o
 .debug_abbrev  0x0000000000002544      0x327 ./Drivers/STM32F4xx_HAL_Driver/Src/stm32f4xx_hal_cortex.o
 .debug_abbrev  0x000000000000286b      0x221 ./Drivers/STM32F4xx_HAL_Driver/Src/stm32f4xx_hal_dma.o
 .debug_abbrev  0x0000000000002a8c      0x1d3 ./Drivers/STM32F4xx_HAL_Driver/Src/stm32f4xx_hal_gpio.o
 .debug_abbrev  0x0000000000002c5f      0x2bc ./Drivers/STM32F4xx_HAL_Driver/Src/stm32f4xx_hal_i2c.o
 .debug_abbrev  0x0000000000002f1b      0x2b5 ./Drivers/STM32F4xx_HAL_Driver/Src/stm32f4xx_hal_rcc.o
 .debug_abbrev  0x00000000000031d0      0x2aa ./Drivers/STM32F4xx_HAL_Driver/Src/stm32f4xx_hal_tim.o
 .debug_abbrev  0x000000000000347a      0x2a0 ./Drivers/STM32F4xx_HAL_Driver/Src/stm32f4xx_hal_tim_ex.o
 .debug_abbrev  0x000000000000371a      0x31a ./Drivers/STM32F4xx_HAL_Driver/Src/stm32f4xx_hal_uart.o

.debug_aranges  0x0000000000000000     0x1798
 .debug_aranges
                0x0000000000000000       0x60 ./Core/Src/bridge.o
 .debug_aranges
                0x0000000000000060       0x20 ./Core/Src/dma.o
 .debug_aranges
                0x0000000000000080       0x30 ./Core/Src/flight_control.o
 .debug_aranges
                0x00000000000000b0       0x20 ./Core/Src/gpio.o
 .debug_aranges
                0x00000000000000d0       0x30 ./Core/Src/i2c.o
 .debug_aranges
                0x0000000000000100       0x48 ./Core/Src/imu.o
 .debug_aranges
                0x0000000000000148       0x30 ./Core/Src/main.o
 .debug_aranges
                0x0000000000000178       0x50 ./Core/Src/remote_control.o
 .debug_aranges
                0x00000000000001c8       0x20 ./Core/Src/stm32f4xx_hal_msp.o
 .debug_aranges
                0x00000000000001e8       0x90 ./Core/Src/stm32f4xx_it.o
 .debug_aranges
                0x0000000000000278       0x28 ./Core/Src/system_stm32f4xx.o
 .debug_aranges
                0x00000000000002a0       0x88 ./Core/Src/tim.o
 .debug_aranges
                0x0000000000000328       0x30 ./Core/Src/usart.o
 .debug_aranges
                0x0000000000000358       0x28 ./Core/Startup/startup_stm32f411ccux.o
 .debug_aranges
                0x0000000000000380      0x458 ./Core/Static_Src/bmi160.o
 .debug_aranges
                0x00000000000007d8       0x48 ./Core/Static_Src/bridge_common.o
 .debug_aranges
                0x0000000000000820       0xa8 ./Core/Static_Src/drone.o
 .debug_aranges
                0x00000000000008c8       0x28 ./Core/Static_Src/init.o
 .debug_aranges
                0x00000000000008f0       0x50 ./Core/Static_Src/queue.o
 .debug_aranges
                0x0000000000000940       0xa8 ./Core/Static_Src/syscalls.o
 .debug_aranges
                0x00000000000009e8       0x20 ./Core/Static_Src/sysmem.o
 .debug_aranges
                0x0000000000000a08       0xf0 ./Drivers/STM32F4xx_HAL_Driver/Src/stm32f4xx_hal.o
 .debug_aranges
                0x0000000000000af8      0x118 ./Drivers/STM32F4xx_HAL_Driver/Src/stm32f4xx_hal_cortex.o
 .debug_aranges
                0x0000000000000c10       0x90 ./Drivers/STM32F4xx_HAL_Driver/Src/stm32f4xx_hal_dma.o
 .debug_aranges
                0x0000000000000ca0       0x58 ./Drivers/STM32F4xx_HAL_Driver/Src/stm32f4xx_hal_gpio.o
 .debug_aranges
                0x0000000000000cf8      0x2a0 ./Drivers/STM32F4xx_HAL_Driver/Src/stm32f4xx_hal_i2c.o
 .debug_aranges
                0x0000000000000f98       0x88 ./Drivers/STM32F4xx_HAL_Driver/Src/stm32f4xx_hal_rcc.o
 .debug_aranges
                0x0000000000001020      0x3e8 ./Drivers/STM32F4xx_HAL_Driver/Src/stm32f4xx_hal_tim.o
 .debug_aranges
                0x0000000000001408      0x168 ./Drivers/STM32F4xx_HAL_Driver/Src/stm32f4xx_hal_tim_ex.o
 .debug_aranges
                0x0000000000001570      0x228 ./Drivers/STM32F4xx_HAL_Driver/Src/stm32f4xx_hal_uart.o

.debug_rnglists
                0x0000000000000000     0x1269
 .debug_rnglists
                0x0000000000000000       0x45 ./Core/Src/bridge.o
 .debug_rnglists
                0x0000000000000045       0x13 ./Core/Src/dma.o
 .debug_rnglists
                0x0000000000000058       0x1f ./Core/Src/flight_control.o
 .debug_rnglists
                0x0000000000000077       0x13 ./Core/Src/gpio.o
 .debug_rnglists
                0x000000000000008a       0x20 ./Core/Src/i2c.o
 .debug_rnglists
                0x00000000000000aa       0x34 ./Core/Src/imu.o
 .debug_rnglists
                0x00000000000000de       0x21 ./Core/Src/main.o
 .debug_rnglists
                0x00000000000000ff       0x39 ./Core/Src/remote_control.o
 .debug_rnglists
                0x0000000000000138       0x13 ./Core/Src/stm32f4xx_hal_msp.o
 .debug_rnglists
                0x000000000000014b       0x67 ./Core/Src/stm32f4xx_it.o
 .debug_rnglists
                0x00000000000001b2       0x1a ./Core/Src/system_stm32f4xx.o
 .debug_rnglists
                0x00000000000001cc       0x6c ./Core/Src/tim.o
 .debug_rnglists
                0x0000000000000238       0x20 ./Core/Src/usart.o
 .debug_rnglists
                0x0000000000000258       0x19 ./Core/Startup/startup_stm32f411ccux.o
 .debug_rnglists
                0x0000000000000271      0x37d ./Core/Static_Src/bmi160.o
 .debug_rnglists
                0x00000000000005ee       0x32 ./Core/Static_Src/bridge_common.o
 .debug_rnglists
                0x0000000000000620       0x7b ./Core/Static_Src/drone.o
 .debug_rnglists
                0x000000000000069b       0x19 ./Core/Static_Src/init.o
 .debug_rnglists
                0x00000000000006b4       0x37 ./Core/Static_Src/queue.o
 .debug_rnglists
                0x00000000000006eb       0x79 ./Core/Static_Src/syscalls.o
 .debug_rnglists
                0x0000000000000764       0x13 ./Core/Static_Src/sysmem.o
 .debug_rnglists
                0x0000000000000777       0xaf ./Drivers/STM32F4xx_HAL_Driver/Src/stm32f4xx_hal.o
 .debug_rnglists
                0x0000000000000826       0xce ./Drivers/STM32F4xx_HAL_Driver/Src/stm32f4xx_hal_cortex.o
 .debug_rnglists
                0x00000000000008f4       0x70 ./Drivers/STM32F4xx_HAL_Driver/Src/stm32f4xx_hal_dma.o
 .debug_rnglists
                0x0000000000000964       0x3f ./Drivers/STM32F4xx_HAL_Driver/Src/stm32f4xx_hal_gpio.o
 .debug_rnglists
                0x00000000000009a3      0x235 ./Drivers/STM32F4xx_HAL_Driver/Src/stm32f4xx_hal_i2c.o
 .debug_rnglists
                0x0000000000000bd8       0x66 ./Drivers/STM32F4xx_HAL_Driver/Src/stm32f4xx_hal_rcc.o
 .debug_rnglists
                0x0000000000000c3e      0x32f ./Drivers/STM32F4xx_HAL_Driver/Src/stm32f4xx_hal_tim.o
 .debug_rnglists
                0x0000000000000f6d      0x125 ./Drivers/STM32F4xx_HAL_Driver/Src/stm32f4xx_hal_tim_ex.o
 .debug_rnglists
                0x0000000000001092      0x1d7 ./Drivers/STM32F4xx_HAL_Driver/Src/stm32f4xx_hal_uart.o

.debug_macro    0x0000000000000000    0x18d7f
 .debug_macro   0x0000000000000000      0x419 ./Core/Src/bridge.o
 .debug_macro   0x0000000000000419      0x118 ./Core/Src/bridge.o
 .debug_macro   0x0000000000000531       0x22 ./Core/Src/bridge.o
 .debug_macro   0x0000000000000553       0x5b ./Core/Src/bridge.o
 .debug_macro   0x00000000000005ae       0x94 ./Core/Src/bridge.o
 .debug_macro   0x0000000000000642       0x57 ./Core/Src/bridge.o
 .debug_macro   0x0000000000000699      0x119 ./Core/Src/bridge.o
 .debug_macro   0x00000000000007b2       0x10 ./Core/Src/bridge.o
 .debug_macro   0x00000000000007c2       0x1c ./Core/Src/bridge.o
 .debug_macro   0x00000000000007de       0x52 ./Core/Src/bridge.o
 .debug_macro   0x0000000000000830       0x22 ./Core/Src/bridge.o
 .debug_macro   0x0000000000000852       0x10 ./Core/Src/bridge.o
 .debug_macro   0x0000000000000862       0x52 ./Core/Src/bridge.o
 .debug_macro   0x00000000000008b4       0xcf ./Core/Src/bridge.o
 .debug_macro   0x0000000000000983       0x1c ./Core/Src/bridge.o
 .debug_macro   0x000000000000099f       0x3d ./Core/Src/bridge.o
 .debug_macro   0x00000000000009dc      0x18a ./Core/Src/bridge.o
 .debug_macro   0x0000000000000b66       0x16 ./Core/Src/bridge.o
 .debug_macro   0x0000000000000b7c       0x16 ./Core/Src/bridge.o
 .debug_macro   0x0000000000000b92       0x20 ./Core/Src/bridge.o
 .debug_macro   0x0000000000000bb2       0x2e ./Core/Src/bridge.o
 .debug_macro   0x0000000000000be0       0x28 ./Core/Src/bridge.o
 .debug_macro   0x0000000000000c08       0x1c ./Core/Src/bridge.o
 .debug_macro   0x0000000000000c24       0x22 ./Core/Src/bridge.o
 .debug_macro   0x0000000000000c46       0xd9 ./Core/Src/bridge.o
 .debug_macro   0x0000000000000d1f     0x102d ./Core/Src/bridge.o
 .debug_macro   0x0000000000001d4c      0x11f ./Core/Src/bridge.o
 .debug_macro   0x0000000000001e6b     0xb953 ./Core/Src/bridge.o
 .debug_macro   0x000000000000d7be       0x6d ./Core/Src/bridge.o
 .debug_macro   0x000000000000d82b      0x2a1 ./Core/Src/bridge.o
 .debug_macro   0x000000000000dacc     0x367e ./Core/Src/bridge.o
 .debug_macro   0x000000000001114a       0x56 ./Core/Src/bridge.o
 .debug_macro   0x00000000000111a0      0x447 ./Core/Src/bridge.o
 .debug_macro   0x00000000000115e7      0x9fe ./Core/Src/bridge.o
 .debug_macro   0x0000000000011fe5      0x115 ./Core/Src/bridge.o
 .debug_macro   0x00000000000120fa      0x11b ./Core/Src/bridge.o
 .debug_macro   0x0000000000012215       0xa5 ./Core/Src/bridge.o
 .debug_macro   0x00000000000122ba      0x15f ./Core/Src/bridge.o
 .debug_macro   0x0000000000012419      0x287 ./Core/Src/bridge.o
 .debug_macro   0x00000000000126a0       0x5f ./Core/Src/bridge.o
 .debug_macro   0x00000000000126ff      0x236 ./Core/Src/bridge.o
 .debug_macro   0x0000000000012935      0x132 ./Core/Src/bridge.o
 .debug_macro   0x0000000000012a67      0x264 ./Core/Src/bridge.o
 .debug_macro   0x0000000000012ccb       0x2e ./Core/Src/bridge.o
 .debug_macro   0x0000000000012cf9      0x1b5 ./Core/Src/bridge.o
 .debug_macro   0x0000000000012eae       0x22 ./Core/Src/bridge.o
 .debug_macro   0x0000000000012ed0       0xd6 ./Core/Src/bridge.o
 .debug_macro   0x0000000000012fa6      0x11a ./Core/Src/bridge.o
 .debug_macro   0x00000000000130c0       0x85 ./Core/Src/bridge.o
 .debug_macro   0x0000000000013145       0x89 ./Core/Src/bridge.o
 .debug_macro   0x00000000000131ce      0x8e6 ./Core/Src/bridge.o
 .debug_macro   0x0000000000013ab4       0x47 ./Core/Src/bridge.o
 .debug_macro   0x0000000000013afb      0x29c ./Core/Src/bridge.o
 .debug_macro   0x0000000000013d97      0x126 ./Core/Src/bridge.o
 .debug_macro   0x0000000000013ebd      0xb90 ./Core/Src/bridge.o
 .debug_macro   0x0000000000014a4d       0x10 ./Core/Src/bridge.o
 .debug_macro   0x0000000000014a5d      0x200 ./Core/Src/dma.o
 .debug_macro   0x0000000000014c5d       0x5c ./Core/Src/dma.o
 .debug_macro   0x0000000000014cb9       0xd0 ./Core/Src/dma.o
 .debug_macro   0x0000000000014d89      0x3df ./Core/Src/flight_control.o
 .debug_macro   0x0000000000015168       0xd6 ./Core/Src/flight_control.o