D:/BBB/stm32/workspace_1.13.2/F411_FC_STATIC/Src/quaternion.c:7:6:quaternion_normalize	8	static
D:/BBB/stm32/workspace_1.13.2/F411_FC_STATIC/Src/quaternion.c:22:6:quaternion_multiply	0	static
D:/BBB/stm32/workspace_1.13.2/F411_FC_STATIC/Src/quaternion.c:43:6:quaternion_rotate	0	static
D:/BBB/stm32/workspace_1.13.2/F411_FC_STATIC/Src/quaternion.c:73:6:quaternion_conjugate	0	static
D:/BBB/stm32/workspace_1.13.2/F411_FC_STATIC/Src/quaternion.c:80:6:quaternion_scale	0	static
D:/BBB/stm32/workspace_1.13.2/F411_FC_STATIC/Src/quaternion.c:87:6:quaternion_add	0	static
D:/BBB/stm32/workspace_1.13.2/F411_FC_STATIC/Src/quaternion.c:98:6:quaternion_to_euler	48	static
